******************************************************************************
            TI ARM Clang Linker PC v4.0.4                      
******************************************************************************
>> Linked Mon Jul 13 20:01:13 2026

OUTPUT FILE NAME:   <06-Key-ADC.out>
ENTRY POINT SYMBOL: "_c_int00_noargs"  address: 00002979


MEMORY CONFIGURATION

         name            origin    length      used     unused   attr    fill
----------------------  --------  ---------  --------  --------  ----  --------
  FLASH                 00000000   00020000  00002b20  0001d4e0  R  X
  SRAM                  20200000   00008000  00000681  0000797f  RW X
  BCR_CONFIG            41c00000   000000ff  00000000  000000ff  R   
  BSL_CONFIG            41c00100   00000080  00000000  00000080  R   


SEGMENT ALLOCATION MAP

run origin  load origin   length   init length attrs members
----------  ----------- ---------- ----------- ----- -------
00000000    00000000    00002b20   00002b20    r-x
  00000000    00000000    000000c0   000000c0    r-- .intvecs
  000000c0    000000c0    000029f0   000029f0    r-x .text
  00002ab0    00002ab0    00000040   00000040    r-- .rodata
  00002af0    00002af0    00000030   00000030    r-- .cinit
20200000    20200000    00000481   00000000    rw-
  20200000    20200000    00000480   00000000    rw- .bss
  20200480    20200480    00000001   00000000    rw- .data
20207e00    20207e00    00000200   00000000    rw-
  20207e00    20207e00    00000200   00000000    rw- .stack


SECTION ALLOCATION MAP

 output                                  attributes/
section   page    origin      length       input sections
--------  ----  ----------  ----------   ----------------
.intvecs   0    00000000    000000c0     
                  00000000    000000c0     startup_mspm0g350x_ticlang.o (.intvecs)

.text      0    000000c0    000029f0     
                  000000c0    000015f4     oled.o (.text.OLED_Init)
                  000016b4    00000a90     oled.o (.text.OLED_Clear)
                  00002144    00000250     oled.o (.text.OLED_Refresh)
                  00002394    0000009a     libc.a : memcpy16.S.obj (.text:memcpy)
                  0000242e    00000002     startup_mspm0g350x_ticlang.o (.text.Default_Handler)
                  00002430    0000008c     ti_msp_dl_config.o (.text.SYSCFG_DL_GPIO_init)
                  000024bc    0000007c     libc.a : copy_decompress_lzss.c.obj (.text:decompress:lzss)
                  00002538    00000074     main.o (.text.main)
                  000025ac    00000070     ti_msp_dl_config.o (.text.SYSCFG_DL_Serial_init)
                  0000261c    00000062     libc.a : memset16.S.obj (.text:memset)
                  0000267e    00000002     --HOLE-- [fill = 0]
                  00002680    00000060     ti_msp_dl_config.o (.text.SYSCFG_DL_OLED_init)
                  000026e0    0000005e     driverlib.a : dl_i2c.o (.text.DL_I2C_fillControllerTXFIFO)
                  0000273e    00000002     --HOLE-- [fill = 0]
                  00002740    00000054     ti_msp_dl_config.o (.text.SYSCFG_DL_initPower)
                  00002794    0000004c     ti_msp_dl_config.o (.text.SYSCFG_DL_POT_init)
                  000027e0    00000048     driverlib.a : dl_uart.o (.text.DL_UART_init)
                  00002828    00000040                 : dl_adc12.o (.text.DL_ADC12_setClockConfig)
                  00002868    00000040     ti_msp_dl_config.o (.text.SYSCFG_DL_SYSCTL_init)
                  000028a8    0000003c     libc.a : autoinit.c.obj (.text:__TI_auto_init_nobinit_nopinit)
                  000028e4    0000003a     Serial.o (.text.UART_send_string)
                  0000291e    00000002     --HOLE-- [fill = 0]
                  00002920    00000030     driverlib.a : dl_uart.o (.text.DL_UART_transmitDataBlocking)
                  00002950    00000028     Serial.o (.text.UART0_IRQHandler)
                  00002978    00000028     libc.a : boot_cortex_m.c.obj (.text:_c_int00_noargs)
                  000029a0    00000026     driverlib.a : dl_i2c.o (.text.DL_I2C_setClockConfig)
                  000029c6    00000022                 : dl_vref.o (.text.DL_VREF_configReference)
                  000029e8    00000020     ti_msp_dl_config.o (.text.SYSCFG_DL_init)
                  00002a08    0000001c     main.o (.text.GROUP1_IRQHandler)
                  00002a24    00000014     ti_msp_dl_config.o (.text.SYSCFG_DL_VREF_init)
                  00002a38    00000012     driverlib.a : dl_uart.o (.text.DL_UART_setClockConfig)
                  00002a4a    00000012     libc.a : copy_decompress_none.c.obj (.text:decompress:none)
                  00002a5c    00000010            : copy_zero_init.c.obj (.text:decompress:ZI)
                  00002a6c    0000000e     delay.o (.text.delay_ms)
                  00002a7a    00000002     --HOLE-- [fill = 0]
                  00002a7c    0000000c     libclang_rt.builtins.a : aeabi_memset.S.obj (.text.__aeabi_memclr)
                  00002a88    0000000a     driverlib.a : dl_common.o (.text.DL_Common_delayCycles)
                  00002a92    00000002     --HOLE-- [fill = 0]
                  00002a94    00000008     libclang_rt.builtins.a : aeabi_memcpy.S.obj (.text.__aeabi_memcpy)
                  00002a9c    00000006     libc.a : exit.c.obj (.text:abort)
                  00002aa2    00000004     libsysbm.a : hostexit.c.obj (.text.HOSTexit)
                  00002aa6    00000004     startup_mspm0g350x_ticlang.o (.text.Reset_Handler)
                  00002aaa    00000004     libc.a : pre_init.c.obj (.text._system_pre_init)
                  00002aae    00000002     --HOLE-- [fill = 0]

.cinit     0    00002af0    00000030     
                  00002af0    0000000c     (__TI_handler_table)
                  00002afc    00000008     (.cinit..bss.load) [load image, compression = zero_init]
                  00002b04    00000005     (.cinit..data.load) [load image, compression = lzss]
                  00002b09    00000003     --HOLE-- [fill = 0]
                  00002b0c    00000010     (__TI_cinit_table)
                  00002b1c    00000004     --HOLE-- [fill = 0]

.rodata    0    00002ab0    00000040     
                  00002ab0    0000000f     main.o (.rodata.str1.17100691992556644108.4)
                  00002abf    00000001     --HOLE-- [fill = 0]
                  00002ac0    0000000f     main.o (.rodata.str1.8154729771448623357.4)
                  00002acf    00000001     --HOLE-- [fill = 0]
                  00002ad0    0000000a     ti_msp_dl_config.o (.rodata.gSerialConfig)
                  00002ada    00000002     ti_msp_dl_config.o (.rodata.gOLEDClockConfig)
                  00002adc    00000008     ti_msp_dl_config.o (.rodata.gPOTClockConfig)
                  00002ae4    00000008     ti_msp_dl_config.o (.rodata.gVREFConfig)
                  00002aec    00000002     ti_msp_dl_config.o (.rodata.gSerialClockConfig)
                  00002aee    00000002     --HOLE-- [fill = 0]

.init_array 
*          0    00000000    00000000     UNINITIALIZED

.binit     0    00000000    00000000     

.bss       0    20200000    00000480     UNINITIALIZED
                  20200000    00000480     (.common:OLED_GRAM)

.data      0    20200480    00000001     UNINITIALIZED
                  20200480    00000001     main.o (.data.status)

.stack     0    20207e00    00000200     UNINITIALIZED
                  20207e00    00000004     libc.a : boot_cortex_m.c.obj (.stack)
                  20207e04    000001fc     --HOLE--

__llvm_prf_cnts 
*          0    20200000    00000000     UNINITIALIZED

__llvm_prf_bits 
*          0    20200000    00000000     UNINITIALIZED

MODULE SUMMARY

       Module                         code    ro data   rw data
       ------                         ----    -------   -------
    .\
       oled.o                         8916    0         1152   
       ti_msp_dl_config.o             624     30        0      
       startup_mspm0g350x_ticlang.o   6       192       0      
       main.o                         144     30        1      
       Serial.o                       98      0         0      
       delay.o                        14      0         0      
    +--+------------------------------+-------+---------+---------+
       Total:                         9802    252       1153   
                                                               
    C:/TI/mspm0_sdk_2_10_00_04/source/ti/driverlib/lib/ticlang/m0p/mspm0g1x0x_g3x0x/driverlib.a
       dl_uart.o                      138     0         0      
       dl_i2c.o                       132     0         0      
       dl_adc12.o                     64      0         0      
       dl_vref.o                      34      0         0      
       dl_common.o                    10      0         0      
    +--+------------------------------+-------+---------+---------+
       Total:                         378     0         0      
                                                               
    D:\ti\ccs\ccs\tools\compiler\ti-cgt-armllvm_4.0.4.LTS\lib\armv6m-ti-none-eabi/c/libc.a
       memcpy16.S.obj                 154     0         0      
       copy_decompress_lzss.c.obj     124     0         0      
       memset16.S.obj                 98      0         0      
       autoinit.c.obj                 60      0         0      
       boot_cortex_m.c.obj            40      0         0      
       copy_decompress_none.c.obj     18      0         0      
       copy_zero_init.c.obj           16      0         0      
       exit.c.obj                     6       0         0      
       pre_init.c.obj                 4       0         0      
    +--+------------------------------+-------+---------+---------+
       Total:                         520     0         0      
                                                               
    D:\ti\ccs\ccs\tools\compiler\ti-cgt-armllvm_4.0.4.LTS\lib\armv6m-ti-none-eabi/c/libsysbm.a
       hostexit.c.obj                 4       0         0      
    +--+------------------------------+-------+---------+---------+
       Total:                         4       0         0      
                                                               
    D:\ti\ccs\ccs\tools\compiler\ti-cgt-armllvm_4.0.4.LTS\lib\armv6m-ti-none-eabi/libclang_rt.builtins.a
       aeabi_memset.S.obj             12      0         0      
       aeabi_memcpy.S.obj             8       0         0      
    +--+------------------------------+-------+---------+---------+
       Total:                         20      0         0      
                                                               
       Stack:                         0       0         512    
       Linker Generated:              0       41        0      
    +--+------------------------------+-------+---------+---------+
       Grand Total:                   10724   293       1665   


LINKER GENERATED COPY TABLES

__TI_cinit_table @ 00002b0c records: 2, size/record: 8, table size: 16
	.bss: load addr=00002afc, load size=00000008 bytes, run addr=20200000, run size=00000480 bytes, compression=zero_init
	.data: load addr=00002b04, load size=00000005 bytes, run addr=20200480, run size=00000001 bytes, compression=lzss


LINKER GENERATED HANDLER TABLE

__TI_handler_table @ 00002af0 records: 3, size/record: 4, table size: 12
	index: 0, handler: __TI_decompress_lzss
	index: 1, handler: __TI_decompress_none
	index: 2, handler: __TI_zero_init


GLOBAL SYMBOLS: SORTED ALPHABETICALLY BY Name 

address   name                          
-------   ----                          
0000242f  ADC0_IRQHandler               
0000242f  ADC1_IRQHandler               
0000242f  AES_IRQHandler                
00002aa2  C$$EXIT                       
0000242f  CANFD0_IRQHandler             
0000242f  DAC0_IRQHandler               
00002829  DL_ADC12_setClockConfig       
00002a89  DL_Common_delayCycles         
000026e1  DL_I2C_fillControllerTXFIFO   
000029a1  DL_I2C_setClockConfig         
000027e1  DL_UART_init                  
00002a39  DL_UART_setClockConfig        
00002921  DL_UART_transmitDataBlocking  
000029c7  DL_VREF_configReference       
0000242f  DMA_IRQHandler                
0000242f  Default_Handler               
0000242f  GROUP0_IRQHandler             
00002a09  GROUP1_IRQHandler             
00002aa3  HOSTexit                      
0000242f  HardFault_Handler             
0000242f  I2C0_IRQHandler               
0000242f  I2C1_IRQHandler               
0000242f  NMI_Handler                   
000016b5  OLED_Clear                    
20200000  OLED_GRAM                     
000000c1  OLED_Init                     
00002145  OLED_Refresh                  
0000242f  PendSV_Handler                
0000242f  RTC_IRQHandler                
00002aa7  Reset_Handler                 
0000242f  SPI0_IRQHandler               
0000242f  SPI1_IRQHandler               
0000242f  SVC_Handler                   
00002431  SYSCFG_DL_GPIO_init           
00002681  SYSCFG_DL_OLED_init           
00002795  SYSCFG_DL_POT_init            
00002869  SYSCFG_DL_SYSCTL_init         
000025ad  SYSCFG_DL_Serial_init         
00002a25  SYSCFG_DL_VREF_init           
000029e9  SYSCFG_DL_init                
00002741  SYSCFG_DL_initPower           
0000242f  SysTick_Handler               
0000242f  TIMA0_IRQHandler              
0000242f  TIMA1_IRQHandler              
0000242f  TIMG0_IRQHandler              
0000242f  TIMG12_IRQHandler             
0000242f  TIMG6_IRQHandler              
0000242f  TIMG7_IRQHandler              
0000242f  TIMG8_IRQHandler              
00002951  UART0_IRQHandler              
0000242f  UART1_IRQHandler              
0000242f  UART2_IRQHandler              
0000242f  UART3_IRQHandler              
000028e5  UART_send_string              
20208000  __STACK_END                   
00000200  __STACK_SIZE                  
00000000  __TI_ATRegion0_region_sz      
00000000  __TI_ATRegion0_src_addr       
00000000  __TI_ATRegion0_trg_addr       
00000000  __TI_ATRegion1_region_sz      
00000000  __TI_ATRegion1_src_addr       
00000000  __TI_ATRegion1_trg_addr       
00000000  __TI_ATRegion2_region_sz      
00000000  __TI_ATRegion2_src_addr       
00000000  __TI_ATRegion2_trg_addr       
00002b0c  __TI_CINIT_Base               
00002b1c  __TI_CINIT_Limit              
00002b1c  __TI_CINIT_Warm               
00002af0  __TI_Handler_Table_Base       
00002afc  __TI_Handler_Table_Limit      
000028a9  __TI_auto_init_nobinit_nopinit
000024bd  __TI_decompress_lzss          
00002a4b  __TI_decompress_none          
ffffffff  __TI_pprof_out_hndl           
ffffffff  __TI_prof_data_size           
ffffffff  __TI_prof_data_start          
00000000  __TI_static_base__            
00002a5d  __TI_zero_init                
00002a7d  __aeabi_memclr                
00002a7d  __aeabi_memclr4               
00002a7d  __aeabi_memclr8               
00002a95  __aeabi_memcpy                
00002a95  __aeabi_memcpy4               
00002a95  __aeabi_memcpy8               
ffffffff  __binit__                     
UNDEFED   __mpu_init                    
20207e00  __stack                       
20200000  __start___llvm_prf_bits       
20200000  __start___llvm_prf_cnts       
20200000  __stop___llvm_prf_bits        
20200000  __stop___llvm_prf_cnts        
00002979  _c_int00_noargs               
UNDEFED   _system_post_cinit            
00002aab  _system_pre_init              
00002a9d  abort                         
ffffffff  binit                         
00002a6d  delay_ms                      
00000000  interruptVectors              
00002539  main                          
00002395  memcpy                        
0000261d  memset                        
20200480  status                        


GLOBAL SYMBOLS: SORTED BY Symbol Address 

address   name                          
-------   ----                          
00000000  __TI_ATRegion0_region_sz      
00000000  __TI_ATRegion0_src_addr       
00000000  __TI_ATRegion0_trg_addr       
00000000  __TI_ATRegion1_region_sz      
00000000  __TI_ATRegion1_src_addr       
00000000  __TI_ATRegion1_trg_addr       
00000000  __TI_ATRegion2_region_sz      
00000000  __TI_ATRegion2_src_addr       
00000000  __TI_ATRegion2_trg_addr       
00000000  __TI_static_base__            
00000000  interruptVectors              
000000c1  OLED_Init                     
00000200  __STACK_SIZE                  
000016b5  OLED_Clear                    
00002145  OLED_Refresh                  
00002395  memcpy                        
0000242f  ADC0_IRQHandler               
0000242f  ADC1_IRQHandler               
0000242f  AES_IRQHandler                
0000242f  CANFD0_IRQHandler             
0000242f  DAC0_IRQHandler               
0000242f  DMA_IRQHandler                
0000242f  Default_Handler               
0000242f  GROUP0_IRQHandler             
0000242f  HardFault_Handler             
0000242f  I2C0_IRQHandler               
0000242f  I2C1_IRQHandler               
0000242f  NMI_Handler                   
0000242f  PendSV_Handler                
0000242f  RTC_IRQHandler                
0000242f  SPI0_IRQHandler               
0000242f  SPI1_IRQHandler               
0000242f  SVC_Handler                   
0000242f  SysTick_Handler               
0000242f  TIMA0_IRQHandler              
0000242f  TIMA1_IRQHandler              
0000242f  TIMG0_IRQHandler              
0000242f  TIMG12_IRQHandler             
0000242f  TIMG6_IRQHandler              
0000242f  TIMG7_IRQHandler              
0000242f  TIMG8_IRQHandler              
0000242f  UART1_IRQHandler              
0000242f  UART2_IRQHandler              
0000242f  UART3_IRQHandler              
00002431  SYSCFG_DL_GPIO_init           
000024bd  __TI_decompress_lzss          
00002539  main                          
000025ad  SYSCFG_DL_Serial_init         
0000261d  memset                        
00002681  SYSCFG_DL_OLED_init           
000026e1  DL_I2C_fillControllerTXFIFO   
00002741  SYSCFG_DL_initPower           
00002795  SYSCFG_DL_POT_init            
000027e1  DL_UART_init                  
00002829  DL_ADC12_setClockConfig       
00002869  SYSCFG_DL_SYSCTL_init         
000028a9  __TI_auto_init_nobinit_nopinit
000028e5  UART_send_string              
00002921  DL_UART_transmitDataBlocking  
00002951  UART0_IRQHandler              
00002979  _c_int00_noargs               
000029a1  DL_I2C_setClockConfig         
000029c7  DL_VREF_configReference       
000029e9  SYSCFG_DL_init                
00002a09  GROUP1_IRQHandler             
00002a25  SYSCFG_DL_VREF_init           
00002a39  DL_UART_setClockConfig        
00002a4b  __TI_decompress_none          
00002a5d  __TI_zero_init                
00002a6d  delay_ms                      
00002a7d  __aeabi_memclr                
00002a7d  __aeabi_memclr4               
00002a7d  __aeabi_memclr8               
00002a89  DL_Common_delayCycles         
00002a95  __aeabi_memcpy                
00002a95  __aeabi_memcpy4               
00002a95  __aeabi_memcpy8               
00002a9d  abort                         
00002aa2  C$$EXIT                       
00002aa3  HOSTexit                      
00002aa7  Reset_Handler                 
00002aab  _system_pre_init              
00002af0  __TI_Handler_Table_Base       
00002afc  __TI_Handler_Table_Limit      
00002b0c  __TI_CINIT_Base               
00002b1c  __TI_CINIT_Limit              
00002b1c  __TI_CINIT_Warm               
20200000  OLED_GRAM                     
20200000  __start___llvm_prf_bits       
20200000  __start___llvm_prf_cnts       
20200000  __stop___llvm_prf_bits        
20200000  __stop___llvm_prf_cnts        
20200480  status                        
20207e00  __stack                       
20208000  __STACK_END                   
ffffffff  __TI_pprof_out_hndl           
ffffffff  __TI_prof_data_size           
ffffffff  __TI_prof_data_start          
ffffffff  __binit__                     
ffffffff  binit                         
UNDEFED   __mpu_init                    
UNDEFED   _system_post_cinit            

[102 symbols]
