******************************************************************************
            TI ARM Clang Linker PC v4.0.4                      
******************************************************************************
>> Linked Sun Jun  7 23:40:34 2026

OUTPUT FILE NAME:   <06-Key-ADC.out>
ENTRY POINT SYMBOL: "_c_int00_noargs"  address: 0000369d


MEMORY CONFIGURATION

         name            origin    length      used     unused   attr    fill
----------------------  --------  ---------  --------  --------  ----  --------
  FLASH                 00000000   00020000  000051f0  0001ae10  R  X
  SRAM                  20200000   00008000  00000685  0000797b  RW X
  BCR_CONFIG            41c00000   000000ff  00000000  000000ff  R   
  BSL_CONFIG            41c00100   00000080  00000000  00000080  R   


SEGMENT ALLOCATION MAP

run origin  load origin   length   init length attrs members
----------  ----------- ---------- ----------- ----- -------
00000000    00000000    000051f0   000051f0    r-x
  00000000    00000000    000000c0   000000c0    r-- .intvecs
  000000c0    000000c0    000037c0   000037c0    r-x .text
  00003880    00003880    00001940   00001940    r-- .rodata
  000051c0    000051c0    00000030   00000030    r-- .cinit
20200000    20200000    00000485   00000000    rw-
  20200000    20200000    00000480   00000000    rw- .bss
  20200480    20200480    00000005   00000000    rw- .data
20207e00    20207e00    00000200   00000000    rw-
  20207e00    20207e00    00000200   00000000    rw- .stack


SECTION ALLOCATION MAP

 output                                  attributes/
section   page    origin      length       input sections
--------  ----  ----------  ----------   ----------------
.intvecs   0    00000000    000000c0     
                  00000000    000000c0     startup_mspm0g350x_ticlang.o (.intvecs)

.text      0    000000c0    000037c0     
                  000000c0    000015f4     oled.o (.text.OLED_Init)
                  000016b4    00000a90     oled.o (.text.OLED_Clear)
                  00002144    00000868     libc.a : _printfi.c.obj (.text:__TI_printfi_nofloat)
                  000029ac    00000260     oled.o (.text.OLED_ShowString)
                  00002c0c    00000250     oled.o (.text.OLED_Refresh)
                  00002e5c    000000bc     main.o (.text.main)
                  00002f18    000000a2     libclang_rt.builtins.a : udivmoddi4.S.obj (.text)
                  00002fba    0000009a     libc.a : memcpy16.S.obj (.text:memcpy)
                  00003054    00000090     ti_msp_dl_config.o (.text.SYSCFG_DL_GPIO_init)
                  000030e4    0000007c     libc.a : copy_decompress_lzss.c.obj (.text:decompress:lzss)
                  00003160    00000070     ti_msp_dl_config.o (.text.SYSCFG_DL_Serial_init)
                  000031d0    00000062     libc.a : memset16.S.obj (.text:memset)
                  00003232    00000002     startup_mspm0g350x_ticlang.o (.text.Default_Handler)
                  00003234    00000060     ti_msp_dl_config.o (.text.SYSCFG_DL_OLED_init)
                  00003294    0000005e     driverlib.a : dl_i2c.o (.text.DL_I2C_fillControllerTXFIFO)
                  000032f2    00000002     libclang_rt.builtins.a : aeabi_div0.c.obj (.text.__aeabi_idiv0)
                  000032f4    00000054     ti_msp_dl_config.o (.text.SYSCFG_DL_initPower)
                  00003348    0000004c     ti_msp_dl_config.o (.text.SYSCFG_DL_POT_init)
                  00003394    0000004c     libc.a : snprintf.c.obj (.text.snprintf)
                  000033e0    00000048     driverlib.a : dl_uart.o (.text.DL_UART_init)
                  00003428    00000040                 : dl_adc12.o (.text.DL_ADC12_setClockConfig)
                  00003468    00000040     ti_msp_dl_config.o (.text.SYSCFG_DL_SYSCTL_init)
                  000034a8    00000040     libclang_rt.builtins.a : aeabi_uidivmod.S.obj (.text.__aeabi_uidivmod)
                  000034e8    00000040     libc.a : atoi.c.obj (.text.atoi)
                  00003528    0000003c            : autoinit.c.obj (.text:__TI_auto_init_nobinit_nopinit)
                  00003564    0000003a     Serial.o (.text.UART_send_string)
                  0000359e    00000002     libclang_rt.builtins.a : aeabi_div0.c.obj (.text.__aeabi_ldiv0)
                  000035a0    0000003a                            : muldsi3.S.obj (.text.__muldsi3)
                  000035da    00000002     --HOLE-- [fill = 0]
                  000035dc    00000038     main.o (.text.GROUP1_IRQHandler)
                  00003614    00000030     driverlib.a : dl_uart.o (.text.DL_UART_transmitDataBlocking)
                  00003644    00000030     libc.a : snprintf.c.obj (.text._outs)
                  00003674    00000028     Serial.o (.text.UART0_IRQHandler)
                  0000369c    00000028     libc.a : boot_cortex_m.c.obj (.text:_c_int00_noargs)
                  000036c4    00000026     driverlib.a : dl_i2c.o (.text.DL_I2C_setClockConfig)
                  000036ea    00000002     --HOLE-- [fill = 0]
                  000036ec    00000024     libclang_rt.builtins.a : muldi3.S.obj (.text.__muldi3)
                  00003710    00000022     driverlib.a : dl_vref.o (.text.DL_VREF_configReference)
                  00003732    00000022     libc.a : memccpy.c.obj (.text.memccpy)
                  00003754    00000020     ti_msp_dl_config.o (.text.SYSCFG_DL_init)
                  00003774    0000001e     libclang_rt.builtins.a : ashldi3.S.obj (.text.__ashldi3)
                  00003792    00000018     libc.a : snprintf.c.obj (.text._outc)
                  000037aa    00000002     --HOLE-- [fill = 0]
                  000037ac    00000014     ti_msp_dl_config.o (.text.SYSCFG_DL_VREF_init)
                  000037c0    00000014     libclang_rt.builtins.a : aeabi_uldivmod.S.obj (.text.__aeabi_uldivmod)
                  000037d4    00000012     driverlib.a : dl_uart.o (.text.DL_UART_setClockConfig)
                  000037e6    00000012     libc.a : copy_decompress_none.c.obj (.text:decompress:none)
                  000037f8    00000010            : wcslen.c.obj (.text.wcslen)
                  00003808    00000010            : copy_zero_init.c.obj (.text:decompress:ZI)
                  00003818    0000000e     libclang_rt.builtins.a : aeabi_memset.S.obj (.text.__aeabi_memset)
                  00003826    0000000e     delay.o (.text.delay_ms)
                  00003834    0000000e     libc.a : _printfi.c.obj (.text.strlen)
                  00003842    00000002     --HOLE-- [fill = 0]
                  00003844    0000000c     libclang_rt.builtins.a : aeabi_memset.S.obj (.text.__aeabi_memclr)
                  00003850    0000000a     driverlib.a : dl_common.o (.text.DL_Common_delayCycles)
                  0000385a    00000002     --HOLE-- [fill = 0]
                  0000385c    00000008     libc.a : aeabi_portable.c.obj (.text.__aeabi_errno_addr)
                  00003864    00000008     libclang_rt.builtins.a : aeabi_memcpy.S.obj (.text.__aeabi_memcpy)
                  0000386c    00000006     libc.a : exit.c.obj (.text:abort)
                  00003872    00000004     libsysbm.a : hostexit.c.obj (.text.HOSTexit)
                  00003876    00000004     startup_mspm0g350x_ticlang.o (.text.Reset_Handler)
                  0000387a    00000004     libc.a : pre_init.c.obj (.text._system_pre_init)
                  0000387e    00000002     --HOLE-- [fill = 0]

.cinit     0    000051c0    00000030     
                  000051c0    0000000c     (__TI_handler_table)
                  000051cc    00000008     (.cinit..bss.load) [load image, compression = zero_init]
                  000051d4    00000007     (.cinit..data.load) [load image, compression = lzss]
                  000051db    00000001     --HOLE-- [fill = 0]
                  000051dc    00000010     (__TI_cinit_table)
                  000051ec    00000004     --HOLE-- [fill = 0]

.rodata    0    00003880    00001940     
                  00003880    00000d5c     oled.o (.rodata.asc2_2412)
                  000045dc    000005f0     oled.o (.rodata.asc2_1608)
                  00004bcc    00000474     oled.o (.rodata.asc2_1206)
                  00005040    00000101     libc.a : aeabi_ctype.S.obj (.rodata:__aeabi_ctype_table_)
                  00005141    00000011            : _printfi.c.obj (.rodata.str1.10348868589481759720.1)
                  00005152    00000011            : _printfi.c.obj (.rodata.str1.15363888844622738466.1)
                  00005163    00000010     main.o (.rodata.str1.15159059442110792349.1)
                  00005173    00000001     --HOLE-- [fill = 0]
                  00005174    0000000f     main.o (.rodata.str1.17100691992556644108.4)
                  00005183    00000001     --HOLE-- [fill = 0]
                  00005184    0000000f     main.o (.rodata.str1.8154729771448623357.4)
                  00005193    00000001     --HOLE-- [fill = 0]
                  00005194    0000000a     ti_msp_dl_config.o (.rodata.gSerialConfig)
                  0000519e    00000002     ti_msp_dl_config.o (.rodata.gOLEDClockConfig)
                  000051a0    00000008     ti_msp_dl_config.o (.rodata.gPOTClockConfig)
                  000051a8    00000008     ti_msp_dl_config.o (.rodata.gVREFConfig)
                  000051b0    00000002     ti_msp_dl_config.o (.rodata.gSerialClockConfig)
                  000051b2    0000000e     --HOLE-- [fill = 0]

.init_array 
*          0    00000000    00000000     UNINITIALIZED

.binit     0    00000000    00000000     

.bss       0    20200000    00000480     UNINITIALIZED
                  20200000    00000480     (.common:OLED_GRAM)

.data      0    20200480    00000005     UNINITIALIZED
                  20200480    00000004     libc.a : aeabi_portable.c.obj (.data.__aeabi_errno)
                  20200484    00000001     main.o (.data.status)

.stack     0    20207e00    00000200     UNINITIALIZED
                  20207e00    00000004     libc.a : boot_cortex_m.c.obj (.stack)
                  20207e04    000001fc     --HOLE--

__llvm_prf_cnts 
*          0    20200000    00000000     UNINITIALIZED

__llvm_prf_bits 
*          0    20200000    00000000     UNINITIALIZED

MODULE SUMMARY

       Module                         code    ro data   rw data
       ------                         ----    -------   -------
    .\
       oled.o                         9524    6080      1152   
       ti_msp_dl_config.o             628     30        0      
       main.o                         244     46        1      
       startup_mspm0g350x_ticlang.o   6       192       0      
       Serial.o                       98      0         0      
       delay.o                        14      0         0      
    +--+------------------------------+-------+---------+---------+
       Total:                         10514   6348      1153   
                                                               
    C:/TI/mspm0_sdk_2_10_00_04/source/ti/driverlib/lib/ticlang/m0p/mspm0g1x0x_g3x0x/driverlib.a
       dl_uart.o                      138     0         0      
       dl_i2c.o                       132     0         0      
       dl_adc12.o                     64      0         0      
       dl_vref.o                      34      0         0      
       dl_common.o                    10      0         0      
    +--+------------------------------+-------+---------+---------+
       Total:                         378     0         0      
                                                               
    D:\ti\ccs\ccs\tools\compiler\ti-cgt-armllvm_4.0.4.LTS\lib\armv6m-ti-none-eabi/c/libc.a
       _printfi.c.obj                 2166    34        0      
       aeabi_ctype.S.obj              0       257       0      
       memcpy16.S.obj                 154     0         0      
       snprintf.c.obj                 148     0         0      
       copy_decompress_lzss.c.obj     124     0         0      
       memset16.S.obj                 98      0         0      
       atoi.c.obj                     64      0         0      
       autoinit.c.obj                 60      0         0      
       boot_cortex_m.c.obj            40      0         0      
       memccpy.c.obj                  34      0         0      
       copy_decompress_none.c.obj     18      0         0      
       copy_zero_init.c.obj           16      0         0      
       wcslen.c.obj                   16      0         0      
       aeabi_portable.c.obj           8       0         4      
       exit.c.obj                     6       0         0      
       pre_init.c.obj                 4       0         0      
    +--+------------------------------+-------+---------+---------+
       Total:                         2956    291       4      
                                                               
    D:\ti\ccs\ccs\tools\compiler\ti-cgt-armllvm_4.0.4.LTS\lib\armv6m-ti-none-eabi/c/libsysbm.a
       hostexit.c.obj                 4       0         0      
    +--+------------------------------+-------+---------+---------+
       Total:                         4       0         0      
                                                               
    D:\ti\ccs\ccs\tools\compiler\ti-cgt-armllvm_4.0.4.LTS\lib\armv6m-ti-none-eabi/libclang_rt.builtins.a
       udivmoddi4.S.obj               162     0         0      
       aeabi_uidivmod.S.obj           64      0         0      
       muldsi3.S.obj                  58      0         0      
       muldi3.S.obj                   36      0         0      
       ashldi3.S.obj                  30      0         0      
       aeabi_memset.S.obj             26      0         0      
       aeabi_uldivmod.S.obj           20      0         0      
       aeabi_memcpy.S.obj             8       0         0      
       aeabi_div0.c.obj               4       0         0      
    +--+------------------------------+-------+---------+---------+
       Total:                         408     0         0      
                                                               
       Stack:                         0       0         512    
       Linker Generated:              0       43        0      
    +--+------------------------------+-------+---------+---------+
       Grand Total:                   14260   6682      1669   


LINKER GENERATED COPY TABLES

__TI_cinit_table @ 000051dc records: 2, size/record: 8, table size: 16
	.bss: load addr=000051cc, load size=00000008 bytes, run addr=20200000, run size=00000480 bytes, compression=zero_init
	.data: load addr=000051d4, load size=00000007 bytes, run addr=20200480, run size=00000005 bytes, compression=lzss


LINKER GENERATED HANDLER TABLE

__TI_handler_table @ 000051c0 records: 3, size/record: 4, table size: 12
	index: 0, handler: __TI_decompress_lzss
	index: 1, handler: __TI_decompress_none
	index: 2, handler: __TI_zero_init


GLOBAL SYMBOLS: SORTED ALPHABETICALLY BY Name 

address   name                          
-------   ----                          
00003233  ADC0_IRQHandler               
00003233  ADC1_IRQHandler               
00003233  AES_IRQHandler                
00003872  C$$EXIT                       
00003233  CANFD0_IRQHandler             
00003233  DAC0_IRQHandler               
00003429  DL_ADC12_setClockConfig       
00003851  DL_Common_delayCycles         
00003295  DL_I2C_fillControllerTXFIFO   
000036c5  DL_I2C_setClockConfig         
000033e1  DL_UART_init                  
000037d5  DL_UART_setClockConfig        
00003615  DL_UART_transmitDataBlocking  
00003711  DL_VREF_configReference       
00003233  DMA_IRQHandler                
00003233  Default_Handler               
00003233  GROUP0_IRQHandler             
000035dd  GROUP1_IRQHandler             
00003873  HOSTexit                      
00003233  HardFault_Handler             
00003233  I2C0_IRQHandler               
00003233  I2C1_IRQHandler               
00003233  NMI_Handler                   
000016b5  OLED_Clear                    
20200000  OLED_GRAM                     
000000c1  OLED_Init                     
00002c0d  OLED_Refresh                  
000029ad  OLED_ShowString               
00003233  PendSV_Handler                
00003233  RTC_IRQHandler                
00003877  Reset_Handler                 
00003233  SPI0_IRQHandler               
00003233  SPI1_IRQHandler               
00003233  SVC_Handler                   
00003055  SYSCFG_DL_GPIO_init           
00003235  SYSCFG_DL_OLED_init           
00003349  SYSCFG_DL_POT_init            
00003469  SYSCFG_DL_SYSCTL_init         
00003161  SYSCFG_DL_Serial_init         
000037ad  SYSCFG_DL_VREF_init           
00003755  SYSCFG_DL_init                
000032f5  SYSCFG_DL_initPower           
00003233  SysTick_Handler               
00003233  TIMA0_IRQHandler              
00003233  TIMA1_IRQHandler              
00003233  TIMG0_IRQHandler              
00003233  TIMG12_IRQHandler             
00003233  TIMG6_IRQHandler              
00003233  TIMG7_IRQHandler              
00003233  TIMG8_IRQHandler              
00003675  UART0_IRQHandler              
00003233  UART1_IRQHandler              
00003233  UART2_IRQHandler              
00003233  UART3_IRQHandler              
00003565  UART_send_string              
20208000  __STACK_END                   
00000200  __STACK_SIZE                  
00000000  __TI_ATRegion0_region_sz      
00000000  __TI_ATRegion0_src_addr       
00000000  __TI_ATRegion0_trg_addr       
00000000  __TI_ATRegion1_region_sz      
00000000  __TI_ATRegion1_src_addr       
00000000  __TI_ATRegion1_trg_addr       
00000000  __TI_ATRegion2_region_sz      
00000000  __TI_ATRegion2_src_addr       
00000000  __TI_ATRegion2_trg_addr       
000051dc  __TI_CINIT_Base               
000051ec  __TI_CINIT_Limit              
000051ec  __TI_CINIT_Warm               
000051c0  __TI_Handler_Table_Base       
000051cc  __TI_Handler_Table_Limit      
00003529  __TI_auto_init_nobinit_nopinit
000030e5  __TI_decompress_lzss          
000037e7  __TI_decompress_none          
ffffffff  __TI_pprof_out_hndl           
00002145  __TI_printfi_nofloat          
ffffffff  __TI_prof_data_size           
ffffffff  __TI_prof_data_start          
00000000  __TI_static_base__            
00003809  __TI_zero_init                
00005040  __aeabi_ctype_table_          
00005040  __aeabi_ctype_table_C         
20200480  __aeabi_errno                 
0000385d  __aeabi_errno_addr            
000032f3  __aeabi_idiv0                 
0000359f  __aeabi_ldiv0                 
00003775  __aeabi_llsl                  
000036ed  __aeabi_lmul                  
00003845  __aeabi_memclr                
00003845  __aeabi_memclr4               
00003845  __aeabi_memclr8               
00003865  __aeabi_memcpy                
00003865  __aeabi_memcpy4               
00003865  __aeabi_memcpy8               
00003819  __aeabi_memset                
00003819  __aeabi_memset4               
00003819  __aeabi_memset8               
000034a9  __aeabi_uidiv                 
000034a9  __aeabi_uidivmod              
000037c1  __aeabi_uldivmod              
00003775  __ashldi3                     
ffffffff  __binit__                     
UNDEFED   __mpu_init                    
000036ed  __muldi3                      
000035a1  __muldsi3                     
20207e00  __stack                       
20200000  __start___llvm_prf_bits       
20200000  __start___llvm_prf_cnts       
20200000  __stop___llvm_prf_bits        
20200000  __stop___llvm_prf_cnts        
00002f19  __udivmoddi4                  
0000369d  _c_int00_noargs               
UNDEFED   _system_post_cinit            
0000387b  _system_pre_init              
0000386d  abort                         
00004bcc  asc2_1206                     
000045dc  asc2_1608                     
00003880  asc2_2412                     
000034e9  atoi                          
ffffffff  binit                         
00003827  delay_ms                      
00000000  interruptVectors              
00002e5d  main                          
00003733  memccpy                       
00002fbb  memcpy                        
000031d1  memset                        
00003395  snprintf                      
20200484  status                        
000037f9  wcslen                        


GLOBAL SYMBOLS: SORTED BY Symbol Address 

address   name                          
-------   ----                          
00000000  __TI_ATRegion0_region_sz      
00000000  __TI_ATRegion0_src_addr       
00000000  __TI_ATRegion0_trg_addr       
00000000  __TI_ATRegion1_region_sz      
00000000  __TI_ATRegion1_src_addr       
00000000  __TI_ATRegion1_trg_addr       
00000000  __TI_ATRegion2_region_sz      
00000000  __TI_ATRegion2_src_addr       
00000000  __TI_ATRegion2_trg_addr       
00000000  __TI_static_base__            
00000000  interruptVectors              
000000c1  OLED_Init                     
00000200  __STACK_SIZE                  
000016b5  OLED_Clear                    
00002145  __TI_printfi_nofloat          
000029ad  OLED_ShowString               
00002c0d  OLED_Refresh                  
00002e5d  main                          
00002f19  __udivmoddi4                  
00002fbb  memcpy                        
00003055  SYSCFG_DL_GPIO_init           
000030e5  __TI_decompress_lzss          
00003161  SYSCFG_DL_Serial_init         
000031d1  memset                        
00003233  ADC0_IRQHandler               
00003233  ADC1_IRQHandler               
00003233  AES_IRQHandler                
00003233  CANFD0_IRQHandler             
00003233  DAC0_IRQHandler               
00003233  DMA_IRQHandler                
00003233  Default_Handler               
00003233  GROUP0_IRQHandler             
00003233  HardFault_Handler             
00003233  I2C0_IRQHandler               
00003233  I2C1_IRQHandler               
00003233  NMI_Handler                   
00003233  PendSV_Handler                
00003233  RTC_IRQHandler                
00003233  SPI0_IRQHandler               
00003233  SPI1_IRQHandler               
00003233  SVC_Handler                   
00003233  SysTick_Handler               
00003233  TIMA0_IRQHandler              
00003233  TIMA1_IRQHandler              
00003233  TIMG0_IRQHandler              
00003233  TIMG12_IRQHandler             
00003233  TIMG6_IRQHandler              
00003233  TIMG7_IRQHandler              
00003233  TIMG8_IRQHandler              
00003233  UART1_IRQHandler              
00003233  UART2_IRQHandler              
00003233  UART3_IRQHandler              
00003235  SYSCFG_DL_OLED_init           
00003295  DL_I2C_fillControllerTXFIFO   
000032f3  __aeabi_idiv0                 
000032f5  SYSCFG_DL_initPower           
00003349  SYSCFG_DL_POT_init            
00003395  snprintf                      
000033e1  DL_UART_init                  
00003429  DL_ADC12_setClockConfig       
00003469  SYSCFG_DL_SYSCTL_init         
000034a9  __aeabi_uidiv                 
000034a9  __aeabi_uidivmod              
000034e9  atoi                          
00003529  __TI_auto_init_nobinit_nopinit
00003565  UART_send_string              
0000359f  __aeabi_ldiv0                 
000035a1  __muldsi3                     
000035dd  GROUP1_IRQHandler             
00003615  DL_UART_transmitDataBlocking  
00003675  UART0_IRQHandler              
0000369d  _c_int00_noargs               
000036c5  DL_I2C_setClockConfig         
000036ed  __aeabi_lmul                  
000036ed  __muldi3                      
00003711  DL_VREF_configReference       
00003733  memccpy                       
00003755  SYSCFG_DL_init                
00003775  __aeabi_llsl                  
00003775  __ashldi3                     
000037ad  SYSCFG_DL_VREF_init           
000037c1  __aeabi_uldivmod              
000037d5  DL_UART_setClockConfig        
000037e7  __TI_decompress_none          
000037f9  wcslen                        
00003809  __TI_zero_init                
00003819  __aeabi_memset                
00003819  __aeabi_memset4               
00003819  __aeabi_memset8               
00003827  delay_ms                      
00003845  __aeabi_memclr                
00003845  __aeabi_memclr4               
00003845  __aeabi_memclr8               
00003851  DL_Common_delayCycles         
0000385d  __aeabi_errno_addr            
00003865  __aeabi_memcpy                
00003865  __aeabi_memcpy4               
00003865  __aeabi_memcpy8               
0000386d  abort                         
00003872  C$$EXIT                       
00003873  HOSTexit                      
00003877  Reset_Handler                 
0000387b  _system_pre_init              
00003880  asc2_2412                     
000045dc  asc2_1608                     
00004bcc  asc2_1206                     
00005040  __aeabi_ctype_table_          
00005040  __aeabi_ctype_table_C         
000051c0  __TI_Handler_Table_Base       
000051cc  __TI_Handler_Table_Limit      
000051dc  __TI_CINIT_Base               
000051ec  __TI_CINIT_Limit              
000051ec  __TI_CINIT_Warm               
20200000  OLED_GRAM                     
20200000  __start___llvm_prf_bits       
20200000  __start___llvm_prf_cnts       
20200000  __stop___llvm_prf_bits        
20200000  __stop___llvm_prf_cnts        
20200480  __aeabi_errno                 
20200484  status                        
20207e00  __stack                       
20208000  __STACK_END                   
ffffffff  __TI_pprof_out_hndl           
ffffffff  __TI_prof_data_size           
ffffffff  __TI_prof_data_start          
ffffffff  __binit__                     
ffffffff  binit                         
UNDEFED   __mpu_init                    
UNDEFED   _system_post_cinit            

[129 symbols]
