******************************************************************************
            TI ARM Clang Linker PC v4.0.4                      
******************************************************************************
>> Linked Mon Jun  8 23:25:44 2026

OUTPUT FILE NAME:   <09-PID.out>
ENTRY POINT SYMBOL: "_c_int00_noargs"  address: 000049b9


MEMORY CONFIGURATION

         name            origin    length      used     unused   attr    fill
----------------------  --------  ---------  --------  --------  ----  --------
  FLASH                 00000000   00020000  00005150  0001aeb0  R  X
  SRAM                  20200000   00008000  0000036b  00007c95  RW X
  BCR_CONFIG            41c00000   000000ff  00000000  000000ff  R   
  BSL_CONFIG            41c00100   00000080  00000000  00000080  R   


SEGMENT ALLOCATION MAP

run origin  load origin   length   init length attrs members
----------  ----------- ---------- ----------- ----- -------
00000000    00000000    00005150   00005150    r-x
  00000000    00000000    000000c0   000000c0    r-- .intvecs
  000000c0    000000c0    00004c60   00004c60    r-x .text
  00004d20    00004d20    000003f0   000003f0    r-- .rodata
  00005110    00005110    00000040   00000040    r-- .cinit
20200000    20200000    0000016b   00000000    rw-
  20200000    20200000    000000fc   00000000    rw- .bss
  202000fc    202000fc    0000006f   00000000    rw- .data
20207e00    20207e00    00000200   00000000    rw-
  20207e00    20207e00    00000200   00000000    rw- .stack


SECTION ALLOCATION MAP

 output                                  attributes/
section   page    origin      length       input sections
--------  ----  ----------  ----------   ----------------
.intvecs   0    00000000    000000c0     
                  00000000    000000c0     startup_mspm0g350x_ticlang.o (.intvecs)

.text      0    000000c0    00004c60     
                  000000c0    00000bdc     libc.a : _scanfi.c.obj (.text.__TI_scanfi)
                  00000c9c    000009d0            : _printfi.c.obj (.text:__TI_printfi)
                  0000166c    000003b8            : strtod.c.obj (.text.strtod)
                  00001a24    000002a8     ti_msp_dl_config.o (.text.SYSCFG_DL_SYSCTL_SYSPLL_init)
                  00001ccc    00000220     libc.a : _printfi.c.obj (.text._pconv_a)
                  00001eec    000001e0            : strtoll.c.obj (.text.strtoll)
                  000020cc    000001dc            : _printfi.c.obj (.text._pconv_g)
                  000022a8    000001b4     uart_vofa.o (.text.vofa_draw_graphical)
                  0000245c    00000192     libclang_rt.builtins.a : adddf3.S.obj (.text.adddf3_subdf3)
                  000025ee    00000002     startup_mspm0g350x_ticlang.o (.text.Default_Handler)
                  000025f0    0000016c     libc.a : strtoull.c.obj (.text.strtoull)
                  0000275c    00000144            : strtol.c.obj (.text.strtol)
                  000028a0    00000144     uart_vofa.o (.text.vofa_parse_packet)
                  000029e4    0000013c     libc.a : _printfi.c.obj (.text.fcvt)
                  00002b20    0000012c            : strtoul.c.obj (.text.strtoul)
                  00002c4c    00000120            : _printfi.c.obj (.text._pconv_e)
                  00002d6c    00000114     ti_msp_dl_config.o (.text.SYSCFG_DL_GPIO_init)
                  00002e80    0000010c     libclang_rt.builtins.a : divdf3.S.obj (.text.__divdf3)
                  00002f8c    00000104     driverlib.a : dl_timer.o (.text.DL_Timer_initFourCCPWMMode)
                  00003090    000000fc                 : dl_timer.o (.text.DL_Timer_initTimerMode)
                  0000318c    000000e4     libclang_rt.builtins.a : muldf3.S.obj (.text.__muldf3)
                  00003270    000000dc     driverlib.a : dl_sysctl_mspm0g1x0x_g3x0x.o (.text.DL_SYSCTL_configSYSPLL)
                  0000334c    000000d8     libc.a : s_scalbn.c.obj (.text.scalbn)
                  00003424    000000d8     libclang_rt.builtins.a : addsf3.S.obj (.text)
                  000034fc    000000d0     motor.o (.text.Motor_SetDuty)
                  000035cc    000000cc     motor.o (.text.calculate_speed)
                  00003698    000000c4     main.o (.text.GROUP1_IRQHandler)
                  0000375c    000000a8     ti_msp_dl_config.o (.text.SYSCFG_DL_SYSCTL_init)
                  00003804    000000a2     libclang_rt.builtins.a : udivmoddi4.S.obj (.text)
                  000038a6    0000009a     libc.a : memcpy16.S.obj (.text:memcpy)
                  00003940    00000090     PID.o (.text.PID_Update)
                  000039d0    0000008c     ti_msp_dl_config.o (.text.SYSCFG_DL_PWM1_init)
                  00003a5c    0000008c     libclang_rt.builtins.a : mulsf3.S.obj (.text.__mulsf3)
                  00003ae8    00000082                            : divsf3.S.obj (.text.__divsf3)
                  00003b6a    00000002                            : aeabi_div0.c.obj (.text.__aeabi_idiv0)
                  00003b6c    0000007c     motor.o (.text.TIMA0_IRQHandler)
                  00003be8    0000007c     libc.a : copy_decompress_lzss.c.obj (.text:decompress:lzss)
                  00003c64    00000078     motor.o (.text.Motor_Init)
                  00003cdc    00000074     libclang_rt.builtins.a : comparedf2.c.obj (.text.__gedf2)
                  00003d50    00000074                            : truncdfsf2.S.obj (.text.__truncdfsf2)
                  00003dc4    00000074     libc.a : sscanf.c.obj (.text._chkmbc)
                  00003e38    00000070     ti_msp_dl_config.o (.text.SYSCFG_DL_Serial_init)
                  00003ea8    00000070     ti_msp_dl_config.o (.text.SYSCFG_DL_initPower)
                  00003f18    00000068     libclang_rt.builtins.a : comparedf2.c.obj (.text.__ledf2)
                  00003f80    00000066     libc.a : _printfi.c.obj (.text._mcpy)
                  00003fe6    00000002     libclang_rt.builtins.a : aeabi_div0.c.obj (.text.__aeabi_ldiv0)
                  00003fe8    00000064     Serial.o (.text.Serial_Printf)
                  0000404c    00000064     Serial.o (.text.UART0_IRQHandler)
                  000040b0    00000062     libclang_rt.builtins.a : aeabi_dcmp.S.obj (.text.__aeabi_dcmp)
                  00004112    00000002     --HOLE-- [fill = 0]
                  00004114    00000062                            : aeabi_fcmp.S.obj (.text.__aeabi_fcmp)
                  00004176    00000062     libc.a : memset16.S.obj (.text:memset)
                  000041d8    00000060     ti_msp_dl_config.o (.text.SYSCFG_DL_OLED_init)
                  00004238    0000005c     libc.a : s_frexp.c.obj (.text.frexp)
                  00004294    00000058            : _ltoa.c.obj (.text.__TI_ltoa)
                  000042ec    00000058            : _printfi.c.obj (.text._pconv_f)
                  00004344    00000056     libclang_rt.builtins.a : aeabi_idivmod.S.obj (.text.__aeabi_idivmod)
                  0000439a    00000052     libc.a : _printfi.c.obj (.text._ecpy)
                  000043ec    00000050     main.o (.text.main)
                  0000443c    0000004c     ti_msp_dl_config.o (.text.SYSCFG_DL_POT_init)
                  00004488    0000004a     libclang_rt.builtins.a : fixdfsi.S.obj (.text.__fixdfsi)
                  000044d2    00000002     --HOLE-- [fill = 0]
                  000044d4    00000048     driverlib.a : dl_uart.o (.text.DL_UART_init)
                  0000451c    00000044                 : dl_sysctl_mspm0g1x0x_g3x0x.o (.text.DL_SYSCTL_switchMCLKfromSYSOSCtoHSCLK)
                  00004560    00000040                 : dl_adc12.o (.text.DL_ADC12_setClockConfig)
                  000045a0    00000040     libclang_rt.builtins.a : aeabi_uidivmod.S.obj (.text.__aeabi_uidivmod)
                  000045e0    00000040                            : extendsfdf2.S.obj (.text.__extendsfdf2)
                  00004620    00000040     libc.a : atoi.c.obj (.text.atoi)
                  00004660    00000040            : vsnprintf.c.obj (.text.vsnprintf)
                  000046a0    0000003c     ti_msp_dl_config.o (.text.SYSCFG_DL_MOTOR_PID_init)
                  000046dc    0000003c     libclang_rt.builtins.a : floatsisf.S.obj (.text.__floatsisf)
                  00004718    0000003c                            : comparesf2.S.obj (.text.__gtsf2)
                  00004754    0000003c     libc.a : autoinit.c.obj (.text:__TI_auto_init_nobinit_nopinit)
                  00004790    0000003a     libclang_rt.builtins.a : comparesf2.S.obj (.text.__eqsf2)
                  000047ca    00000002     --HOLE-- [fill = 0]
                  000047cc    0000003a                            : muldsi3.S.obj (.text.__muldsi3)
                  00004806    00000002     --HOLE-- [fill = 0]
                  00004808    00000038                            : fixsfsi.S.obj (.text.__fixsfsi)
                  00004840    00000034     ti_msp_dl_config.o (.text.SYSCFG_DL_init)
                  00004874    00000030     driverlib.a : dl_uart.o (.text.DL_UART_transmitDataBlocking)
                  000048a4    00000030     libc.a : _printfi.c.obj (.text._fcpy)
                  000048d4    00000030            : vsnprintf.c.obj (.text._outs)
                  00004904    00000030            : sscanf.c.obj (.text.sscanf)
                  00004934    0000002c     main.o (.text.__NVIC_EnableIRQ)
                  00004960    0000002c     motor.o (.text.__NVIC_EnableIRQ)
                  0000498c    0000002c     libclang_rt.builtins.a : floatsidf.S.obj (.text.__floatsidf)
                  000049b8    00000028     libc.a : boot_cortex_m.c.obj (.text:_c_int00_noargs)
                  000049e0    00000026     driverlib.a : dl_i2c.o (.text.DL_I2C_setClockConfig)
                  00004a06    00000002     --HOLE-- [fill = 0]
                  00004a08    00000024     libclang_rt.builtins.a : muldi3.S.obj (.text.__muldi3)
                  00004a2c    00000022     driverlib.a : dl_vref.o (.text.DL_VREF_configReference)
                  00004a4e    00000022     libc.a : memccpy.c.obj (.text.memccpy)
                  00004a70    0000001e     libclang_rt.builtins.a : ashldi3.S.obj (.text.__ashldi3)
                  00004a8e    00000002     --HOLE-- [fill = 0]
                  00004a90    0000001c     driverlib.a : dl_sysctl_mspm0g1x0x_g3x0x.o (.text.DL_SYSCTL_configFCC)
                  00004aac    0000001c                 : dl_timer.o (.text.DL_Timer_setCaptCompUpdateMethod)
                  00004ac8    0000001c                 : dl_timer.o (.text.DL_Timer_setClockConfig)
                  00004ae4    00000018     motor.o (.text.DL_GPIO_setPins)
                  00004afc    00000018     driverlib.a : dl_timer.o (.text.DL_Timer_setCaptureCompareOutCtl)
                  00004b14    00000018     motor.o (.text.DL_Timer_startCounter)
                  00004b2c    00000018     libc.a : vsnprintf.c.obj (.text._outc)
                  00004b44    00000016     main.o (.text.DL_GPIO_readPins)
                  00004b5a    00000016     libc.a : copy_zero_init.c.obj (.text:decompress:ZI:__TI_zero_init_nomemset)
                  00004b70    00000014     motor.o (.text.DL_GPIO_clearPins)
                  00004b84    00000014     ti_msp_dl_config.o (.text.SYSCFG_DL_VREF_init)
                  00004b98    00000014     libclang_rt.builtins.a : aeabi_uldivmod.S.obj (.text.__aeabi_uldivmod)
                  00004bac    00000014     libc.a : sscanf.c.obj (.text._inpchar)
                  00004bc0    00000014            : _printfi.c.obj (.text.strchr)
                  00004bd4    00000012     main.o (.text.DL_GPIO_getPendingInterrupt)
                  00004be6    00000012     motor.o (.text.DL_Timer_getPendingInterrupt)
                  00004bf8    00000012     driverlib.a : dl_uart.o (.text.DL_UART_setClockConfig)
                  00004c0a    00000012     libc.a : copy_decompress_none.c.obj (.text:decompress:none)
                  00004c1c    00000010     driverlib.a : dl_timer.o (.text.DL_Timer_setCaptureCompareValue)
                  00004c2c    00000010     libc.a : wcslen.c.obj (.text.wcslen)
                  00004c3c    0000000e            : _scanfi.c.obj (.text.OUTLINED_FUNCTION_1)
                  00004c4a    0000000e            : _scanfi.c.obj (.text.OUTLINED_FUNCTION_2)
                  00004c58    0000000e            : _scanfi.c.obj (.text.OUTLINED_FUNCTION_4)
                  00004c66    00000002     --HOLE-- [fill = 0]
                  00004c68    0000000e     libclang_rt.builtins.a : aeabi_memset.S.obj (.text.__aeabi_memset)
                  00004c76    0000000e     libc.a : _printfi.c.obj (.text.strlen)
                  00004c84    0000000c     libclang_rt.builtins.a : aeabi_memset.S.obj (.text.__aeabi_memclr)
                  00004c90    0000000a     driverlib.a : dl_common.o (.text.DL_Common_delayCycles)
                  00004c9a    0000000a     libc.a : _printfi.c.obj (.text.OUTLINED_FUNCTION_0)
                  00004ca4    00000010     libclang_rt.builtins.a : adddf3.S.obj (.tramp.__aeabi_dsub.1)
                  00004cb4    0000000a     libc.a : _printfi.c.obj (.text.OUTLINED_FUNCTION_1)
                  00004cbe    00000008            : _scanfi.c.obj (.text.OUTLINED_FUNCTION_0)
                  00004cc6    00000008            : strtod.c.obj (.text.OUTLINED_FUNCTION_0)
                  00004cce    00000008            : strtod.c.obj (.text.OUTLINED_FUNCTION_1)
                  00004cd6    00000002     --HOLE-- [fill = 0]
                  00004cd8    00000010     libclang_rt.builtins.a : aeabi_dcmp.S.obj (.tramp.__aeabi_dcmpeq.1)
                  00004ce8    00000008     libc.a : aeabi_portable.c.obj (.text.__aeabi_errno_addr)
                  00004cf0    00000008     libclang_rt.builtins.a : aeabi_memcpy.S.obj (.text.__aeabi_memcpy)
                  00004cf8    00000008     libc.a : sscanf.c.obj (.text._uninpchar)
                  00004d00    00000006            : _scanfi.c.obj (.text.OUTLINED_FUNCTION_3)
                  00004d06    00000006            : exit.c.obj (.text:abort)
                  00004d0c    00000004     libsysbm.a : hostexit.c.obj (.text.HOSTexit)
                  00004d10    00000004     startup_mspm0g350x_ticlang.o (.text.Reset_Handler)
                  00004d14    00000004     libc.a : pre_init.c.obj (.text._system_pre_init)
                  00004d18    00000008     --HOLE-- [fill = 0]

.cinit     0    00005110    00000040     
                  00005110    00000015     (.cinit..data.load) [load image, compression = lzss]
                  00005125    00000003     --HOLE-- [fill = 0]
                  00005128    0000000c     (__TI_handler_table)
                  00005134    00000008     (.cinit..bss.load) [load image, compression = zero_init]
                  0000513c    00000010     (__TI_cinit_table)
                  0000514c    00000004     --HOLE-- [fill = 0]

.rodata    0    00004d20    000003f0     
                  00004d20    00000101     libc.a : aeabi_ctype.S.obj (.rodata:__aeabi_ctype_table_)
                  00004e21    00000007            : _scanfi.c.obj (.rodata._sproc_int.flit)
                  00004e28    00000080            : strtod.c.obj (.rodata.digits)
                  00004ea8    00000048            : strtod.c.obj (.rodata.powerof10)
                  00004ef0    0000003d     uart_vofa.o (.rodata.str1.6646864318620858503.1)
                  00004f2d    00000003     ti_msp_dl_config.o (.rodata.gMOTOR_PIDClockConfig)
                  00004f30    00000028     ti_msp_dl_config.o (.rodata.gSYSPLLConfig)
                  00004f58    00000028     uart_vofa.o (.rodata.str1.15783235620580475742.1)
                  00004f80    00000027     uart_vofa.o (.rodata.str1.10908910527581922942.1)
                  00004fa7    0000001a     uart_vofa.o (.rodata.str1.3525884982530440565.1)
                  00004fc1    00000019     uart_vofa.o (.rodata.str1.12018046331864715227.1)
                  00004fda    00000017     uart_vofa.o (.rodata.str1.12766991835680455076.1)
                  00004ff1    00000017     uart_vofa.o (.rodata.str1.13751049571886536493.1)
                  00005008    00000016     uart_vofa.o (.rodata.str1.10007426210158661215.1)
                  0000501e    00000016     uart_vofa.o (.rodata.str1.10221566890288076482.1)
                  00005034    00000016     uart_vofa.o (.rodata.str1.9816347255389215823.1)
                  0000504a    00000015     uart_vofa.o (.rodata.str1.12355927932414466940.1)
                  0000505f    00000015     uart_vofa.o (.rodata.str1.17669856794768950695.1)
                  00005074    00000015     uart_vofa.o (.rodata.str1.7946034338345620860.1)
                  00005089    00000003     ti_msp_dl_config.o (.rodata.gPWM1ClockConfig)
                  0000508c    00000014     ti_msp_dl_config.o (.rodata.gMOTOR_PIDTimerConfig)
                  000050a0    00000011     libc.a : _printfi.c.obj (.rodata.str1.10348868589481759720.1)
                  000050b1    00000011            : _printfi.c.obj (.rodata.str1.15363888844622738466.1)
                  000050c2    0000000a     ti_msp_dl_config.o (.rodata.gSerialConfig)
                  000050cc    00000009     libc.a : _scanfi.c.obj (.rodata.str1.12964984209033246150.1)
                  000050d5    00000009     uart_vofa.o (.rodata.str1.2043762756400325134.1)
                  000050de    00000002     ti_msp_dl_config.o (.rodata.gOLEDClockConfig)
                  000050e0    00000008     libc.a : _scanfi.c.obj (.rodata..L__const._sproc_float.special)
                  000050e8    00000008     ti_msp_dl_config.o (.rodata.gPOTClockConfig)
                  000050f0    00000008     ti_msp_dl_config.o (.rodata.gPWM1Config)
                  000050f8    00000008     ti_msp_dl_config.o (.rodata.gVREFConfig)
                  00005100    00000006     libc.a : _scanfi.c.obj (.rodata._sproc_int.barr)
                  00005106    00000004            : _scanfi.c.obj (.rodata.str1.3403580589742030990.1)
                  0000510a    00000002     ti_msp_dl_config.o (.rodata.gSerialClockConfig)
                  0000510c    00000004     --HOLE-- [fill = 0]

.init_array 
*          0    00000000    00000000     UNINITIALIZED

.binit     0    00000000    00000000     

.bss       0    20200000    000000fc     UNINITIALIZED
                  20200000    000000bc     (.common:gMOTOR_PIDBackup)
                  202000bc    00000040     (.common:Serial_RxPacket)

.data      0    202000fc    0000006f     UNINITIALIZED
                  202000fc    0000002c     main.o (.data.Motor_Left)
                  20200128    0000002c     main.o (.data.Motor_Right)
                  20200154    00000004     main.o (.data.Encoder1_Count)
                  20200158    00000004     main.o (.data.Encoder2_Count)
                  2020015c    00000004     libc.a : aeabi_portable.c.obj (.data.__aeabi_errno)
                  20200160    00000004     motor.o (.data.speed_1)
                  20200164    00000004     motor.o (.data.speed_2)
                  20200168    00000001     Serial.o (.data.Serial_RxFlag)
                  20200169    00000001     Serial.o (.data.Serial_RxIndex)
                  2020016a    00000001     main.o (.data.status)

.stack     0    20207e00    00000200     UNINITIALIZED
                  20207e00    00000004     libc.a : boot_cortex_m.c.obj (.stack)
                  20207e04    000001fc     --HOLE--

__llvm_prf_cnts 
*          0    20200000    00000000     UNINITIALIZED

__llvm_prf_bits 
*          0    20200000    00000000     UNINITIALIZED

MODULE SUMMARY

       Module                         code    ro data   rw data
       ------                         ----    -------   -------
    .\
       ti_msp_dl_config.o             1792    104       188    
       main.o                         360     0         97     
       startup_mspm0g350x_ticlang.o   6       192       0      
    +--+------------------------------+-------+---------+---------+
       Total:                         2158    296       285    
                                                               
    .\user_driver\
       uart_vofa.o                    760     375       0      
       motor.o                        786     0         8      
       Serial.o                       200     0         66     
       PID.o                          144     0         0      
    +--+------------------------------+-------+---------+---------+
       Total:                         1890    375       74     
                                                               
    C:/TI/mspm0_sdk_2_10_00_04/source/ti/driverlib/lib/ticlang/m0p/mspm0g1x0x_g3x0x/driverlib.a
       dl_timer.o                     608     0         0      
       dl_sysctl_mspm0g1x0x_g3x0x.o   316     0         0      
       dl_uart.o                      138     0         0      
       dl_adc12.o                     64      0         0      
       dl_i2c.o                       38      0         0      
       dl_vref.o                      34      0         0      
       dl_common.o                    10      0         0      
    +--+------------------------------+-------+---------+---------+
       Total:                         1208    0         0      
                                                               
    D:\ti\ccs\ccs\tools\compiler\ti-cgt-armllvm_4.0.4.LTS\lib\armv6m-ti-none-eabi/c/libc.a
       _printfi.c.obj                 4510    34        0      
       _scanfi.c.obj                  3092    34        0      
       strtod.c.obj                   968     200       0      
       strtoll.c.obj                  480     0         0      
       strtoull.c.obj                 364     0         0      
       strtol.c.obj                   324     0         0      
       strtoul.c.obj                  300     0         0      
       aeabi_ctype.S.obj              0       257       0      
       s_scalbn.c.obj                 216     0         0      
       sscanf.c.obj                   192     0         0      
       memcpy16.S.obj                 154     0         0      
       vsnprintf.c.obj                136     0         0      
       copy_decompress_lzss.c.obj     124     0         0      
       memset16.S.obj                 98      0         0      
       s_frexp.c.obj                  92      0         0      
       _ltoa.c.obj                    88      0         0      
       atoi.c.obj                     64      0         0      
       autoinit.c.obj                 60      0         0      
       boot_cortex_m.c.obj            40      0         0      
       memccpy.c.obj                  34      0         0      
       copy_zero_init.c.obj           22      0         0      
       copy_decompress_none.c.obj     18      0         0      
       wcslen.c.obj                   16      0         0      
       aeabi_portable.c.obj           8       0         4      
       exit.c.obj                     6       0         0      
       pre_init.c.obj                 4       0         0      
    +--+------------------------------+-------+---------+---------+
       Total:                         11410   525       4      
                                                               
    D:\ti\ccs\ccs\tools\compiler\ti-cgt-armllvm_4.0.4.LTS\lib\armv6m-ti-none-eabi/c/libsysbm.a
       hostexit.c.obj                 4       0         0      
    +--+------------------------------+-------+---------+---------+
       Total:                         4       0         0      
                                                               
    D:\ti\ccs\ccs\tools\compiler\ti-cgt-armllvm_4.0.4.LTS\lib\armv6m-ti-none-eabi/libclang_rt.builtins.a
       adddf3.S.obj                   418     0         0      
       divdf3.S.obj                   268     0         0      
       muldf3.S.obj                   228     0         0      
       comparedf2.c.obj               220     0         0      
       addsf3.S.obj                   216     0         0      
       udivmoddi4.S.obj               162     0         0      
       mulsf3.S.obj                   140     0         0      
       divsf3.S.obj                   130     0         0      
       comparesf2.S.obj               118     0         0      
       truncdfsf2.S.obj               116     0         0      
       aeabi_dcmp.S.obj               114     0         0      
       aeabi_fcmp.S.obj               98      0         0      
       aeabi_idivmod.S.obj            86      0         0      
       fixdfsi.S.obj                  74      0         0      
       aeabi_uidivmod.S.obj           64      0         0      
       extendsfdf2.S.obj              64      0         0      
       floatsisf.S.obj                60      0         0      
       muldsi3.S.obj                  58      0         0      
       fixsfsi.S.obj                  56      0         0      
       floatsidf.S.obj                44      0         0      
       muldi3.S.obj                   36      0         0      
       ashldi3.S.obj                  30      0         0      
       aeabi_memset.S.obj             26      0         0      
       aeabi_uldivmod.S.obj           20      0         0      
       aeabi_memcpy.S.obj             8       0         0      
       aeabi_div0.c.obj               4       0         0      
    +--+------------------------------+-------+---------+---------+
       Total:                         2858    0         0      
                                                               
       Stack:                         0       0         512    
       Linker Generated:              0       57        0      
    +--+------------------------------+-------+---------+---------+
       Grand Total:                   19528   1253      875    


LINKER GENERATED COPY TABLES

__TI_cinit_table @ 0000513c records: 2, size/record: 8, table size: 16
	.data: load addr=00005110, load size=00000015 bytes, run addr=202000fc, run size=0000006f bytes, compression=lzss
	.bss: load addr=00005134, load size=00000008 bytes, run addr=20200000, run size=000000fc bytes, compression=zero_init


LINKER GENERATED HANDLER TABLE

__TI_handler_table @ 00005128 records: 3, size/record: 4, table size: 12
	index: 0, handler: __TI_decompress_lzss
	index: 1, handler: __TI_decompress_none
	index: 2, handler: __TI_zero_init


FAR CALL TRAMPOLINES

callee name               trampoline name
   callee addr  tramp addr   call addr  call info
--------------  -----------  ---------  ----------------
__aeabi_dsub              $Tramp$TT$L$PI$$__aeabi_dsub
   0000245d     00004ca4     00004ca2   libc.a : _printfi.c.obj (.text.OUTLINED_FUNCTION_0)
__aeabi_dcmpeq            $Tramp$TT$L$PI$$__aeabi_dcmpeq
   000040b1     00004cd8     00004cd4   libc.a : strtod.c.obj (.text.OUTLINED_FUNCTION_1)

[2 trampolines]
[2 trampoline calls]


GLOBAL SYMBOLS: SORTED ALPHABETICALLY BY Name 

address   name                                 
-------   ----                                 
000025ef  ADC0_IRQHandler                      
000025ef  ADC1_IRQHandler                      
000025ef  AES_IRQHandler                       
00004d0c  C$$EXIT                              
000025ef  CANFD0_IRQHandler                    
000025ef  DAC0_IRQHandler                      
00004561  DL_ADC12_setClockConfig              
00004c91  DL_Common_delayCycles                
000049e1  DL_I2C_setClockConfig                
00004a91  DL_SYSCTL_configFCC                  
00003271  DL_SYSCTL_configSYSPLL               
0000451d  DL_SYSCTL_switchMCLKfromSYSOSCtoHSCLK
00002f8d  DL_Timer_initFourCCPWMMode           
00003091  DL_Timer_initTimerMode               
00004aad  DL_Timer_setCaptCompUpdateMethod     
00004afd  DL_Timer_setCaptureCompareOutCtl     
00004c1d  DL_Timer_setCaptureCompareValue      
00004ac9  DL_Timer_setClockConfig              
000044d5  DL_UART_init                         
00004bf9  DL_UART_setClockConfig               
00004875  DL_UART_transmitDataBlocking         
00004a2d  DL_VREF_configReference              
000025ef  DMA_IRQHandler                       
000025ef  Default_Handler                      
20200154  Encoder1_Count                       
20200158  Encoder2_Count                       
000025ef  GROUP0_IRQHandler                    
00003699  GROUP1_IRQHandler                    
00004d0d  HOSTexit                             
000025ef  HardFault_Handler                    
000025ef  I2C0_IRQHandler                      
000025ef  I2C1_IRQHandler                      
00003c65  Motor_Init                           
202000fc  Motor_Left                           
20200128  Motor_Right                          
000034fd  Motor_SetDuty                        
000025ef  NMI_Handler                          
00003941  PID_Update                           
000025ef  PendSV_Handler                       
000025ef  RTC_IRQHandler                       
00004d11  Reset_Handler                        
000025ef  SPI0_IRQHandler                      
000025ef  SPI1_IRQHandler                      
000025ef  SVC_Handler                          
00002d6d  SYSCFG_DL_GPIO_init                  
000046a1  SYSCFG_DL_MOTOR_PID_init             
000041d9  SYSCFG_DL_OLED_init                  
0000443d  SYSCFG_DL_POT_init                   
000039d1  SYSCFG_DL_PWM1_init                  
00001a25  SYSCFG_DL_SYSCTL_SYSPLL_init         
0000375d  SYSCFG_DL_SYSCTL_init                
00003e39  SYSCFG_DL_Serial_init                
00004b85  SYSCFG_DL_VREF_init                  
00004841  SYSCFG_DL_init                       
00003ea9  SYSCFG_DL_initPower                  
00003fe9  Serial_Printf                        
20200168  Serial_RxFlag                        
202000bc  Serial_RxPacket                      
000025ef  SysTick_Handler                      
00003b6d  TIMA0_IRQHandler                     
000025ef  TIMA1_IRQHandler                     
000025ef  TIMG0_IRQHandler                     
000025ef  TIMG12_IRQHandler                    
000025ef  TIMG6_IRQHandler                     
000025ef  TIMG7_IRQHandler                     
000025ef  TIMG8_IRQHandler                     
0000404d  UART0_IRQHandler                     
000025ef  UART1_IRQHandler                     
000025ef  UART2_IRQHandler                     
000025ef  UART3_IRQHandler                     
20208000  __STACK_END                          
00000200  __STACK_SIZE                         
00000000  __TI_ATRegion0_region_sz             
00000000  __TI_ATRegion0_src_addr              
00000000  __TI_ATRegion0_trg_addr              
00000000  __TI_ATRegion1_region_sz             
00000000  __TI_ATRegion1_src_addr              
00000000  __TI_ATRegion1_trg_addr              
00000000  __TI_ATRegion2_region_sz             
00000000  __TI_ATRegion2_src_addr              
00000000  __TI_ATRegion2_trg_addr              
0000513c  __TI_CINIT_Base                      
0000514c  __TI_CINIT_Limit                     
0000514c  __TI_CINIT_Warm                      
00005128  __TI_Handler_Table_Base              
00005134  __TI_Handler_Table_Limit             
00004755  __TI_auto_init_nobinit_nopinit       
00003be9  __TI_decompress_lzss                 
00004c0b  __TI_decompress_none                 
00004295  __TI_ltoa                            
ffffffff  __TI_pprof_out_hndl                  
00000c9d  __TI_printfi                         
ffffffff  __TI_prof_data_size                  
ffffffff  __TI_prof_data_start                 
000000c1  __TI_scanfi                          
00000000  __TI_static_base__                   
00004b5b  __TI_zero_init_nomemset              
00002467  __adddf3                             
0000342f  __addsf3                             
00004d20  __aeabi_ctype_table_                 
00004d20  __aeabi_ctype_table_C                
00003d51  __aeabi_d2f                          
00004489  __aeabi_d2iz                         
00002467  __aeabi_dadd                         
000040b1  __aeabi_dcmpeq                       
000040ed  __aeabi_dcmpge                       
00004101  __aeabi_dcmpgt                       
000040d9  __aeabi_dcmple                       
000040c5  __aeabi_dcmplt                       
00002e81  __aeabi_ddiv                         
0000318d  __aeabi_dmul                         
0000245d  __aeabi_dsub                         
2020015c  __aeabi_errno                        
00004ce9  __aeabi_errno_addr                   
000045e1  __aeabi_f2d                          
00004809  __aeabi_f2iz                         
0000342f  __aeabi_fadd                         
00004115  __aeabi_fcmpeq                       
00004151  __aeabi_fcmpge                       
00004165  __aeabi_fcmpgt                       
0000413d  __aeabi_fcmple                       
00004129  __aeabi_fcmplt                       
00003ae9  __aeabi_fdiv                         
00003a5d  __aeabi_fmul                         
00003425  __aeabi_fsub                         
0000498d  __aeabi_i2d                          
000046dd  __aeabi_i2f                          
00004345  __aeabi_idiv                         
00003b6b  __aeabi_idiv0                        
00004345  __aeabi_idivmod                      
00003fe7  __aeabi_ldiv0                        
00004a71  __aeabi_llsl                         
00004a09  __aeabi_lmul                         
00004c85  __aeabi_memclr                       
00004c85  __aeabi_memclr4                      
00004c85  __aeabi_memclr8                      
00004cf1  __aeabi_memcpy                       
00004cf1  __aeabi_memcpy4                      
00004cf1  __aeabi_memcpy8                      
00004c69  __aeabi_memset                       
00004c69  __aeabi_memset4                      
00004c69  __aeabi_memset8                      
000045a1  __aeabi_uidiv                        
000045a1  __aeabi_uidivmod                     
00004b99  __aeabi_uldivmod                     
00004a71  __ashldi3                            
ffffffff  __binit__                            
00003f19  __cmpdf2                             
00004791  __cmpsf2                             
00002e81  __divdf3                             
00003ae9  __divsf3                             
00003f19  __eqdf2                              
00004791  __eqsf2                              
000045e1  __extendsfdf2                        
00004489  __fixdfsi                            
00004809  __fixsfsi                            
0000498d  __floatsidf                          
000046dd  __floatsisf                          
00003cdd  __gedf2                              
00004719  __gesf2                              
00003cdd  __gtdf2                              
00004719  __gtsf2                              
00003f19  __ledf2                              
00004791  __lesf2                              
00003f19  __ltdf2                              
00004791  __ltsf2                              
UNDEFED   __mpu_init                           
0000318d  __muldf3                             
00004a09  __muldi3                             
000047cd  __muldsi3                            
00003a5d  __mulsf3                             
00003f19  __nedf2                              
00004791  __nesf2                              
20207e00  __stack                              
20200000  __start___llvm_prf_bits              
20200000  __start___llvm_prf_cnts              
20200000  __stop___llvm_prf_bits               
20200000  __stop___llvm_prf_cnts               
0000245d  __subdf3                             
00003425  __subsf3                             
00003d51  __truncdfsf2                         
00003805  __udivmoddi4                         
000049b9  _c_int00_noargs                      
UNDEFED   _system_post_cinit                   
00004d15  _system_pre_init                     
00004d07  abort                                
00004621  atoi                                 
ffffffff  binit                                
000035cd  calculate_speed                      
00004239  frexp                                
00004239  frexpl                               
20200000  gMOTOR_PIDBackup                     
00000000  interruptVectors                     
0000334d  ldexp                                
0000334d  ldexpl                               
000043ed  main                                 
00004a4f  memccpy                              
000038a7  memcpy                               
00004177  memset                               
0000334d  scalbn                               
0000334d  scalbnl                              
20200160  speed_1                              
20200164  speed_2                              
00004905  sscanf                               
2020016a  status                               
0000166d  strtod                               
0000275d  strtol                               
0000166d  strtold                              
00001eed  strtoll                              
00002b21  strtoul                              
000025f1  strtoull                             
000022a9  vofa_draw_graphical                  
000028a1  vofa_parse_packet                    
00004661  vsnprintf                            
00004c2d  wcslen                               


GLOBAL SYMBOLS: SORTED BY Symbol Address 

address   name                                 
-------   ----                                 
00000000  __TI_ATRegion0_region_sz             
00000000  __TI_ATRegion0_src_addr              
00000000  __TI_ATRegion0_trg_addr              
00000000  __TI_ATRegion1_region_sz             
00000000  __TI_ATRegion1_src_addr              
00000000  __TI_ATRegion1_trg_addr              
00000000  __TI_ATRegion2_region_sz             
00000000  __TI_ATRegion2_src_addr              
00000000  __TI_ATRegion2_trg_addr              
00000000  __TI_static_base__                   
00000000  interruptVectors                     
000000c1  __TI_scanfi                          
00000200  __STACK_SIZE                         
00000c9d  __TI_printfi                         
0000166d  strtod                               
0000166d  strtold                              
00001a25  SYSCFG_DL_SYSCTL_SYSPLL_init         
00001eed  strtoll                              
000022a9  vofa_draw_graphical                  
0000245d  __aeabi_dsub                         
0000245d  __subdf3                             
00002467  __adddf3                             
00002467  __aeabi_dadd                         
000025ef  ADC0_IRQHandler                      
000025ef  ADC1_IRQHandler                      
000025ef  AES_IRQHandler                       
000025ef  CANFD0_IRQHandler                    
000025ef  DAC0_IRQHandler                      
000025ef  DMA_IRQHandler                       
000025ef  Default_Handler                      
000025ef  GROUP0_IRQHandler                    
000025ef  HardFault_Handler                    
000025ef  I2C0_IRQHandler                      
000025ef  I2C1_IRQHandler                      
000025ef  NMI_Handler                          
000025ef  PendSV_Handler                       
000025ef  RTC_IRQHandler                       
000025ef  SPI0_IRQHandler                      
000025ef  SPI1_IRQHandler                      
000025ef  SVC_Handler                          
000025ef  SysTick_Handler                      
000025ef  TIMA1_IRQHandler                     
000025ef  TIMG0_IRQHandler                     
000025ef  TIMG12_IRQHandler                    
000025ef  TIMG6_IRQHandler                     
000025ef  TIMG7_IRQHandler                     
000025ef  TIMG8_IRQHandler                     
000025ef  UART1_IRQHandler                     
000025ef  UART2_IRQHandler                     
000025ef  UART3_IRQHandler                     
000025f1  strtoull                             
0000275d  strtol                               
000028a1  vofa_parse_packet                    
00002b21  strtoul                              
00002d6d  SYSCFG_DL_GPIO_init                  
00002e81  __aeabi_ddiv                         
00002e81  __divdf3                             
00002f8d  DL_Timer_initFourCCPWMMode           
00003091  DL_Timer_initTimerMode               
0000318d  __aeabi_dmul                         
0000318d  __muldf3                             
00003271  DL_SYSCTL_configSYSPLL               
0000334d  ldexp                                
0000334d  ldexpl                               
0000334d  scalbn                               
0000334d  scalbnl                              
00003425  __aeabi_fsub                         
00003425  __subsf3                             
0000342f  __addsf3                             
0000342f  __aeabi_fadd                         
000034fd  Motor_SetDuty                        
000035cd  calculate_speed                      
00003699  GROUP1_IRQHandler                    
0000375d  SYSCFG_DL_SYSCTL_init                
00003805  __udivmoddi4                         
000038a7  memcpy                               
00003941  PID_Update                           
000039d1  SYSCFG_DL_PWM1_init                  
00003a5d  __aeabi_fmul                         
00003a5d  __mulsf3                             
00003ae9  __aeabi_fdiv                         
00003ae9  __divsf3                             
00003b6b  __aeabi_idiv0                        
00003b6d  TIMA0_IRQHandler                     
00003be9  __TI_decompress_lzss                 
00003c65  Motor_Init                           
00003cdd  __gedf2                              
00003cdd  __gtdf2                              
00003d51  __aeabi_d2f                          
00003d51  __truncdfsf2                         
00003e39  SYSCFG_DL_Serial_init                
00003ea9  SYSCFG_DL_initPower                  
00003f19  __cmpdf2                             
00003f19  __eqdf2                              
00003f19  __ledf2                              
00003f19  __ltdf2                              
00003f19  __nedf2                              
00003fe7  __aeabi_ldiv0                        
00003fe9  Serial_Printf                        
0000404d  UART0_IRQHandler                     
000040b1  __aeabi_dcmpeq                       
000040c5  __aeabi_dcmplt                       
000040d9  __aeabi_dcmple                       
000040ed  __aeabi_dcmpge                       
00004101  __aeabi_dcmpgt                       
00004115  __aeabi_fcmpeq                       
00004129  __aeabi_fcmplt                       
0000413d  __aeabi_fcmple                       
00004151  __aeabi_fcmpge                       
00004165  __aeabi_fcmpgt                       
00004177  memset                               
000041d9  SYSCFG_DL_OLED_init                  
00004239  frexp                                
00004239  frexpl                               
00004295  __TI_ltoa                            
00004345  __aeabi_idiv                         
00004345  __aeabi_idivmod                      
000043ed  main                                 
0000443d  SYSCFG_DL_POT_init                   
00004489  __aeabi_d2iz                         
00004489  __fixdfsi                            
000044d5  DL_UART_init                         
0000451d  DL_SYSCTL_switchMCLKfromSYSOSCtoHSCLK
00004561  DL_ADC12_setClockConfig              
000045a1  __aeabi_uidiv                        
000045a1  __aeabi_uidivmod                     
000045e1  __aeabi_f2d                          
000045e1  __extendsfdf2                        
00004621  atoi                                 
00004661  vsnprintf                            
000046a1  SYSCFG_DL_MOTOR_PID_init             
000046dd  __aeabi_i2f                          
000046dd  __floatsisf                          
00004719  __gesf2                              
00004719  __gtsf2                              
00004755  __TI_auto_init_nobinit_nopinit       
00004791  __cmpsf2                             
00004791  __eqsf2                              
00004791  __lesf2                              
00004791  __ltsf2                              
00004791  __nesf2                              
000047cd  __muldsi3                            
00004809  __aeabi_f2iz                         
00004809  __fixsfsi                            
00004841  SYSCFG_DL_init                       
00004875  DL_UART_transmitDataBlocking         
00004905  sscanf                               
0000498d  __aeabi_i2d                          
0000498d  __floatsidf                          
000049b9  _c_int00_noargs                      
000049e1  DL_I2C_setClockConfig                
00004a09  __aeabi_lmul                         
00004a09  __muldi3                             
00004a2d  DL_VREF_configReference              
00004a4f  memccpy                              
00004a71  __aeabi_llsl                         
00004a71  __ashldi3                            
00004a91  DL_SYSCTL_configFCC                  
00004aad  DL_Timer_setCaptCompUpdateMethod     
00004ac9  DL_Timer_setClockConfig              
00004afd  DL_Timer_setCaptureCompareOutCtl     
00004b5b  __TI_zero_init_nomemset              
00004b85  SYSCFG_DL_VREF_init                  
00004b99  __aeabi_uldivmod                     
00004bf9  DL_UART_setClockConfig               
00004c0b  __TI_decompress_none                 
00004c1d  DL_Timer_setCaptureCompareValue      
00004c2d  wcslen                               
00004c69  __aeabi_memset                       
00004c69  __aeabi_memset4                      
00004c69  __aeabi_memset8                      
00004c85  __aeabi_memclr                       
00004c85  __aeabi_memclr4                      
00004c85  __aeabi_memclr8                      
00004c91  DL_Common_delayCycles                
00004ce9  __aeabi_errno_addr                   
00004cf1  __aeabi_memcpy                       
00004cf1  __aeabi_memcpy4                      
00004cf1  __aeabi_memcpy8                      
00004d07  abort                                
00004d0c  C$$EXIT                              
00004d0d  HOSTexit                             
00004d11  Reset_Handler                        
00004d15  _system_pre_init                     
00004d20  __aeabi_ctype_table_                 
00004d20  __aeabi_ctype_table_C                
00005128  __TI_Handler_Table_Base              
00005134  __TI_Handler_Table_Limit             
0000513c  __TI_CINIT_Base                      
0000514c  __TI_CINIT_Limit                     
0000514c  __TI_CINIT_Warm                      
20200000  __start___llvm_prf_bits              
20200000  __start___llvm_prf_cnts              
20200000  __stop___llvm_prf_bits               
20200000  __stop___llvm_prf_cnts               
20200000  gMOTOR_PIDBackup                     
202000bc  Serial_RxPacket                      
202000fc  Motor_Left                           
20200128  Motor_Right                          
20200154  Encoder1_Count                       
20200158  Encoder2_Count                       
2020015c  __aeabi_errno                        
20200160  speed_1                              
20200164  speed_2                              
20200168  Serial_RxFlag                        
2020016a  status                               
20207e00  __stack                              
20208000  __STACK_END                          
ffffffff  __TI_pprof_out_hndl                  
ffffffff  __TI_prof_data_size                  
ffffffff  __TI_prof_data_start                 
ffffffff  __binit__                            
ffffffff  binit                                
UNDEFED   __mpu_init                           
UNDEFED   _system_post_cinit                   

[215 symbols]
