******************************************************************************
            TI ARM Clang Linker PC v4.0.4                      
******************************************************************************
>> Linked Sun Jun  7 23:50:50 2026

OUTPUT FILE NAME:   <04-OLED.out>
ENTRY POINT SYMBOL: "_c_int00_noargs"  address: 00002be1


MEMORY CONFIGURATION

         name            origin    length      used     unused   attr    fill
----------------------  --------  ---------  --------  --------  ----  --------
  FLASH                 00000000   00020000  000044f8  0001bb08  R  X
  SRAM                  20200000   00008000  00000680  00007980  RW X
  BCR_CONFIG            41c00000   000000ff  00000000  000000ff  R   
  BSL_CONFIG            41c00100   00000080  00000000  00000080  R   


SEGMENT ALLOCATION MAP

run origin  load origin   length   init length attrs members
----------  ----------- ---------- ----------- ----- -------
00000000    00000000    000044f8   000044f8    r-x
  00000000    00000000    000000c0   000000c0    r-- .intvecs
  000000c0    000000c0    00002c38   00002c38    r-x .text
  00002cf8    00002cf8    000017e8   000017e8    r-- .rodata
  000044e0    000044e0    00000018   00000018    r-- .cinit
20200000    20200000    00000480   00000000    rw-
  20200000    20200000    00000480   00000000    rw- .bss
20207e00    20207e00    00000200   00000000    rw-
  20207e00    20207e00    00000200   00000000    rw- .stack


SECTION ALLOCATION MAP

 output                                  attributes/
section   page    origin      length       input sections
--------  ----  ----------  ----------   ----------------
.intvecs   0    00000000    000000c0     
                  00000000    000000c0     startup_mspm0g350x_ticlang.o (.intvecs)

.text      0    000000c0    00002c38     
                  000000c0    000015f4     oled.o (.text.OLED_Init)
                  000016b4    00000a90     oled.o (.text.OLED_Clear)
                  00002144    00000284     libc.a : _printfi.c.obj (.text:__TI_printfi_minimal)
                  000023c8    00000260     oled.o (.text.OLED_ShowString)
                  00002628    00000250     oled.o (.text.OLED_Refresh)
                  00002878    0000009a     libc.a : memcpy16.S.obj (.text:memcpy)
                  00002912    00000062            : memset16.S.obj (.text:memset)
                  00002974    00000060     ti_msp_dl_config.o (.text.SYSCFG_DL_OLED_init)
                  000029d4    0000005e     driverlib.a : dl_i2c.o (.text.DL_I2C_fillControllerTXFIFO)
                  00002a32    00000002     startup_mspm0g350x_ticlang.o (.text.Default_Handler)
                  00002a34    00000044     empty.o (.text.main)
                  00002a78    00000040     ti_msp_dl_config.o (.text.SYSCFG_DL_GPIO_init)
                  00002ab8    00000040     ti_msp_dl_config.o (.text.SYSCFG_DL_SYSCTL_init)
                  00002af8    00000040     libclang_rt.builtins.a : aeabi_uidivmod.S.obj (.text.__aeabi_uidivmod)
                  00002b38    0000003c     libc.a : autoinit.c.obj (.text:__TI_auto_init_nobinit_nopinit)
                  00002b74    00000038            : sprintf.c.obj (.text.sprintf)
                  00002bac    00000034     ti_msp_dl_config.o (.text.SYSCFG_DL_initPower)
                  00002be0    00000028     libc.a : boot_cortex_m.c.obj (.text:_c_int00_noargs)
                  00002c08    00000026     driverlib.a : dl_i2c.o (.text.DL_I2C_setClockConfig)
                  00002c2e    00000022     libc.a : memccpy.c.obj (.text.memccpy)
                  00002c50    00000018            : sprintf.c.obj (.text._outs)
                  00002c68    00000014     ti_msp_dl_config.o (.text.SYSCFG_DL_init)
                  00002c7c    00000010     libc.a : copy_zero_init.c.obj (.text:decompress:ZI)
                  00002c8c    0000000e     libclang_rt.builtins.a : aeabi_memset.S.obj (.text.__aeabi_memset)
                  00002c9a    0000000e     delay.o (.text.delay_ms)
                  00002ca8    0000000e     libc.a : _printfi.c.obj (.text.strlen)
                  00002cb6    00000002     libclang_rt.builtins.a : aeabi_div0.c.obj (.text.__aeabi_idiv0)
                  00002cb8    0000000c                            : aeabi_memset.S.obj (.text.__aeabi_memclr)
                  00002cc4    0000000a     driverlib.a : dl_common.o (.text.DL_Common_delayCycles)
                  00002cce    0000000a     libc.a : sprintf.c.obj (.text._outc)
                  00002cd8    00000008     libclang_rt.builtins.a : aeabi_memcpy.S.obj (.text.__aeabi_memcpy)
                  00002ce0    00000006     libc.a : exit.c.obj (.text:abort)
                  00002ce6    00000004     libsysbm.a : hostexit.c.obj (.text.HOSTexit)
                  00002cea    00000004     startup_mspm0g350x_ticlang.o (.text.Reset_Handler)
                  00002cee    00000004     libc.a : pre_init.c.obj (.text._system_pre_init)
                  00002cf2    00000006     --HOLE-- [fill = 0]

.cinit     0    000044e0    00000018     
                  000044e0    00000008     (.cinit..bss.load) [load image, compression = zero_init]
                  000044e8    00000004     (__TI_handler_table)
                  000044ec    00000008     (__TI_cinit_table)
                  000044f4    00000004     --HOLE-- [fill = 0]

.rodata    0    00002cf8    000017e8     
                  00002cf8    00000d5c     oled.o (.rodata.asc2_2412)
                  00003a54    000005f0     oled.o (.rodata.asc2_1608)
                  00004044    00000474     oled.o (.rodata.asc2_1206)
                  000044b8    00000011     libc.a : _printfi.c.obj (.rodata.str1.15363888844622738466.1)
                  000044c9    0000000c     empty.o (.rodata.str1.254342170260855183.1)
                  000044d5    00000007     empty.o (.rodata.str1.9517790425240694019.1)
                  000044dc    00000002     ti_msp_dl_config.o (.rodata.gOLEDClockConfig)
                  000044de    00000002     --HOLE-- [fill = 0]

.init_array 
*          0    00000000    00000000     UNINITIALIZED

.binit     0    00000000    00000000     

.bss       0    20200000    00000480     UNINITIALIZED
                  20200000    00000480     (.common:OLED_GRAM)

.stack     0    20207e00    00000200     UNINITIALIZED
                  20207e00    00000004     libc.a : boot_cortex_m.c.obj (.stack)
                  20207e04    000001fc     --HOLE--

__llvm_prf_cnts 
*          0    20200000    00000000     UNINITIALIZED

__llvm_prf_bits 
*          0    20200000    00000000     UNINITIALIZED

MODULE SUMMARY

       Module                         code    ro data   rw data
       ------                         ----    -------   -------
    .\
       oled.o                         9524    6080      1152   
       ti_msp_dl_config.o             296     2         0      
       startup_mspm0g350x_ticlang.o   6       192       0      
       empty.o                        68      19        0      
       delay.o                        14      0         0      
    +--+------------------------------+-------+---------+---------+
       Total:                         9908    6293      1152   
                                                               
    C:/TI/mspm0_sdk_2_10_00_04/source/ti/driverlib/lib/ticlang/m0p/mspm0g1x0x_g3x0x/driverlib.a
       dl_i2c.o                       132     0         0      
       dl_common.o                    10      0         0      
    +--+------------------------------+-------+---------+---------+
       Total:                         142     0         0      
                                                               
    D:\ti\ccs\ccs\tools\compiler\ti-cgt-armllvm_4.0.4.LTS\lib\armv6m-ti-none-eabi/c/libc.a
       _printfi.c.obj                 658     17        0      
       memcpy16.S.obj                 154     0         0      
       memset16.S.obj                 98      0         0      
       sprintf.c.obj                  90      0         0      
       autoinit.c.obj                 60      0         0      
       boot_cortex_m.c.obj            40      0         0      
       memccpy.c.obj                  34      0         0      
       copy_zero_init.c.obj           16      0         0      
       exit.c.obj                     6       0         0      
       pre_init.c.obj                 4       0         0      
    +--+------------------------------+-------+---------+---------+
       Total:                         1160    17        0      
                                                               
    D:\ti\ccs\ccs\tools\compiler\ti-cgt-armllvm_4.0.4.LTS\lib\armv6m-ti-none-eabi/c/libsysbm.a
       hostexit.c.obj                 4       0         0      
    +--+------------------------------+-------+---------+---------+
       Total:                         4       0         0      
                                                               
    D:\ti\ccs\ccs\tools\compiler\ti-cgt-armllvm_4.0.4.LTS\lib\armv6m-ti-none-eabi/libclang_rt.builtins.a
       aeabi_uidivmod.S.obj           64      0         0      
       aeabi_memset.S.obj             26      0         0      
       aeabi_memcpy.S.obj             8       0         0      
       aeabi_div0.c.obj               2       0         0      
    +--+------------------------------+-------+---------+---------+
       Total:                         100     0         0      
                                                               
       Stack:                         0       0         512    
       Linker Generated:              0       20        0      
    +--+------------------------------+-------+---------+---------+
       Grand Total:                   11314   6330      1664   


LINKER GENERATED COPY TABLES

__TI_cinit_table @ 000044ec records: 1, size/record: 8, table size: 8
	.bss: load addr=000044e0, load size=00000008 bytes, run addr=20200000, run size=00000480 bytes, compression=zero_init


LINKER GENERATED HANDLER TABLE

__TI_handler_table @ 000044e8 records: 1, size/record: 4, table size: 4
	index: 0, handler: __TI_zero_init


GLOBAL SYMBOLS: SORTED ALPHABETICALLY BY Name 

address   name                          
-------   ----                          
00002a33  ADC0_IRQHandler               
00002a33  ADC1_IRQHandler               
00002a33  AES_IRQHandler                
00002ce6  C$$EXIT                       
00002a33  CANFD0_IRQHandler             
00002a33  DAC0_IRQHandler               
00002cc5  DL_Common_delayCycles         
000029d5  DL_I2C_fillControllerTXFIFO   
00002c09  DL_I2C_setClockConfig         
00002a33  DMA_IRQHandler                
00002a33  Default_Handler               
00002a33  GROUP0_IRQHandler             
00002a33  GROUP1_IRQHandler             
00002ce7  HOSTexit                      
00002a33  HardFault_Handler             
00002a33  I2C0_IRQHandler               
00002a33  I2C1_IRQHandler               
00002a33  NMI_Handler                   
000016b5  OLED_Clear                    
20200000  OLED_GRAM                     
000000c1  OLED_Init                     
00002629  OLED_Refresh                  
000023c9  OLED_ShowString               
00002a33  PendSV_Handler                
00002a33  RTC_IRQHandler                
00002ceb  Reset_Handler                 
00002a33  SPI0_IRQHandler               
00002a33  SPI1_IRQHandler               
00002a33  SVC_Handler                   
00002a79  SYSCFG_DL_GPIO_init           
00002975  SYSCFG_DL_OLED_init           
00002ab9  SYSCFG_DL_SYSCTL_init         
00002c69  SYSCFG_DL_init                
00002bad  SYSCFG_DL_initPower           
00002a33  SysTick_Handler               
00002a33  TIMA0_IRQHandler              
00002a33  TIMA1_IRQHandler              
00002a33  TIMG0_IRQHandler              
00002a33  TIMG12_IRQHandler             
00002a33  TIMG6_IRQHandler              
00002a33  TIMG7_IRQHandler              
00002a33  TIMG8_IRQHandler              
00002a33  UART0_IRQHandler              
00002a33  UART1_IRQHandler              
00002a33  UART2_IRQHandler              
00002a33  UART3_IRQHandler              
20208000  __STACK_END                   
00000200  __STACK_SIZE                  
00000000  __TI_ATRegion0_region_sz      
00000000  __TI_ATRegion0_src_addr       
00000000  __TI_ATRegion0_trg_addr       
00000000  __TI_ATRegion1_region_sz      
00000000  __TI_ATRegion1_src_addr       
00000000  __TI_ATRegion1_trg_addr       
00000000  __TI_ATRegion2_region_sz      
00000000  __TI_ATRegion2_src_addr       
00000000  __TI_ATRegion2_trg_addr       
000044ec  __TI_CINIT_Base               
000044f4  __TI_CINIT_Limit              
000044f4  __TI_CINIT_Warm               
000044e8  __TI_Handler_Table_Base       
000044ec  __TI_Handler_Table_Limit      
00002b39  __TI_auto_init_nobinit_nopinit
ffffffff  __TI_pprof_out_hndl           
00002145  __TI_printfi_minimal          
ffffffff  __TI_prof_data_size           
ffffffff  __TI_prof_data_start          
00000000  __TI_static_base__            
00002c7d  __TI_zero_init                
00002cb7  __aeabi_idiv0                 
00002cb9  __aeabi_memclr                
00002cb9  __aeabi_memclr4               
00002cb9  __aeabi_memclr8               
00002cd9  __aeabi_memcpy                
00002cd9  __aeabi_memcpy4               
00002cd9  __aeabi_memcpy8               
00002c8d  __aeabi_memset                
00002c8d  __aeabi_memset4               
00002c8d  __aeabi_memset8               
00002af9  __aeabi_uidiv                 
00002af9  __aeabi_uidivmod              
ffffffff  __binit__                     
UNDEFED   __mpu_init                    
20207e00  __stack                       
20200000  __start___llvm_prf_bits       
20200000  __start___llvm_prf_cnts       
20200000  __stop___llvm_prf_bits        
20200000  __stop___llvm_prf_cnts        
00002be1  _c_int00_noargs               
UNDEFED   _system_post_cinit            
00002cef  _system_pre_init              
00002ce1  abort                         
00004044  asc2_1206                     
00003a54  asc2_1608                     
00002cf8  asc2_2412                     
ffffffff  binit                         
00002c9b  delay_ms                      
00000000  interruptVectors              
00002a35  main                          
00002c2f  memccpy                       
00002879  memcpy                        
00002913  memset                        
00002b75  sprintf                       


GLOBAL SYMBOLS: SORTED BY Symbol Address 

address   name                          
-------   ----                          
00000000  __TI_ATRegion0_region_sz      
00000000  __TI_ATRegion0_src_addr       
00000000  __TI_ATRegion0_trg_addr       
00000000  __TI_ATRegion1_region_sz      
00000000  __TI_ATRegion1_src_addr       
00000000  __TI_ATRegion1_trg_addr       
00000000  __TI_ATRegion2_region_sz      
00000000  __TI_ATRegion2_src_addr       
00000000  __TI_ATRegion2_trg_addr       
00000000  __TI_static_base__            
00000000  interruptVectors              
000000c1  OLED_Init                     
00000200  __STACK_SIZE                  
000016b5  OLED_Clear                    
00002145  __TI_printfi_minimal          
000023c9  OLED_ShowString               
00002629  OLED_Refresh                  
00002879  memcpy                        
00002913  memset                        
00002975  SYSCFG_DL_OLED_init           
000029d5  DL_I2C_fillControllerTXFIFO   
00002a33  ADC0_IRQHandler               
00002a33  ADC1_IRQHandler               
00002a33  AES_IRQHandler                
00002a33  CANFD0_IRQHandler             
00002a33  DAC0_IRQHandler               
00002a33  DMA_IRQHandler                
00002a33  Default_Handler               
00002a33  GROUP0_IRQHandler             
00002a33  GROUP1_IRQHandler             
00002a33  HardFault_Handler             
00002a33  I2C0_IRQHandler               
00002a33  I2C1_IRQHandler               
00002a33  NMI_Handler                   
00002a33  PendSV_Handler                
00002a33  RTC_IRQHandler                
00002a33  SPI0_IRQHandler               
00002a33  SPI1_IRQHandler               
00002a33  SVC_Handler                   
00002a33  SysTick_Handler               
00002a33  TIMA0_IRQHandler              
00002a33  TIMA1_IRQHandler              
00002a33  TIMG0_IRQHandler              
00002a33  TIMG12_IRQHandler             
00002a33  TIMG6_IRQHandler              
00002a33  TIMG7_IRQHandler              
00002a33  TIMG8_IRQHandler              
00002a33  UART0_IRQHandler              
00002a33  UART1_IRQHandler              
00002a33  UART2_IRQHandler              
00002a33  UART3_IRQHandler              
00002a35  main                          
00002a79  SYSCFG_DL_GPIO_init           
00002ab9  SYSCFG_DL_SYSCTL_init         
00002af9  __aeabi_uidiv                 
00002af9  __aeabi_uidivmod              
00002b39  __TI_auto_init_nobinit_nopinit
00002b75  sprintf                       
00002bad  SYSCFG_DL_initPower           
00002be1  _c_int00_noargs               
00002c09  DL_I2C_setClockConfig         
00002c2f  memccpy                       
00002c69  SYSCFG_DL_init                
00002c7d  __TI_zero_init                
00002c8d  __aeabi_memset                
00002c8d  __aeabi_memset4               
00002c8d  __aeabi_memset8               
00002c9b  delay_ms                      
00002cb7  __aeabi_idiv0                 
00002cb9  __aeabi_memclr                
00002cb9  __aeabi_memclr4               
00002cb9  __aeabi_memclr8               
00002cc5  DL_Common_delayCycles         
00002cd9  __aeabi_memcpy                
00002cd9  __aeabi_memcpy4               
00002cd9  __aeabi_memcpy8               
00002ce1  abort                         
00002ce6  C$$EXIT                       
00002ce7  HOSTexit                      
00002ceb  Reset_Handler                 
00002cef  _system_pre_init              
00002cf8  asc2_2412                     
00003a54  asc2_1608                     
00004044  asc2_1206                     
000044e8  __TI_Handler_Table_Base       
000044ec  __TI_CINIT_Base               
000044ec  __TI_Handler_Table_Limit      
000044f4  __TI_CINIT_Limit              
000044f4  __TI_CINIT_Warm               
20200000  OLED_GRAM                     
20200000  __start___llvm_prf_bits       
20200000  __start___llvm_prf_cnts       
20200000  __stop___llvm_prf_bits        
20200000  __stop___llvm_prf_cnts        
20207e00  __stack                       
20208000  __STACK_END                   
ffffffff  __TI_pprof_out_hndl           
ffffffff  __TI_prof_data_size           
ffffffff  __TI_prof_data_start          
ffffffff  __binit__                     
ffffffff  binit                         
UNDEFED   __mpu_init                    
UNDEFED   _system_post_cinit            

[103 symbols]
