******************************************************************************
            TI ARM Clang Linker PC v4.0.4                      
******************************************************************************
>> Linked Fri Jul 17 18:39:19 2026

OUTPUT FILE NAME:   <10-GraySensor.out>
ENTRY POINT SYMBOL: "_c_int00_noargs"  address: 000051ed


MEMORY CONFIGURATION

         name            origin    length      used     unused   attr    fill
----------------------  --------  ---------  --------  --------  ----  --------
  FLASH                 00000000   00020000  00005a90  0001a570  R  X
  SRAM                  20200000   00008000  000004af  00007b51  RW X
  BCR_CONFIG            41c00000   000000ff  00000000  000000ff  R   
  BSL_CONFIG            41c00100   00000080  00000000  00000080  R   


SEGMENT ALLOCATION MAP

run origin  load origin   length   init length attrs members
----------  ----------- ---------- ----------- ----- -------
00000000    00000000    00005a90   00005a90    r-x
  00000000    00000000    000000c0   000000c0    r-- .intvecs
  000000c0    000000c0    00005570   00005570    r-x .text
  00005630    00005630    000003f0   000003f0    r-- .rodata
  00005a20    00005a20    00000070   00000070    r-- .cinit
20200000    20200000    000002af   00000000    rw-
  20200000    20200000    00000200   00000000    rw- .bss
  20200200    20200200    000000af   00000000    rw- .data
20207e00    20207e00    00000200   00000000    rw-
  20207e00    20207e00    00000200   00000000    rw- .stack


SECTION ALLOCATION MAP

 output                                  attributes/
section   page    origin      length       input sections
--------  ----  ----------  ----------   ----------------
.intvecs   0    00000000    000000c0     
                  00000000    000000c0     startup_mspm0g350x_ticlang.o (.intvecs)

.text      0    000000c0    00005570     
                  000000c0    00000bdc     libc.a : _scanfi.c.obj (.text.__TI_scanfi)
                  00000c9c    000009d0            : _printfi.c.obj (.text:__TI_printfi)
                  0000166c    000003b8            : strtod.c.obj (.text.strtod)
                  00001a24    000002a8     ti_msp_dl_config.o (.text.SYSCFG_DL_SYSCTL_SYSPLL_init)
                  00001ccc    00000234     No_Mcu_Ganv_Grayscale_Sensor.o (.text.No_Mcu_Ganv_Sensor_Task_Without_tick)
                  00001f00    00000234     No_Mcu_Ganv_Grayscale_Sensor.o (.text.normalizeAnalogValues)
                  00002134    00000220     libc.a : _printfi.c.obj (.text._pconv_a)
                  00002354    000001e0            : strtoll.c.obj (.text.strtoll)
                  00002534    000001dc            : _printfi.c.obj (.text._pconv_g)
                  00002710    00000192     libclang_rt.builtins.a : adddf3.S.obj (.text.adddf3_subdf3)
                  000028a2    00000002     startup_mspm0g350x_ticlang.o (.text.Default_Handler)
                  000028a4    0000018c     No_Mcu_Ganv_Grayscale_Sensor.o (.text.No_MCU_Ganv_Sensor_Init)
                  00002a30    0000016c     libc.a : strtoull.c.obj (.text.strtoull)
                  00002b9c    00000160     main.o (.text.main)
                  00002cfc    00000144     libc.a : strtol.c.obj (.text.strtol)
                  00002e40    00000144     uart_vofa.o (.text.vofa_parse_packet)
                  00002f84    0000013c     libc.a : _printfi.c.obj (.text.fcvt)
                  000030c0    0000012c            : strtoul.c.obj (.text.strtoul)
                  000031ec    00000120     ti_msp_dl_config.o (.text.SYSCFG_DL_GPIO_init)
                  0000330c    00000120     libc.a : _printfi.c.obj (.text._pconv_e)
                  0000342c    00000118     main.o (.text.GROUP1_IRQHandler)
                  00003544    00000112     PID.o (.text.PID_Update)
                  00003656    00000002     libclang_rt.builtins.a : aeabi_div0.c.obj (.text.__aeabi_idiv0)
                  00003658    0000010c                            : divdf3.S.obj (.text.__divdf3)
                  00003764    00000108     motor.o (.text.calculate_speed)
                  0000386c    00000104     driverlib.a : dl_timer.o (.text.DL_Timer_initFourCCPWMMode)
                  00003970    000000fc                 : dl_timer.o (.text.DL_Timer_initTimerMode)
                  00003a6c    000000e4     libclang_rt.builtins.a : muldf3.S.obj (.text.__muldf3)
                  00003b50    000000dc     driverlib.a : dl_sysctl_mspm0g1x0x_g3x0x.o (.text.DL_SYSCTL_configSYSPLL)
                  00003c2c    000000d8     libc.a : s_scalbn.c.obj (.text.scalbn)
                  00003d04    000000d8     libclang_rt.builtins.a : addsf3.S.obj (.text)
                  00003ddc    000000d0     motor.o (.text.Motor_SetDuty)
                  00003eac    000000a8     ti_msp_dl_config.o (.text.SYSCFG_DL_SYSCTL_init)
                  00003f54    000000a2     libclang_rt.builtins.a : udivmoddi4.S.obj (.text)
                  00003ff6    0000009a     libc.a : memcpy16.S.obj (.text:memcpy)
                  00004090    0000008c     ti_msp_dl_config.o (.text.SYSCFG_DL_PWM1_init)
                  0000411c    0000008c     libclang_rt.builtins.a : mulsf3.S.obj (.text.__mulsf3)
                  000041a8    00000084     ADC.o (.text.adc_getValue)
                  0000422c    00000082     libclang_rt.builtins.a : divsf3.S.obj (.text.__divsf3)
                  000042ae    00000002                            : aeabi_div0.c.obj (.text.__aeabi_ldiv0)
                  000042b0    0000007c     ti_msp_dl_config.o (.text.SYSCFG_DL_initPower)
                  0000432c    0000007c     motor.o (.text.TIMA0_IRQHandler)
                  000043a8    0000007c     libc.a : copy_decompress_lzss.c.obj (.text:decompress:lzss)
                  00004424    00000078     motor.o (.text.Motor_Init)
                  0000449c    00000074     libclang_rt.builtins.a : comparedf2.c.obj (.text.__gedf2)
                  00004510    00000074                            : truncdfsf2.S.obj (.text.__truncdfsf2)
                  00004584    00000074     libc.a : sscanf.c.obj (.text._chkmbc)
                  000045f8    00000070     ti_msp_dl_config.o (.text.SYSCFG_DL_Serial_init)
                  00004668    00000068     libclang_rt.builtins.a : comparedf2.c.obj (.text.__ledf2)
                  000046d0    00000066     libc.a : _printfi.c.obj (.text._mcpy)
                  00004736    00000002     --HOLE-- [fill = 0]
                  00004738    00000064     ti_msp_dl_config.o (.text.SYSCFG_DL_ADC12_0_init)
                  0000479c    00000064     Serial.o (.text.Serial_Printf)
                  00004800    00000064     Serial.o (.text.UART0_IRQHandler)
                  00004864    00000062     libclang_rt.builtins.a : aeabi_dcmp.S.obj (.text.__aeabi_dcmp)
                  000048c6    00000002     --HOLE-- [fill = 0]
                  000048c8    00000062                            : aeabi_fcmp.S.obj (.text.__aeabi_fcmp)
                  0000492a    00000062     libc.a : memset16.S.obj (.text:memset)
                  0000498c    00000060     ti_msp_dl_config.o (.text.SYSCFG_DL_OLED_init)
                  000049ec    0000005c     libc.a : s_frexp.c.obj (.text.frexp)
                  00004a48    00000058            : _ltoa.c.obj (.text.__TI_ltoa)
                  00004aa0    00000058            : _printfi.c.obj (.text._pconv_f)
                  00004af8    00000056     libclang_rt.builtins.a : aeabi_idivmod.S.obj (.text.__aeabi_idivmod)
                  00004b4e    00000052     libc.a : _printfi.c.obj (.text._ecpy)
                  00004ba0    0000004c     driverlib.a : dl_dma.o (.text.DL_DMA_initChannel)
                  00004bec    0000004c     ti_msp_dl_config.o (.text.SYSCFG_DL_POT_init)
                  00004c38    0000004a     libclang_rt.builtins.a : fixdfsi.S.obj (.text.__fixdfsi)
                  00004c82    00000002     --HOLE-- [fill = 0]
                  00004c84    00000048     driverlib.a : dl_uart.o (.text.DL_UART_init)
                  00004ccc    00000044                 : dl_sysctl_mspm0g1x0x_g3x0x.o (.text.DL_SYSCTL_switchMCLKfromSYSOSCtoHSCLK)
                  00004d10    00000040                 : dl_adc12.o (.text.DL_ADC12_setClockConfig)
                  00004d50    00000040     libclang_rt.builtins.a : aeabi_uidivmod.S.obj (.text.__aeabi_uidivmod)
                  00004d90    00000040                            : extendsfdf2.S.obj (.text.__extendsfdf2)
                  00004dd0    00000040     libc.a : atoi.c.obj (.text.atoi)
                  00004e10    00000040            : vsnprintf.c.obj (.text.vsnprintf)
                  00004e50    0000003c     ti_msp_dl_config.o (.text.SYSCFG_DL_MOTOR_PID_init)
                  00004e8c    0000003c     ti_msp_dl_config.o (.text.SYSCFG_DL_init)
                  00004ec8    0000003c     libclang_rt.builtins.a : floatsisf.S.obj (.text.__floatsisf)
                  00004f04    0000003c                            : comparesf2.S.obj (.text.__gtsf2)
                  00004f40    0000003c     libc.a : autoinit.c.obj (.text:__TI_auto_init_nobinit_nopinit)
                  00004f7c    0000003a     libclang_rt.builtins.a : comparesf2.S.obj (.text.__eqsf2)
                  00004fb6    00000002     --HOLE-- [fill = 0]
                  00004fb8    0000003a                            : muldsi3.S.obj (.text.__muldsi3)
                  00004ff2    00000002     --HOLE-- [fill = 0]
                  00004ff4    00000038                            : fixsfsi.S.obj (.text.__fixsfsi)
                  0000502c    00000030     driverlib.a : dl_uart.o (.text.DL_UART_transmitDataBlocking)
                  0000505c    00000030     libc.a : _printfi.c.obj (.text._fcpy)
                  0000508c    00000030            : vsnprintf.c.obj (.text._outs)
                  000050bc    00000030            : sscanf.c.obj (.text.sscanf)
                  000050ec    0000002c     main.o (.text.__NVIC_EnableIRQ)
                  00005118    0000002c     motor.o (.text.__NVIC_EnableIRQ)
                  00005144    0000002c     libclang_rt.builtins.a : floatsidf.S.obj (.text.__floatsidf)
                  00005170    0000002a     delay.o (.text.delay_us)
                  0000519a    00000002     --HOLE-- [fill = 0]
                  0000519c    00000028     main.o (.text.DL_DMA_setDestAddr)
                  000051c4    00000028     main.o (.text.DL_DMA_setSrcAddr)
                  000051ec    00000028     libc.a : boot_cortex_m.c.obj (.text:_c_int00_noargs)
                  00005214    00000026     main.o (.text.DL_DMA_enableChannel)
                  0000523a    00000026     driverlib.a : dl_i2c.o (.text.DL_I2C_setClockConfig)
                  00005260    00000024     libclang_rt.builtins.a : floatunsidf.S.obj (.text.__floatunsidf)
                  00005284    00000024                            : muldi3.S.obj (.text.__muldi3)
                  000052a8    00000022     driverlib.a : dl_vref.o (.text.DL_VREF_configReference)
                  000052ca    00000022     libc.a : memccpy.c.obj (.text.memccpy)
                  000052ec    00000020     No_Mcu_Ganv_Grayscale_Sensor.o (.text.Get_Normalize_For_User)
                  0000530c    00000020     ti_msp_dl_config.o (.text.SYSCFG_DL_DMA_CH0_init)
                  0000532c    0000001e     libclang_rt.builtins.a : ashldi3.S.obj (.text.__ashldi3)
                  0000534a    00000002     --HOLE-- [fill = 0]
                  0000534c    0000001c     main.o (.text.DL_ADC12_startConversion)
                  00005368    0000001c     driverlib.a : dl_sysctl_mspm0g1x0x_g3x0x.o (.text.DL_SYSCTL_configFCC)
                  00005384    0000001c                 : dl_timer.o (.text.DL_Timer_setCaptCompUpdateMethod)
                  000053a0    0000001c                 : dl_timer.o (.text.DL_Timer_setClockConfig)
                  000053bc    00000018     motor.o (.text.DL_GPIO_setPins)
                  000053d4    00000018     driverlib.a : dl_timer.o (.text.DL_Timer_setCaptureCompareOutCtl)
                  000053ec    00000018     motor.o (.text.DL_Timer_startCounter)
                  00005404    00000018     No_Mcu_Ganv_Grayscale_Sensor.o (.text.Get_Anolog_Value)
                  0000541c    00000018     libc.a : vsnprintf.c.obj (.text._outc)
                  00005434    00000016     main.o (.text.DL_GPIO_readPins)
                  0000544a    00000016     libc.a : copy_zero_init.c.obj (.text:decompress:ZI:__TI_zero_init_nomemset)
                  00005460    00000014     motor.o (.text.DL_GPIO_clearPins)
                  00005474    00000014     ti_msp_dl_config.o (.text.SYSCFG_DL_VREF_init)
                  00005488    00000014     libclang_rt.builtins.a : aeabi_uldivmod.S.obj (.text.__aeabi_uldivmod)
                  0000549c    00000014     libc.a : sscanf.c.obj (.text._inpchar)
                  000054b0    00000014            : _printfi.c.obj (.text.strchr)
                  000054c4    00000012     main.o (.text.DL_GPIO_getPendingInterrupt)
                  000054d6    00000012     motor.o (.text.DL_Timer_getPendingInterrupt)
                  000054e8    00000012     driverlib.a : dl_uart.o (.text.DL_UART_setClockConfig)
                  000054fa    00000012     libc.a : copy_decompress_none.c.obj (.text:decompress:none)
                  0000550c    00000010     driverlib.a : dl_timer.o (.text.DL_Timer_setCaptureCompareValue)
                  0000551c    00000010     delay.o (.text.delay_ms)
                  0000552c    00000010     libc.a : wcslen.c.obj (.text.wcslen)
                  0000553c    0000000e            : _scanfi.c.obj (.text.OUTLINED_FUNCTION_1)
                  0000554a    0000000e            : _scanfi.c.obj (.text.OUTLINED_FUNCTION_2)
                  00005558    0000000e            : _scanfi.c.obj (.text.OUTLINED_FUNCTION_4)
                  00005566    00000002     --HOLE-- [fill = 0]
                  00005568    0000000e     libclang_rt.builtins.a : aeabi_memset.S.obj (.text.__aeabi_memset)
                  00005576    0000000e     libc.a : _printfi.c.obj (.text.strlen)
                  00005584    0000000c     libclang_rt.builtins.a : aeabi_memset.S.obj (.text.__aeabi_memclr)
                  00005590    0000000a     driverlib.a : dl_common.o (.text.DL_Common_delayCycles)
                  0000559a    0000000a     libc.a : _printfi.c.obj (.text.OUTLINED_FUNCTION_0)
                  000055a4    00000010     libclang_rt.builtins.a : adddf3.S.obj (.tramp.__aeabi_dsub.1)
                  000055b4    0000000a     libc.a : _printfi.c.obj (.text.OUTLINED_FUNCTION_1)
                  000055be    00000008            : _scanfi.c.obj (.text.OUTLINED_FUNCTION_0)
                  000055c6    00000008            : strtod.c.obj (.text.OUTLINED_FUNCTION_0)
                  000055ce    00000008            : strtod.c.obj (.text.OUTLINED_FUNCTION_1)
                  000055d6    00000002     --HOLE-- [fill = 0]
                  000055d8    00000010     libclang_rt.builtins.a : aeabi_dcmp.S.obj (.tramp.__aeabi_dcmpeq.1)
                  000055e8    00000008     ti_msp_dl_config.o (.text.SYSCFG_DL_DMA_init)
                  000055f0    00000008     libc.a : aeabi_portable.c.obj (.text.__aeabi_errno_addr)
                  000055f8    00000008     libclang_rt.builtins.a : aeabi_memcpy.S.obj (.text.__aeabi_memcpy)
                  00005600    00000008     libc.a : sscanf.c.obj (.text._uninpchar)
                  00005608    00000006     No_Mcu_Ganv_Grayscale_Sensor.o (.text.Get_Digtal_For_User)
                  0000560e    00000006     libc.a : _scanfi.c.obj (.text.OUTLINED_FUNCTION_3)
                  00005614    00000006            : exit.c.obj (.text:abort)
                  0000561a    00000004     libsysbm.a : hostexit.c.obj (.text.HOSTexit)
                  0000561e    00000004     startup_mspm0g350x_ticlang.o (.text.Reset_Handler)
                  00005622    00000004     libc.a : pre_init.c.obj (.text._system_pre_init)
                  00005626    0000000a     --HOLE-- [fill = 0]

.cinit     0    00005a20    00000070     
                  00005a20    00000045     (.cinit..data.load) [load image, compression = lzss]
                  00005a65    00000003     --HOLE-- [fill = 0]
                  00005a68    0000000c     (__TI_handler_table)
                  00005a74    00000008     (.cinit..bss.load) [load image, compression = zero_init]
                  00005a7c    00000010     (__TI_cinit_table)
                  00005a8c    00000004     --HOLE-- [fill = 0]

.rodata    0    00005630    000003f0     
                  00005630    00000101     libc.a : aeabi_ctype.S.obj (.rodata:__aeabi_ctype_table_)
                  00005731    00000007            : _scanfi.c.obj (.rodata._sproc_int.flit)
                  00005738    00000080            : strtod.c.obj (.rodata.digits)
                  000057b8    00000048            : strtod.c.obj (.rodata.powerof10)
                  00005800    00000028     ti_msp_dl_config.o (.rodata.gSYSPLLConfig)
                  00005828    0000001c     main.o (.rodata.str1.18227636981041470289.1)
                  00005844    0000001b     main.o (.rodata.str1.15159059442110792349.1)
                  0000585f    0000001b     main.o (.rodata.str1.17100691992556644108.1)
                  0000587a    0000001a     uart_vofa.o (.rodata.str1.3525884982530440565.1)
                  00005894    00000019     uart_vofa.o (.rodata.str1.12018046331864715227.1)
                  000058ad    00000003     ti_msp_dl_config.o (.rodata.gMOTOR_PIDClockConfig)
                  000058b0    00000018     ti_msp_dl_config.o (.rodata.gDMA_CH0Config)
                  000058c8    00000017     uart_vofa.o (.rodata.str1.12766991835680455076.1)
                  000058df    00000017     uart_vofa.o (.rodata.str1.13751049571886536493.1)
                  000058f6    00000016     uart_vofa.o (.rodata.str1.10007426210158661215.1)
                  0000590c    00000016     uart_vofa.o (.rodata.str1.10221566890288076482.1)
                  00005922    00000016     uart_vofa.o (.rodata.str1.9816347255389215823.1)
                  00005938    00000015     uart_vofa.o (.rodata.str1.12355927932414466940.1)
                  0000594d    00000015     uart_vofa.o (.rodata.str1.17669856794768950695.1)
                  00005962    00000015     uart_vofa.o (.rodata.str1.7946034338345620860.1)
                  00005977    00000001     --HOLE-- [fill = 0]
                  00005978    00000014     ti_msp_dl_config.o (.rodata.gMOTOR_PIDTimerConfig)
                  0000598c    00000014     main.o (.rodata.str1.8154729771448623357.1)
                  000059a0    00000011     libc.a : _printfi.c.obj (.rodata.str1.10348868589481759720.1)
                  000059b1    00000011            : _printfi.c.obj (.rodata.str1.15363888844622738466.1)
                  000059c2    0000000a     ti_msp_dl_config.o (.rodata.gSerialConfig)
                  000059cc    00000009     libc.a : _scanfi.c.obj (.rodata.str1.12964984209033246150.1)
                  000059d5    00000009     uart_vofa.o (.rodata.str1.2043762756400325134.1)
                  000059de    00000002     ti_msp_dl_config.o (.rodata.gOLEDClockConfig)
                  000059e0    00000008     libc.a : _scanfi.c.obj (.rodata..L__const._sproc_float.special)
                  000059e8    00000008     ti_msp_dl_config.o (.rodata.gADC12_0ClockConfig)
                  000059f0    00000008     ti_msp_dl_config.o (.rodata.gPOTClockConfig)
                  000059f8    00000008     ti_msp_dl_config.o (.rodata.gPWM1Config)
                  00005a00    00000008     ti_msp_dl_config.o (.rodata.gVREFConfig)
                  00005a08    00000006     libc.a : _scanfi.c.obj (.rodata._sproc_int.barr)
                  00005a0e    00000004            : _scanfi.c.obj (.rodata.str1.3403580589742030990.1)
                  00005a12    00000003     ti_msp_dl_config.o (.rodata.gPWM1ClockConfig)
                  00005a15    00000002     ti_msp_dl_config.o (.rodata.gSerialClockConfig)
                  00005a17    00000009     --HOLE-- [fill = 0]

.init_array 
*          0    00000000    00000000     UNINITIALIZED

.binit     0    00000000    00000000     

.bss       0    20200000    00000200     UNINITIALIZED
                  20200000    000000bc     (.common:gMOTOR_PIDBackup)
                  202000bc    00000001     (.common:Digtal)
                  202000bd    00000003     --HOLE--
                  202000c0    000000b0     (.common:sensor)
                  20200170    00000050     (.common:ADC_VALUE)
                  202001c0    00000040     (.common:Serial_RxPacket)

.data      0    20200200    000000af     UNINITIALIZED
                  20200200    0000002c     main.o (.data.Motor_Left)
                  2020022c    0000002c     main.o (.data.Motor_Right)
                  20200258    00000010     main.o (.data.Anolog)
                  20200268    00000010     main.o (.data.Normal)
                  20200278    00000010     main.o (.data.black)
                  20200288    00000010     main.o (.data.white)
                  20200298    00000004     main.o (.data.Encoder1_Count)
                  2020029c    00000004     main.o (.data.Encoder2_Count)
                  202002a0    00000004     libc.a : aeabi_portable.c.obj (.data.__aeabi_errno)
                  202002a4    00000004     motor.o (.data.speed_1)
                  202002a8    00000004     motor.o (.data.speed_2)
                  202002ac    00000001     Serial.o (.data.Serial_RxFlag)
                  202002ad    00000001     Serial.o (.data.Serial_RxIndex)
                  202002ae    00000001     main.o (.data.status)

.stack     0    20207e00    00000200     UNINITIALIZED
                  20207e00    00000004     libc.a : boot_cortex_m.c.obj (.stack)
                  20207e04    000001fc     --HOLE--

__llvm_prf_cnts 
*          0    20200000    00000000     UNINITIALIZED

__llvm_prf_bits 
*          0    20200000    00000000     UNINITIALIZED

MODULE SUMMARY

       Module                           code    ro data   rw data
       ------                           ----    -------   -------
    .\
       ti_msp_dl_config.o               1964    136       188    
       main.o                           862     102       338    
       startup_mspm0g350x_ticlang.o     6       192       0      
    +--+--------------------------------+-------+---------+---------+
       Total:                           2832    430       526    
                                                                 
    .\user_driver\
       No_Mcu_Ganv_Grayscale_Sensor.o   1586    0         0      
       motor.o                          846     0         8      
       uart_vofa.o                      324     235       0      
       PID.o                            274     0         0      
       Serial.o                         200     0         66     
       ADC.o                            132     0         80     
       delay.o                          58      0         0      
    +--+--------------------------------+-------+---------+---------+
       Total:                           3420    235       154    
                                                                 
    C:/TI/mspm0_sdk_2_10_00_04/source/ti/driverlib/lib/ticlang/m0p/mspm0g1x0x_g3x0x/driverlib.a
       dl_timer.o                       608     0         0      
       dl_sysctl_mspm0g1x0x_g3x0x.o     316     0         0      
       dl_uart.o                        138     0         0      
       dl_dma.o                         76      0         0      
       dl_adc12.o                       64      0         0      
       dl_i2c.o                         38      0         0      
       dl_vref.o                        34      0         0      
       dl_common.o                      10      0         0      
    +--+--------------------------------+-------+---------+---------+
       Total:                           1284    0         0      
                                                                 
    D:\ti\ccs\ccs\tools\compiler\ti-cgt-armllvm_4.0.4.LTS\lib\armv6m-ti-none-eabi/c/libc.a
       _printfi.c.obj                   4510    34        0      
       _scanfi.c.obj                    3092    34        0      
       strtod.c.obj                     968     200       0      
       strtoll.c.obj                    480     0         0      
       strtoull.c.obj                   364     0         0      
       strtol.c.obj                     324     0         0      
       strtoul.c.obj                    300     0         0      
       aeabi_ctype.S.obj                0       257       0      
       s_scalbn.c.obj                   216     0         0      
       sscanf.c.obj                     192     0         0      
       memcpy16.S.obj                   154     0         0      
       vsnprintf.c.obj                  136     0         0      
       copy_decompress_lzss.c.obj       124     0         0      
       memset16.S.obj                   98      0         0      
       s_frexp.c.obj                    92      0         0      
       _ltoa.c.obj                      88      0         0      
       atoi.c.obj                       64      0         0      
       autoinit.c.obj                   60      0         0      
       boot_cortex_m.c.obj              40      0         0      
       memccpy.c.obj                    34      0         0      
       copy_zero_init.c.obj             22      0         0      
       copy_decompress_none.c.obj       18      0         0      
       wcslen.c.obj                     16      0         0      
       aeabi_portable.c.obj             8       0         4      
       exit.c.obj                       6       0         0      
       pre_init.c.obj                   4       0         0      
    +--+--------------------------------+-------+---------+---------+
       Total:                           11410   525       4      
                                                                 
    D:\ti\ccs\ccs\tools\compiler\ti-cgt-armllvm_4.0.4.LTS\lib\armv6m-ti-none-eabi/c/libsysbm.a
       hostexit.c.obj                   4       0         0      
    +--+--------------------------------+-------+---------+---------+
       Total:                           4       0         0      
                                                                 
    D:\ti\ccs\ccs\tools\compiler\ti-cgt-armllvm_4.0.4.LTS\lib\armv6m-ti-none-eabi/libclang_rt.builtins.a
       adddf3.S.obj                     418     0         0      
       divdf3.S.obj                     268     0         0      
       muldf3.S.obj                     228     0         0      
       comparedf2.c.obj                 220     0         0      
       addsf3.S.obj                     216     0         0      
       udivmoddi4.S.obj                 162     0         0      
       mulsf3.S.obj                     140     0         0      
       divsf3.S.obj                     130     0         0      
       comparesf2.S.obj                 118     0         0      
       truncdfsf2.S.obj                 116     0         0      
       aeabi_dcmp.S.obj                 114     0         0      
       aeabi_fcmp.S.obj                 98      0         0      
       aeabi_idivmod.S.obj              86      0         0      
       fixdfsi.S.obj                    74      0         0      
       aeabi_uidivmod.S.obj             64      0         0      
       extendsfdf2.S.obj                64      0         0      
       floatsisf.S.obj                  60      0         0      
       muldsi3.S.obj                    58      0         0      
       fixsfsi.S.obj                    56      0         0      
       floatsidf.S.obj                  44      0         0      
       floatunsidf.S.obj                36      0         0      
       muldi3.S.obj                     36      0         0      
       ashldi3.S.obj                    30      0         0      
       aeabi_memset.S.obj               26      0         0      
       aeabi_uldivmod.S.obj             20      0         0      
       aeabi_memcpy.S.obj               8       0         0      
       aeabi_div0.c.obj                 4       0         0      
    +--+--------------------------------+-------+---------+---------+
       Total:                           2894    0         0      
                                                                 
       Stack:                           0       0         512    
       Linker Generated:                0       105       0      
    +--+--------------------------------+-------+---------+---------+
       Grand Total:                     21844   1295      1196   


LINKER GENERATED COPY TABLES

__TI_cinit_table @ 00005a7c records: 2, size/record: 8, table size: 16
	.data: load addr=00005a20, load size=00000045 bytes, run addr=20200200, run size=000000af bytes, compression=lzss
	.bss: load addr=00005a74, load size=00000008 bytes, run addr=20200000, run size=00000200 bytes, compression=zero_init


LINKER GENERATED HANDLER TABLE

__TI_handler_table @ 00005a68 records: 3, size/record: 4, table size: 12
	index: 0, handler: __TI_decompress_lzss
	index: 1, handler: __TI_decompress_none
	index: 2, handler: __TI_zero_init


FAR CALL TRAMPOLINES

callee name               trampoline name
   callee addr  tramp addr   call addr  call info
--------------  -----------  ---------  ----------------
__aeabi_dsub              $Tramp$TT$L$PI$$__aeabi_dsub
   00002711     000055a4     000055a2   libc.a : _printfi.c.obj (.text.OUTLINED_FUNCTION_0)
__aeabi_dcmpeq            $Tramp$TT$L$PI$$__aeabi_dcmpeq
   00004865     000055d8     000055d4   libc.a : strtod.c.obj (.text.OUTLINED_FUNCTION_1)

[2 trampolines]
[2 trampoline calls]


GLOBAL SYMBOLS: SORTED ALPHABETICALLY BY Name 

address   name                                 
-------   ----                                 
000028a3  ADC0_IRQHandler                      
000028a3  ADC1_IRQHandler                      
20200170  ADC_VALUE                            
000028a3  AES_IRQHandler                       
20200258  Anolog                               
0000561a  C$$EXIT                              
000028a3  CANFD0_IRQHandler                    
000028a3  DAC0_IRQHandler                      
00004d11  DL_ADC12_setClockConfig              
00005591  DL_Common_delayCycles                
00004ba1  DL_DMA_initChannel                   
0000523b  DL_I2C_setClockConfig                
00005369  DL_SYSCTL_configFCC                  
00003b51  DL_SYSCTL_configSYSPLL               
00004ccd  DL_SYSCTL_switchMCLKfromSYSOSCtoHSCLK
0000386d  DL_Timer_initFourCCPWMMode           
00003971  DL_Timer_initTimerMode               
00005385  DL_Timer_setCaptCompUpdateMethod     
000053d5  DL_Timer_setCaptureCompareOutCtl     
0000550d  DL_Timer_setCaptureCompareValue      
000053a1  DL_Timer_setClockConfig              
00004c85  DL_UART_init                         
000054e9  DL_UART_setClockConfig               
0000502d  DL_UART_transmitDataBlocking         
000052a9  DL_VREF_configReference              
000028a3  DMA_IRQHandler                       
000028a3  Default_Handler                      
202000bc  Digtal                               
20200298  Encoder1_Count                       
2020029c  Encoder2_Count                       
000028a3  GROUP0_IRQHandler                    
0000342d  GROUP1_IRQHandler                    
00005405  Get_Anolog_Value                     
00005609  Get_Digtal_For_User                  
000052ed  Get_Normalize_For_User               
0000561b  HOSTexit                             
000028a3  HardFault_Handler                    
000028a3  I2C0_IRQHandler                      
000028a3  I2C1_IRQHandler                      
00004425  Motor_Init                           
20200200  Motor_Left                           
2020022c  Motor_Right                          
00003ddd  Motor_SetDuty                        
000028a3  NMI_Handler                          
000028a5  No_MCU_Ganv_Sensor_Init              
00001ccd  No_Mcu_Ganv_Sensor_Task_Without_tick 
20200268  Normal                               
00003545  PID_Update                           
000028a3  PendSV_Handler                       
000028a3  RTC_IRQHandler                       
0000561f  Reset_Handler                        
000028a3  SPI0_IRQHandler                      
000028a3  SPI1_IRQHandler                      
000028a3  SVC_Handler                          
00004739  SYSCFG_DL_ADC12_0_init               
0000530d  SYSCFG_DL_DMA_CH0_init               
000055e9  SYSCFG_DL_DMA_init                   
000031ed  SYSCFG_DL_GPIO_init                  
00004e51  SYSCFG_DL_MOTOR_PID_init             
0000498d  SYSCFG_DL_OLED_init                  
00004bed  SYSCFG_DL_POT_init                   
00004091  SYSCFG_DL_PWM1_init                  
00001a25  SYSCFG_DL_SYSCTL_SYSPLL_init         
00003ead  SYSCFG_DL_SYSCTL_init                
000045f9  SYSCFG_DL_Serial_init                
00005475  SYSCFG_DL_VREF_init                  
00004e8d  SYSCFG_DL_init                       
000042b1  SYSCFG_DL_initPower                  
0000479d  Serial_Printf                        
202002ac  Serial_RxFlag                        
202001c0  Serial_RxPacket                      
000028a3  SysTick_Handler                      
0000432d  TIMA0_IRQHandler                     
000028a3  TIMA1_IRQHandler                     
000028a3  TIMG0_IRQHandler                     
000028a3  TIMG12_IRQHandler                    
000028a3  TIMG6_IRQHandler                     
000028a3  TIMG7_IRQHandler                     
000028a3  TIMG8_IRQHandler                     
00004801  UART0_IRQHandler                     
000028a3  UART1_IRQHandler                     
000028a3  UART2_IRQHandler                     
000028a3  UART3_IRQHandler                     
20208000  __STACK_END                          
00000200  __STACK_SIZE                         
00000000  __TI_ATRegion0_region_sz             
00000000  __TI_ATRegion0_src_addr              
00000000  __TI_ATRegion0_trg_addr              
00000000  __TI_ATRegion1_region_sz             
00000000  __TI_ATRegion1_src_addr              
00000000  __TI_ATRegion1_trg_addr              
00000000  __TI_ATRegion2_region_sz             
00000000  __TI_ATRegion2_src_addr              
00000000  __TI_ATRegion2_trg_addr              
00005a7c  __TI_CINIT_Base                      
00005a8c  __TI_CINIT_Limit                     
00005a8c  __TI_CINIT_Warm                      
00005a68  __TI_Handler_Table_Base              
00005a74  __TI_Handler_Table_Limit             
00004f41  __TI_auto_init_nobinit_nopinit       
000043a9  __TI_decompress_lzss                 
000054fb  __TI_decompress_none                 
00004a49  __TI_ltoa                            
ffffffff  __TI_pprof_out_hndl                  
00000c9d  __TI_printfi                         
ffffffff  __TI_prof_data_size                  
ffffffff  __TI_prof_data_start                 
000000c1  __TI_scanfi                          
00000000  __TI_static_base__                   
0000544b  __TI_zero_init_nomemset              
0000271b  __adddf3                             
00003d0f  __addsf3                             
00005630  __aeabi_ctype_table_                 
00005630  __aeabi_ctype_table_C                
00004511  __aeabi_d2f                          
00004c39  __aeabi_d2iz                         
0000271b  __aeabi_dadd                         
00004865  __aeabi_dcmpeq                       
000048a1  __aeabi_dcmpge                       
000048b5  __aeabi_dcmpgt                       
0000488d  __aeabi_dcmple                       
00004879  __aeabi_dcmplt                       
00003659  __aeabi_ddiv                         
00003a6d  __aeabi_dmul                         
00002711  __aeabi_dsub                         
202002a0  __aeabi_errno                        
000055f1  __aeabi_errno_addr                   
00004d91  __aeabi_f2d                          
00004ff5  __aeabi_f2iz                         
00003d0f  __aeabi_fadd                         
000048c9  __aeabi_fcmpeq                       
00004905  __aeabi_fcmpge                       
00004919  __aeabi_fcmpgt                       
000048f1  __aeabi_fcmple                       
000048dd  __aeabi_fcmplt                       
0000422d  __aeabi_fdiv                         
0000411d  __aeabi_fmul                         
00003d05  __aeabi_fsub                         
00005145  __aeabi_i2d                          
00004ec9  __aeabi_i2f                          
00004af9  __aeabi_idiv                         
00003657  __aeabi_idiv0                        
00004af9  __aeabi_idivmod                      
000042af  __aeabi_ldiv0                        
0000532d  __aeabi_llsl                         
00005285  __aeabi_lmul                         
00005585  __aeabi_memclr                       
00005585  __aeabi_memclr4                      
00005585  __aeabi_memclr8                      
000055f9  __aeabi_memcpy                       
000055f9  __aeabi_memcpy4                      
000055f9  __aeabi_memcpy8                      
00005569  __aeabi_memset                       
00005569  __aeabi_memset4                      
00005569  __aeabi_memset8                      
00005261  __aeabi_ui2d                         
00004d51  __aeabi_uidiv                        
00004d51  __aeabi_uidivmod                     
00005489  __aeabi_uldivmod                     
0000532d  __ashldi3                            
ffffffff  __binit__                            
00004669  __cmpdf2                             
00004f7d  __cmpsf2                             
00003659  __divdf3                             
0000422d  __divsf3                             
00004669  __eqdf2                              
00004f7d  __eqsf2                              
00004d91  __extendsfdf2                        
00004c39  __fixdfsi                            
00004ff5  __fixsfsi                            
00005145  __floatsidf                          
00004ec9  __floatsisf                          
00005261  __floatunsidf                        
0000449d  __gedf2                              
00004f05  __gesf2                              
0000449d  __gtdf2                              
00004f05  __gtsf2                              
00004669  __ledf2                              
00004f7d  __lesf2                              
00004669  __ltdf2                              
00004f7d  __ltsf2                              
UNDEFED   __mpu_init                           
00003a6d  __muldf3                             
00005285  __muldi3                             
00004fb9  __muldsi3                            
0000411d  __mulsf3                             
00004669  __nedf2                              
00004f7d  __nesf2                              
20207e00  __stack                              
20200000  __start___llvm_prf_bits              
20200000  __start___llvm_prf_cnts              
20200000  __stop___llvm_prf_bits               
20200000  __stop___llvm_prf_cnts               
00002711  __subdf3                             
00003d05  __subsf3                             
00004511  __truncdfsf2                         
00003f55  __udivmoddi4                         
000051ed  _c_int00_noargs                      
UNDEFED   _system_post_cinit                   
00005623  _system_pre_init                     
00005615  abort                                
000041a9  adc_getValue                         
00004dd1  atoi                                 
ffffffff  binit                                
20200278  black                                
00003765  calculate_speed                      
0000551d  delay_ms                             
00005171  delay_us                             
000049ed  frexp                                
000049ed  frexpl                               
20200000  gMOTOR_PIDBackup                     
00000000  interruptVectors                     
00003c2d  ldexp                                
00003c2d  ldexpl                               
00002b9d  main                                 
000052cb  memccpy                              
00003ff7  memcpy                               
0000492b  memset                               
00001f01  normalizeAnalogValues                
00003c2d  scalbn                               
00003c2d  scalbnl                              
202000c0  sensor                               
202002a4  speed_1                              
202002a8  speed_2                              
000050bd  sscanf                               
202002ae  status                               
0000166d  strtod                               
00002cfd  strtol                               
0000166d  strtold                              
00002355  strtoll                              
000030c1  strtoul                              
00002a31  strtoull                             
00002e41  vofa_parse_packet                    
00004e11  vsnprintf                            
0000552d  wcslen                               
20200288  white                                


GLOBAL SYMBOLS: SORTED BY Symbol Address 

address   name                                 
-------   ----                                 
00000000  __TI_ATRegion0_region_sz             
00000000  __TI_ATRegion0_src_addr              
00000000  __TI_ATRegion0_trg_addr              
00000000  __TI_ATRegion1_region_sz             
00000000  __TI_ATRegion1_src_addr              
00000000  __TI_ATRegion1_trg_addr              
00000000  __TI_ATRegion2_region_sz             
00000000  __TI_ATRegion2_src_addr              
00000000  __TI_ATRegion2_trg_addr              
00000000  __TI_static_base__                   
00000000  interruptVectors                     
000000c1  __TI_scanfi                          
00000200  __STACK_SIZE                         
00000c9d  __TI_printfi                         
0000166d  strtod                               
0000166d  strtold                              
00001a25  SYSCFG_DL_SYSCTL_SYSPLL_init         
00001ccd  No_Mcu_Ganv_Sensor_Task_Without_tick 
00001f01  normalizeAnalogValues                
00002355  strtoll                              
00002711  __aeabi_dsub                         
00002711  __subdf3                             
0000271b  __adddf3                             
0000271b  __aeabi_dadd                         
000028a3  ADC0_IRQHandler                      
000028a3  ADC1_IRQHandler                      
000028a3  AES_IRQHandler                       
000028a3  CANFD0_IRQHandler                    
000028a3  DAC0_IRQHandler                      
000028a3  DMA_IRQHandler                       
000028a3  Default_Handler                      
000028a3  GROUP0_IRQHandler                    
000028a3  HardFault_Handler                    
000028a3  I2C0_IRQHandler                      
000028a3  I2C1_IRQHandler                      
000028a3  NMI_Handler                          
000028a3  PendSV_Handler                       
000028a3  RTC_IRQHandler                       
000028a3  SPI0_IRQHandler                      
000028a3  SPI1_IRQHandler                      
000028a3  SVC_Handler                          
000028a3  SysTick_Handler                      
000028a3  TIMA1_IRQHandler                     
000028a3  TIMG0_IRQHandler                     
000028a3  TIMG12_IRQHandler                    
000028a3  TIMG6_IRQHandler                     
000028a3  TIMG7_IRQHandler                     
000028a3  TIMG8_IRQHandler                     
000028a3  UART1_IRQHandler                     
000028a3  UART2_IRQHandler                     
000028a3  UART3_IRQHandler                     
000028a5  No_MCU_Ganv_Sensor_Init              
00002a31  strtoull                             
00002b9d  main                                 
00002cfd  strtol                               
00002e41  vofa_parse_packet                    
000030c1  strtoul                              
000031ed  SYSCFG_DL_GPIO_init                  
0000342d  GROUP1_IRQHandler                    
00003545  PID_Update                           
00003657  __aeabi_idiv0                        
00003659  __aeabi_ddiv                         
00003659  __divdf3                             
00003765  calculate_speed                      
0000386d  DL_Timer_initFourCCPWMMode           
00003971  DL_Timer_initTimerMode               
00003a6d  __aeabi_dmul                         
00003a6d  __muldf3                             
00003b51  DL_SYSCTL_configSYSPLL               
00003c2d  ldexp                                
00003c2d  ldexpl                               
00003c2d  scalbn                               
00003c2d  scalbnl                              
00003d05  __aeabi_fsub                         
00003d05  __subsf3                             
00003d0f  __addsf3                             
00003d0f  __aeabi_fadd                         
00003ddd  Motor_SetDuty                        
00003ead  SYSCFG_DL_SYSCTL_init                
00003f55  __udivmoddi4                         
00003ff7  memcpy                               
00004091  SYSCFG_DL_PWM1_init                  
0000411d  __aeabi_fmul                         
0000411d  __mulsf3                             
000041a9  adc_getValue                         
0000422d  __aeabi_fdiv                         
0000422d  __divsf3                             
000042af  __aeabi_ldiv0                        
000042b1  SYSCFG_DL_initPower                  
0000432d  TIMA0_IRQHandler                     
000043a9  __TI_decompress_lzss                 
00004425  Motor_Init                           
0000449d  __gedf2                              
0000449d  __gtdf2                              
00004511  __aeabi_d2f                          
00004511  __truncdfsf2                         
000045f9  SYSCFG_DL_Serial_init                
00004669  __cmpdf2                             
00004669  __eqdf2                              
00004669  __ledf2                              
00004669  __ltdf2                              
00004669  __nedf2                              
00004739  SYSCFG_DL_ADC12_0_init               
0000479d  Serial_Printf                        
00004801  UART0_IRQHandler                     
00004865  __aeabi_dcmpeq                       
00004879  __aeabi_dcmplt                       
0000488d  __aeabi_dcmple                       
000048a1  __aeabi_dcmpge                       
000048b5  __aeabi_dcmpgt                       
000048c9  __aeabi_fcmpeq                       
000048dd  __aeabi_fcmplt                       
000048f1  __aeabi_fcmple                       
00004905  __aeabi_fcmpge                       
00004919  __aeabi_fcmpgt                       
0000492b  memset                               
0000498d  SYSCFG_DL_OLED_init                  
000049ed  frexp                                
000049ed  frexpl                               
00004a49  __TI_ltoa                            
00004af9  __aeabi_idiv                         
00004af9  __aeabi_idivmod                      
00004ba1  DL_DMA_initChannel                   
00004bed  SYSCFG_DL_POT_init                   
00004c39  __aeabi_d2iz                         
00004c39  __fixdfsi                            
00004c85  DL_UART_init                         
00004ccd  DL_SYSCTL_switchMCLKfromSYSOSCtoHSCLK
00004d11  DL_ADC12_setClockConfig              
00004d51  __aeabi_uidiv                        
00004d51  __aeabi_uidivmod                     
00004d91  __aeabi_f2d                          
00004d91  __extendsfdf2                        
00004dd1  atoi                                 
00004e11  vsnprintf                            
00004e51  SYSCFG_DL_MOTOR_PID_init             
00004e8d  SYSCFG_DL_init                       
00004ec9  __aeabi_i2f                          
00004ec9  __floatsisf                          
00004f05  __gesf2                              
00004f05  __gtsf2                              
00004f41  __TI_auto_init_nobinit_nopinit       
00004f7d  __cmpsf2                             
00004f7d  __eqsf2                              
00004f7d  __lesf2                              
00004f7d  __ltsf2                              
00004f7d  __nesf2                              
00004fb9  __muldsi3                            
00004ff5  __aeabi_f2iz                         
00004ff5  __fixsfsi                            
0000502d  DL_UART_transmitDataBlocking         
000050bd  sscanf                               
00005145  __aeabi_i2d                          
00005145  __floatsidf                          
00005171  delay_us                             
000051ed  _c_int00_noargs                      
0000523b  DL_I2C_setClockConfig                
00005261  __aeabi_ui2d                         
00005261  __floatunsidf                        
00005285  __aeabi_lmul                         
00005285  __muldi3                             
000052a9  DL_VREF_configReference              
000052cb  memccpy                              
000052ed  Get_Normalize_For_User               
0000530d  SYSCFG_DL_DMA_CH0_init               
0000532d  __aeabi_llsl                         
0000532d  __ashldi3                            
00005369  DL_SYSCTL_configFCC                  
00005385  DL_Timer_setCaptCompUpdateMethod     
000053a1  DL_Timer_setClockConfig              
000053d5  DL_Timer_setCaptureCompareOutCtl     
00005405  Get_Anolog_Value                     
0000544b  __TI_zero_init_nomemset              
00005475  SYSCFG_DL_VREF_init                  
00005489  __aeabi_uldivmod                     
000054e9  DL_UART_setClockConfig               
000054fb  __TI_decompress_none                 
0000550d  DL_Timer_setCaptureCompareValue      
0000551d  delay_ms                             
0000552d  wcslen                               
00005569  __aeabi_memset                       
00005569  __aeabi_memset4                      
00005569  __aeabi_memset8                      
00005585  __aeabi_memclr                       
00005585  __aeabi_memclr4                      
00005585  __aeabi_memclr8                      
00005591  DL_Common_delayCycles                
000055e9  SYSCFG_DL_DMA_init                   
000055f1  __aeabi_errno_addr                   
000055f9  __aeabi_memcpy                       
000055f9  __aeabi_memcpy4                      
000055f9  __aeabi_memcpy8                      
00005609  Get_Digtal_For_User                  
00005615  abort                                
0000561a  C$$EXIT                              
0000561b  HOSTexit                             
0000561f  Reset_Handler                        
00005623  _system_pre_init                     
00005630  __aeabi_ctype_table_                 
00005630  __aeabi_ctype_table_C                
00005a68  __TI_Handler_Table_Base              
00005a74  __TI_Handler_Table_Limit             
00005a7c  __TI_CINIT_Base                      
00005a8c  __TI_CINIT_Limit                     
00005a8c  __TI_CINIT_Warm                      
20200000  __start___llvm_prf_bits              
20200000  __start___llvm_prf_cnts              
20200000  __stop___llvm_prf_bits               
20200000  __stop___llvm_prf_cnts               
20200000  gMOTOR_PIDBackup                     
202000bc  Digtal                               
202000c0  sensor                               
20200170  ADC_VALUE                            
202001c0  Serial_RxPacket                      
20200200  Motor_Left                           
2020022c  Motor_Right                          
20200258  Anolog                               
20200268  Normal                               
20200278  black                                
20200288  white                                
20200298  Encoder1_Count                       
2020029c  Encoder2_Count                       
202002a0  __aeabi_errno                        
202002a4  speed_1                              
202002a8  speed_2                              
202002ac  Serial_RxFlag                        
202002ae  status                               
20207e00  __stack                              
20208000  __STACK_END                          
ffffffff  __TI_pprof_out_hndl                  
ffffffff  __TI_prof_data_size                  
ffffffff  __TI_prof_data_start                 
ffffffff  __binit__                            
ffffffff  binit                                
UNDEFED   __mpu_init                           
UNDEFED   _system_post_cinit                   

[236 symbols]
