******************************************************************************
            TI ARM Clang Linker PC v4.0.4                      
******************************************************************************
>> Linked Wed Jul 15 17:48:30 2026

OUTPUT FILE NAME:   <10-GraySensor.out>
ENTRY POINT SYMBOL: "_c_int00_noargs"  address: 0000536d


MEMORY CONFIGURATION

         name            origin    length      used     unused   attr    fill
----------------------  --------  ---------  --------  --------  ----  --------
  FLASH                 00000000   00020000  00005ba0  0001a460  R  X
  SRAM                  20200000   00008000  0000049b  00007b65  RW X
  BCR_CONFIG            41c00000   000000ff  00000000  000000ff  R   
  BSL_CONFIG            41c00100   00000080  00000000  00000080  R   


SEGMENT ALLOCATION MAP

run origin  load origin   length   init length attrs members
----------  ----------- ---------- ----------- ----- -------
00000000    00000000    00005ba0   00005ba0    r-x
  00000000    00000000    000000c0   000000c0    r-- .intvecs
  000000c0    000000c0    000056b0   000056b0    r-x .text
  00005770    00005770    000003c0   000003c0    r-- .rodata
  00005b30    00005b30    00000070   00000070    r-- .cinit
20200000    20200000    0000029b   00000000    rw-
  20200000    20200000    00000200   00000000    rw- .bss
  20200200    20200200    0000009b   00000000    rw- .data
20207e00    20207e00    00000200   00000000    rw-
  20207e00    20207e00    00000200   00000000    rw- .stack


SECTION ALLOCATION MAP

 output                                  attributes/
section   page    origin      length       input sections
--------  ----  ----------  ----------   ----------------
.intvecs   0    00000000    000000c0     
                  00000000    000000c0     startup_mspm0g350x_ticlang.o (.intvecs)

.text      0    000000c0    000056b0     
                  000000c0    00000bdc     libc.a : _scanfi.c.obj (.text.__TI_scanfi)
                  00000c9c    000009d0            : _printfi.c.obj (.text:__TI_printfi)
                  0000166c    000003b8            : strtod.c.obj (.text.strtod)
                  00001a24    000002a8     ti_msp_dl_config.o (.text.SYSCFG_DL_SYSCTL_SYSPLL_init)
                  00001ccc    00000234     No_Mcu_Ganv_Grayscale_Sensor.o (.text.No_Mcu_Ganv_Sensor_Task_Without_tick)
                  00001f00    00000234     No_Mcu_Ganv_Grayscale_Sensor.o (.text.normalizeAnalogValues)
                  00002134    00000220     libc.a : _printfi.c.obj (.text._pconv_a)
                  00002354    000001e0            : strtoll.c.obj (.text.strtoll)
                  00002534    000001dc            : _printfi.c.obj (.text._pconv_g)
                  00002710    00000192     libclang_rt.builtins.a : adddf3.S.obj (.text.adddf3_subdf3)
                  000028a2    00000002     startup_mspm0g350x_ticlang.o (.text.Default_Handler)
                  000028a4    0000018c     No_Mcu_Ganv_Grayscale_Sensor.o (.text.No_MCU_Ganv_Sensor_Init)
                  00002a30    00000170     No_Mcu_Ganv_Grayscale_Sensor.o (.text.GraySensor_GetLineError)
                  00002ba0    0000016c     libc.a : strtoull.c.obj (.text.strtoull)
                  00002d0c    00000144            : strtol.c.obj (.text.strtol)
                  00002e50    00000144     uart_vofa.o (.text.vofa_parse_packet)
                  00002f94    0000013c     libc.a : _printfi.c.obj (.text.fcvt)
                  000030d0    0000012c            : strtoul.c.obj (.text.strtoul)
                  000031fc    00000120     ti_msp_dl_config.o (.text.SYSCFG_DL_GPIO_init)
                  0000331c    00000120     libc.a : _printfi.c.obj (.text._pconv_e)
                  0000343c    00000118     main.o (.text.main)
                  00003554    0000010c     libclang_rt.builtins.a : divdf3.S.obj (.text.__divdf3)
                  00003660    00000104     driverlib.a : dl_timer.o (.text.DL_Timer_initFourCCPWMMode)
                  00003764    00000100     motor.o (.text.calculate_speed)
                  00003864    000000fc     driverlib.a : dl_timer.o (.text.DL_Timer_initTimerMode)
                  00003960    000000ec     main.o (.text.Car_LineControl)
                  00003a4c    000000e4     libclang_rt.builtins.a : muldf3.S.obj (.text.__muldf3)
                  00003b30    000000dc     driverlib.a : dl_sysctl_mspm0g1x0x_g3x0x.o (.text.DL_SYSCTL_configSYSPLL)
                  00003c0c    000000d8     libc.a : s_scalbn.c.obj (.text.scalbn)
                  00003ce4    000000d8     libclang_rt.builtins.a : addsf3.S.obj (.text)
                  00003dbc    000000d0     motor.o (.text.Motor_SetDuty)
                  00003e8c    000000c4     main.o (.text.GROUP1_IRQHandler)
                  00003f50    000000a8     ti_msp_dl_config.o (.text.SYSCFG_DL_SYSCTL_init)
                  00003ff8    000000a2     libclang_rt.builtins.a : udivmoddi4.S.obj (.text)
                  0000409a    0000009a     libc.a : memcpy16.S.obj (.text:memcpy)
                  00004134    00000090     PID.o (.text.PID_Update)
                  000041c4    0000008c     ti_msp_dl_config.o (.text.SYSCFG_DL_PWM1_init)
                  00004250    0000008c     libclang_rt.builtins.a : mulsf3.S.obj (.text.__mulsf3)
                  000042dc    00000084     ADC.o (.text.adc_getValue)
                  00004360    00000082     libclang_rt.builtins.a : divsf3.S.obj (.text.__divsf3)
                  000043e2    00000002                            : aeabi_div0.c.obj (.text.__aeabi_idiv0)
                  000043e4    0000007c     ti_msp_dl_config.o (.text.SYSCFG_DL_initPower)
                  00004460    0000007c     motor.o (.text.TIMA0_IRQHandler)
                  000044dc    0000007c     libc.a : copy_decompress_lzss.c.obj (.text:decompress:lzss)
                  00004558    00000078     motor.o (.text.Motor_Init)
                  000045d0    00000074     libclang_rt.builtins.a : comparedf2.c.obj (.text.__gedf2)
                  00004644    0000000c     No_Mcu_Ganv_Grayscale_Sensor.o (.text.GraySensor_GetLostFlag)
                  00004650    00000074     libclang_rt.builtins.a : truncdfsf2.S.obj (.text.__truncdfsf2)
                  000046c4    00000074     libc.a : sscanf.c.obj (.text._chkmbc)
                  00004738    00000070     ti_msp_dl_config.o (.text.SYSCFG_DL_Serial_init)
                  000047a8    00000068     libclang_rt.builtins.a : comparedf2.c.obj (.text.__ledf2)
                  00004810    00000066     libc.a : _printfi.c.obj (.text._mcpy)
                  00004876    00000002     libclang_rt.builtins.a : aeabi_div0.c.obj (.text.__aeabi_ldiv0)
                  00004878    00000064     ti_msp_dl_config.o (.text.SYSCFG_DL_ADC12_0_init)
                  000048dc    00000064     Serial.o (.text.Serial_Printf)
                  00004940    00000064     Serial.o (.text.UART0_IRQHandler)
                  000049a4    00000062     libclang_rt.builtins.a : aeabi_dcmp.S.obj (.text.__aeabi_dcmp)
                  00004a06    00000002     --HOLE-- [fill = 0]
                  00004a08    00000062                            : aeabi_fcmp.S.obj (.text.__aeabi_fcmp)
                  00004a6a    00000062     libc.a : memset16.S.obj (.text:memset)
                  00004acc    00000060     ti_msp_dl_config.o (.text.SYSCFG_DL_OLED_init)
                  00004b2c    0000005c     libc.a : s_frexp.c.obj (.text.frexp)
                  00004b88    00000058            : _ltoa.c.obj (.text.__TI_ltoa)
                  00004be0    00000058            : _printfi.c.obj (.text._pconv_f)
                  00004c38    00000056     libclang_rt.builtins.a : aeabi_idivmod.S.obj (.text.__aeabi_idivmod)
                  00004c8e    00000052     libc.a : _printfi.c.obj (.text._ecpy)
                  00004ce0    0000004c     driverlib.a : dl_dma.o (.text.DL_DMA_initChannel)
                  00004d2c    0000004c     ti_msp_dl_config.o (.text.SYSCFG_DL_POT_init)
                  00004d78    0000004a     libclang_rt.builtins.a : fixdfsi.S.obj (.text.__fixdfsi)
                  00004dc2    00000002     --HOLE-- [fill = 0]
                  00004dc4    00000048     driverlib.a : dl_uart.o (.text.DL_UART_init)
                  00004e0c    00000044                 : dl_sysctl_mspm0g1x0x_g3x0x.o (.text.DL_SYSCTL_switchMCLKfromSYSOSCtoHSCLK)
                  00004e50    00000040                 : dl_adc12.o (.text.DL_ADC12_setClockConfig)
                  00004e90    00000040     main.o (.text.Limit_Float)
                  00004ed0    00000040     libclang_rt.builtins.a : aeabi_uidivmod.S.obj (.text.__aeabi_uidivmod)
                  00004f10    00000040                            : extendsfdf2.S.obj (.text.__extendsfdf2)
                  00004f50    00000040     libc.a : atoi.c.obj (.text.atoi)
                  00004f90    00000040            : vsnprintf.c.obj (.text.vsnprintf)
                  00004fd0    0000003c     ti_msp_dl_config.o (.text.SYSCFG_DL_MOTOR_PID_init)
                  0000500c    0000003c     ti_msp_dl_config.o (.text.SYSCFG_DL_init)
                  00005048    0000003c     libclang_rt.builtins.a : floatsisf.S.obj (.text.__floatsisf)
                  00005084    0000003c                            : comparesf2.S.obj (.text.__gtsf2)
                  000050c0    0000003c     libc.a : autoinit.c.obj (.text:__TI_auto_init_nobinit_nopinit)
                  000050fc    0000003a     libclang_rt.builtins.a : comparesf2.S.obj (.text.__eqsf2)
                  00005136    00000002     --HOLE-- [fill = 0]
                  00005138    0000003a                            : muldsi3.S.obj (.text.__muldsi3)
                  00005172    00000002     --HOLE-- [fill = 0]
                  00005174    00000038                            : fixsfsi.S.obj (.text.__fixsfsi)
                  000051ac    00000030     driverlib.a : dl_uart.o (.text.DL_UART_transmitDataBlocking)
                  000051dc    00000030     libc.a : _printfi.c.obj (.text._fcpy)
                  0000520c    00000030            : vsnprintf.c.obj (.text._outs)
                  0000523c    00000030            : sscanf.c.obj (.text.sscanf)
                  0000526c    0000002c     main.o (.text.__NVIC_EnableIRQ)
                  00005298    0000002c     motor.o (.text.__NVIC_EnableIRQ)
                  000052c4    0000002c     libclang_rt.builtins.a : floatsidf.S.obj (.text.__floatsidf)
                  000052f0    0000002a     delay.o (.text.delay_us)
                  0000531a    00000002     --HOLE-- [fill = 0]
                  0000531c    00000028     main.o (.text.DL_DMA_setDestAddr)
                  00005344    00000028     main.o (.text.DL_DMA_setSrcAddr)
                  0000536c    00000028     libc.a : boot_cortex_m.c.obj (.text:_c_int00_noargs)
                  00005394    00000026     main.o (.text.DL_DMA_enableChannel)
                  000053ba    00000026     driverlib.a : dl_i2c.o (.text.DL_I2C_setClockConfig)
                  000053e0    00000024     libclang_rt.builtins.a : floatunsidf.S.obj (.text.__floatunsidf)
                  00005404    00000024                            : muldi3.S.obj (.text.__muldi3)
                  00005428    00000022     driverlib.a : dl_vref.o (.text.DL_VREF_configReference)
                  0000544a    00000022     libc.a : memccpy.c.obj (.text.memccpy)
                  0000546c    00000020     ti_msp_dl_config.o (.text.SYSCFG_DL_DMA_CH0_init)
                  0000548c    0000001e     libclang_rt.builtins.a : ashldi3.S.obj (.text.__ashldi3)
                  000054aa    00000002     --HOLE-- [fill = 0]
                  000054ac    0000001c     main.o (.text.DL_ADC12_startConversion)
                  000054c8    0000001c     driverlib.a : dl_sysctl_mspm0g1x0x_g3x0x.o (.text.DL_SYSCTL_configFCC)
                  000054e4    0000001c                 : dl_timer.o (.text.DL_Timer_setCaptCompUpdateMethod)
                  00005500    0000001c                 : dl_timer.o (.text.DL_Timer_setClockConfig)
                  0000551c    00000018     motor.o (.text.DL_GPIO_setPins)
                  00005534    00000018     driverlib.a : dl_timer.o (.text.DL_Timer_setCaptureCompareOutCtl)
                  0000554c    00000018     motor.o (.text.DL_Timer_startCounter)
                  00005564    00000018     libc.a : vsnprintf.c.obj (.text._outc)
                  0000557c    00000016     main.o (.text.DL_GPIO_readPins)
                  00005592    00000016     libc.a : copy_zero_init.c.obj (.text:decompress:ZI:__TI_zero_init_nomemset)
                  000055a8    00000014     motor.o (.text.DL_GPIO_clearPins)
                  000055bc    00000014     ti_msp_dl_config.o (.text.SYSCFG_DL_VREF_init)
                  000055d0    00000014     libclang_rt.builtins.a : aeabi_uldivmod.S.obj (.text.__aeabi_uldivmod)
                  000055e4    00000014     libc.a : sscanf.c.obj (.text._inpchar)
                  000055f8    00000014            : _printfi.c.obj (.text.strchr)
                  0000560c    00000012     main.o (.text.DL_GPIO_getPendingInterrupt)
                  0000561e    00000012     motor.o (.text.DL_Timer_getPendingInterrupt)
                  00005630    00000012     driverlib.a : dl_uart.o (.text.DL_UART_setClockConfig)
                  00005642    00000012     libc.a : copy_decompress_none.c.obj (.text:decompress:none)
                  00005654    00000010     driverlib.a : dl_timer.o (.text.DL_Timer_setCaptureCompareValue)
                  00005664    00000010     delay.o (.text.delay_ms)
                  00005674    00000010     libc.a : wcslen.c.obj (.text.wcslen)
                  00005684    0000000e            : _scanfi.c.obj (.text.OUTLINED_FUNCTION_1)
                  00005692    0000000e            : _scanfi.c.obj (.text.OUTLINED_FUNCTION_2)
                  000056a0    0000000e            : _scanfi.c.obj (.text.OUTLINED_FUNCTION_4)
                  000056ae    00000002     --HOLE-- [fill = 0]
                  000056b0    0000000e     libclang_rt.builtins.a : aeabi_memset.S.obj (.text.__aeabi_memset)
                  000056be    0000000e     libc.a : _printfi.c.obj (.text.strlen)
                  000056cc    0000000c     libclang_rt.builtins.a : aeabi_memset.S.obj (.text.__aeabi_memclr)
                  000056d8    0000000a     driverlib.a : dl_common.o (.text.DL_Common_delayCycles)
                  000056e2    0000000a     libc.a : _printfi.c.obj (.text.OUTLINED_FUNCTION_0)
                  000056ec    00000010     libclang_rt.builtins.a : adddf3.S.obj (.tramp.__aeabi_dsub.1)
                  000056fc    0000000a     libc.a : _printfi.c.obj (.text.OUTLINED_FUNCTION_1)
                  00005706    00000008            : _scanfi.c.obj (.text.OUTLINED_FUNCTION_0)
                  0000570e    00000008            : strtod.c.obj (.text.OUTLINED_FUNCTION_0)
                  00005716    00000008            : strtod.c.obj (.text.OUTLINED_FUNCTION_1)
                  0000571e    00000002     --HOLE-- [fill = 0]
                  00005720    00000010     libclang_rt.builtins.a : aeabi_dcmp.S.obj (.tramp.__aeabi_dcmpeq.1)
                  00005730    00000008     ti_msp_dl_config.o (.text.SYSCFG_DL_DMA_init)
                  00005738    00000008     libc.a : aeabi_portable.c.obj (.text.__aeabi_errno_addr)
                  00005740    00000008     libclang_rt.builtins.a : aeabi_memcpy.S.obj (.text.__aeabi_memcpy)
                  00005748    00000008     libc.a : sscanf.c.obj (.text._uninpchar)
                  00005750    00000006            : _scanfi.c.obj (.text.OUTLINED_FUNCTION_3)
                  00005756    00000006            : exit.c.obj (.text:abort)
                  0000575c    00000004     libsysbm.a : hostexit.c.obj (.text.HOSTexit)
                  00005760    00000004     startup_mspm0g350x_ticlang.o (.text.Reset_Handler)
                  00005764    00000004     libc.a : pre_init.c.obj (.text._system_pre_init)
                  00005768    00000008     --HOLE-- [fill = 0]

.cinit     0    00005b30    00000070     
                  00005b30    00000049     (.cinit..data.load) [load image, compression = lzss]
                  00005b79    00000003     --HOLE-- [fill = 0]
                  00005b7c    0000000c     (__TI_handler_table)
                  00005b88    00000008     (.cinit..bss.load) [load image, compression = zero_init]
                  00005b90    00000010     (__TI_cinit_table)

.rodata    0    00005770    000003c0     
                  00005770    00000101     libc.a : aeabi_ctype.S.obj (.rodata:__aeabi_ctype_table_)
                  00005871    00000007            : _scanfi.c.obj (.rodata._sproc_int.flit)
                  00005878    00000080            : strtod.c.obj (.rodata.digits)
                  000058f8    00000048            : strtod.c.obj (.rodata.powerof10)
                  00005940    00000028     ti_msp_dl_config.o (.rodata.gSYSPLLConfig)
                  00005968    0000001c     main.o (.rodata.str1.8154729771448623357.1)
                  00005984    0000001b     main.o (.rodata.str1.15159059442110792349.1)
                  0000599f    0000001a     uart_vofa.o (.rodata.str1.3525884982530440565.1)
                  000059b9    00000019     uart_vofa.o (.rodata.str1.12018046331864715227.1)
                  000059d2    00000002     ti_msp_dl_config.o (.rodata.gOLEDClockConfig)
                  000059d4    00000018     ti_msp_dl_config.o (.rodata.gDMA_CH0Config)
                  000059ec    00000017     uart_vofa.o (.rodata.str1.12766991835680455076.1)
                  00005a03    00000017     uart_vofa.o (.rodata.str1.13751049571886536493.1)
                  00005a1a    00000016     uart_vofa.o (.rodata.str1.10007426210158661215.1)
                  00005a30    00000016     uart_vofa.o (.rodata.str1.10221566890288076482.1)
                  00005a46    00000016     uart_vofa.o (.rodata.str1.9816347255389215823.1)
                  00005a5c    00000015     uart_vofa.o (.rodata.str1.12355927932414466940.1)
                  00005a71    00000015     uart_vofa.o (.rodata.str1.17669856794768950695.1)
                  00005a86    00000015     uart_vofa.o (.rodata.str1.7946034338345620860.1)
                  00005a9b    00000001     --HOLE-- [fill = 0]
                  00005a9c    00000014     ti_msp_dl_config.o (.rodata.gMOTOR_PIDTimerConfig)
                  00005ab0    00000011     libc.a : _printfi.c.obj (.rodata.str1.10348868589481759720.1)
                  00005ac1    00000011            : _printfi.c.obj (.rodata.str1.15363888844622738466.1)
                  00005ad2    0000000a     ti_msp_dl_config.o (.rodata.gSerialConfig)
                  00005adc    00000009     libc.a : _scanfi.c.obj (.rodata.str1.12964984209033246150.1)
                  00005ae5    00000009     uart_vofa.o (.rodata.str1.2043762756400325134.1)
                  00005aee    00000002     ti_msp_dl_config.o (.rodata.gSerialClockConfig)
                  00005af0    00000008     libc.a : _scanfi.c.obj (.rodata..L__const._sproc_float.special)
                  00005af8    00000008     ti_msp_dl_config.o (.rodata.gADC12_0ClockConfig)
                  00005b00    00000008     ti_msp_dl_config.o (.rodata.gPOTClockConfig)
                  00005b08    00000008     ti_msp_dl_config.o (.rodata.gPWM1Config)
                  00005b10    00000008     ti_msp_dl_config.o (.rodata.gVREFConfig)
                  00005b18    00000006     libc.a : _scanfi.c.obj (.rodata._sproc_int.barr)
                  00005b1e    00000004            : _scanfi.c.obj (.rodata.str1.3403580589742030990.1)
                  00005b22    00000003     ti_msp_dl_config.o (.rodata.gMOTOR_PIDClockConfig)
                  00005b25    00000003     ti_msp_dl_config.o (.rodata.gPWM1ClockConfig)
                  00005b28    00000008     --HOLE-- [fill = 0]

.init_array 
*          0    00000000    00000000     UNINITIALIZED

.binit     0    00000000    00000000     

.bss       0    20200000    00000200     UNINITIALIZED
                  20200000    000000bc     (.common:gMOTOR_PIDBackup)
                  202000bc    00000004     --HOLE--
                  202000c0    000000b0     (.common:sensor)
                  20200170    00000050     (.common:ADC_VALUE)
                  202001c0    00000040     (.common:Serial_RxPacket)

.data      0    20200200    0000009b     UNINITIALIZED
                  20200200    0000002c     main.o (.data.Motor_Left)
                  2020022c    0000002c     main.o (.data.Motor_Right)
                  20200258    00000010     main.o (.data.black)
                  20200268    00000010     main.o (.data.white)
                  20200278    00000004     main.o (.data.Encoder1_Count)
                  2020027c    00000004     main.o (.data.Encoder2_Count)
                  20200280    00000004     main.o (.data.Line_Kp)
                  20200284    00000004     libc.a : aeabi_portable.c.obj (.data.__aeabi_errno)
                  20200288    00000004     motor.o (.data.speed_1)
                  2020028c    00000004     motor.o (.data.speed_2)
                  20200290    00000002     main.o (.data.BaseSpeed)
                  20200292    00000002     No_Mcu_Ganv_Grayscale_Sensor.o (.data.Gray_LastError)
                  20200294    00000002     main.o (.data.Line_Error)
                  20200296    00000001     No_Mcu_Ganv_Grayscale_Sensor.o (.data.Gray_LostFlag)
                  20200297    00000001     main.o (.data.Line_LostFlag)
                  20200298    00000001     Serial.o (.data.Serial_RxFlag)
                  20200299    00000001     Serial.o (.data.Serial_RxIndex)
                  2020029a    00000001     main.o (.data.status)

.stack     0    20207e00    00000200     UNINITIALIZED
                  20207e00    00000004     libc.a : boot_cortex_m.c.obj (.stack)
                  20207e04    000001fc     --HOLE--

__llvm_prf_cnts 
*          0    20200000    00000000     UNINITIALIZED

__llvm_prf_bits 
*          0    20200000    00000000     UNINITIALIZED

MODULE SUMMARY

       Module                           code    ro data   rw data
       ------                           ----    -------   -------
    .\
       ti_msp_dl_config.o               1964    136       188    
       main.o                           1006    55        314    
       startup_mspm0g350x_ticlang.o     6       192       0      
    +--+--------------------------------+-------+---------+---------+
       Total:                           2976    383       502    
                                                                 
    .\user_driver\
       No_Mcu_Ganv_Grayscale_Sensor.o   1904    0         3      
       motor.o                          838     0         8      
       uart_vofa.o                      324     235       0      
       Serial.o                         200     0         66     
       ADC.o                            132     0         80     
       PID.o                            144     0         0      
       delay.o                          58      0         0      
    +--+--------------------------------+-------+---------+---------+
       Total:                           3600    235       157    
                                                                 
    C:/TI/mspm0_sdk_2_10_00_04/source/ti/driverlib/lib/ticlang/m0p/mspm0g1x0x_g3x0x/driverlib.a
       dl_timer.o                       608     0         0      
       dl_sysctl_mspm0g1x0x_g3x0x.o     316     0         0      
       dl_uart.o                        138     0         0      
       dl_dma.o                         76      0         0      
       dl_adc12.o                       64      0         0      
       dl_i2c.o                         38      0         0      
       dl_vref.o                        34      0         0      
       dl_common.o                      10      0         0      
    +--+--------------------------------+-------+---------+---------+
       Total:                           1284    0         0      
                                                                 
    D:\ti\ccs\ccs\tools\compiler\ti-cgt-armllvm_4.0.4.LTS\lib\armv6m-ti-none-eabi/c/libc.a
       _printfi.c.obj                   4510    34        0      
       _scanfi.c.obj                    3092    34        0      
       strtod.c.obj                     968     200       0      
       strtoll.c.obj                    480     0         0      
       strtoull.c.obj                   364     0         0      
       strtol.c.obj                     324     0         0      
       strtoul.c.obj                    300     0         0      
       aeabi_ctype.S.obj                0       257       0      
       s_scalbn.c.obj                   216     0         0      
       sscanf.c.obj                     192     0         0      
       memcpy16.S.obj                   154     0         0      
       vsnprintf.c.obj                  136     0         0      
       copy_decompress_lzss.c.obj       124     0         0      
       memset16.S.obj                   98      0         0      
       s_frexp.c.obj                    92      0         0      
       _ltoa.c.obj                      88      0         0      
       atoi.c.obj                       64      0         0      
       autoinit.c.obj                   60      0         0      
       boot_cortex_m.c.obj              40      0         0      
       memccpy.c.obj                    34      0         0      
       copy_zero_init.c.obj             22      0         0      
       copy_decompress_none.c.obj       18      0         0      
       wcslen.c.obj                     16      0         0      
       aeabi_portable.c.obj             8       0         4      
       exit.c.obj                       6       0         0      
       pre_init.c.obj                   4       0         0      
    +--+--------------------------------+-------+---------+---------+
       Total:                           11410   525       4      
                                                                 
    D:\ti\ccs\ccs\tools\compiler\ti-cgt-armllvm_4.0.4.LTS\lib\armv6m-ti-none-eabi/c/libsysbm.a
       hostexit.c.obj                   4       0         0      
    +--+--------------------------------+-------+---------+---------+
       Total:                           4       0         0      
                                                                 
    D:\ti\ccs\ccs\tools\compiler\ti-cgt-armllvm_4.0.4.LTS\lib\armv6m-ti-none-eabi/libclang_rt.builtins.a
       adddf3.S.obj                     418     0         0      
       divdf3.S.obj                     268     0         0      
       muldf3.S.obj                     228     0         0      
       comparedf2.c.obj                 220     0         0      
       addsf3.S.obj                     216     0         0      
       udivmoddi4.S.obj                 162     0         0      
       mulsf3.S.obj                     140     0         0      
       divsf3.S.obj                     130     0         0      
       comparesf2.S.obj                 118     0         0      
       truncdfsf2.S.obj                 116     0         0      
       aeabi_dcmp.S.obj                 114     0         0      
       aeabi_fcmp.S.obj                 98      0         0      
       aeabi_idivmod.S.obj              86      0         0      
       fixdfsi.S.obj                    74      0         0      
       aeabi_uidivmod.S.obj             64      0         0      
       extendsfdf2.S.obj                64      0         0      
       floatsisf.S.obj                  60      0         0      
       muldsi3.S.obj                    58      0         0      
       fixsfsi.S.obj                    56      0         0      
       floatsidf.S.obj                  44      0         0      
       floatunsidf.S.obj                36      0         0      
       muldi3.S.obj                     36      0         0      
       ashldi3.S.obj                    30      0         0      
       aeabi_memset.S.obj               26      0         0      
       aeabi_uldivmod.S.obj             20      0         0      
       aeabi_memcpy.S.obj               8       0         0      
       aeabi_div0.c.obj                 4       0         0      
    +--+--------------------------------+-------+---------+---------+
       Total:                           2894    0         0      
                                                                 
       Stack:                           0       0         512    
       Linker Generated:                0       109       0      
    +--+--------------------------------+-------+---------+---------+
       Grand Total:                     22168   1252      1175   


LINKER GENERATED COPY TABLES

__TI_cinit_table @ 00005b90 records: 2, size/record: 8, table size: 16
	.data: load addr=00005b30, load size=00000049 bytes, run addr=20200200, run size=0000009b bytes, compression=lzss
	.bss: load addr=00005b88, load size=00000008 bytes, run addr=20200000, run size=00000200 bytes, compression=zero_init


LINKER GENERATED HANDLER TABLE

__TI_handler_table @ 00005b7c records: 3, size/record: 4, table size: 12
	index: 0, handler: __TI_decompress_lzss
	index: 1, handler: __TI_decompress_none
	index: 2, handler: __TI_zero_init


FAR CALL TRAMPOLINES

callee name               trampoline name
   callee addr  tramp addr   call addr  call info
--------------  -----------  ---------  ----------------
__aeabi_dsub              $Tramp$TT$L$PI$$__aeabi_dsub
   00002711     000056ec     000056ea   libc.a : _printfi.c.obj (.text.OUTLINED_FUNCTION_0)
__aeabi_dcmpeq            $Tramp$TT$L$PI$$__aeabi_dcmpeq
   000049a5     00005720     0000571c   libc.a : strtod.c.obj (.text.OUTLINED_FUNCTION_1)

[2 trampolines]
[2 trampoline calls]


GLOBAL SYMBOLS: SORTED ALPHABETICALLY BY Name 

address   name                                 
-------   ----                                 
000028a3  ADC0_IRQHandler                      
000028a3  ADC1_IRQHandler                      
20200170  ADC_VALUE                            
000028a3  AES_IRQHandler                       
20200290  BaseSpeed                            
0000575c  C$$EXIT                              
000028a3  CANFD0_IRQHandler                    
00003961  Car_LineControl                      
000028a3  DAC0_IRQHandler                      
00004e51  DL_ADC12_setClockConfig              
000056d9  DL_Common_delayCycles                
00004ce1  DL_DMA_initChannel                   
000053bb  DL_I2C_setClockConfig                
000054c9  DL_SYSCTL_configFCC                  
00003b31  DL_SYSCTL_configSYSPLL               
00004e0d  DL_SYSCTL_switchMCLKfromSYSOSCtoHSCLK
00003661  DL_Timer_initFourCCPWMMode           
00003865  DL_Timer_initTimerMode               
000054e5  DL_Timer_setCaptCompUpdateMethod     
00005535  DL_Timer_setCaptureCompareOutCtl     
00005655  DL_Timer_setCaptureCompareValue      
00005501  DL_Timer_setClockConfig              
00004dc5  DL_UART_init                         
00005631  DL_UART_setClockConfig               
000051ad  DL_UART_transmitDataBlocking         
00005429  DL_VREF_configReference              
000028a3  DMA_IRQHandler                       
000028a3  Default_Handler                      
20200278  Encoder1_Count                       
2020027c  Encoder2_Count                       
000028a3  GROUP0_IRQHandler                    
00003e8d  GROUP1_IRQHandler                    
00002a31  GraySensor_GetLineError              
00004645  GraySensor_GetLostFlag               
0000575d  HOSTexit                             
000028a3  HardFault_Handler                    
000028a3  I2C0_IRQHandler                      
000028a3  I2C1_IRQHandler                      
00004e91  Limit_Float                          
20200294  Line_Error                           
20200280  Line_Kp                              
20200297  Line_LostFlag                        
00004559  Motor_Init                           
20200200  Motor_Left                           
2020022c  Motor_Right                          
00003dbd  Motor_SetDuty                        
000028a3  NMI_Handler                          
000028a5  No_MCU_Ganv_Sensor_Init              
00001ccd  No_Mcu_Ganv_Sensor_Task_Without_tick 
00004135  PID_Update                           
000028a3  PendSV_Handler                       
000028a3  RTC_IRQHandler                       
00005761  Reset_Handler                        
000028a3  SPI0_IRQHandler                      
000028a3  SPI1_IRQHandler                      
000028a3  SVC_Handler                          
00004879  SYSCFG_DL_ADC12_0_init               
0000546d  SYSCFG_DL_DMA_CH0_init               
00005731  SYSCFG_DL_DMA_init                   
000031fd  SYSCFG_DL_GPIO_init                  
00004fd1  SYSCFG_DL_MOTOR_PID_init             
00004acd  SYSCFG_DL_OLED_init                  
00004d2d  SYSCFG_DL_POT_init                   
000041c5  SYSCFG_DL_PWM1_init                  
00001a25  SYSCFG_DL_SYSCTL_SYSPLL_init         
00003f51  SYSCFG_DL_SYSCTL_init                
00004739  SYSCFG_DL_Serial_init                
000055bd  SYSCFG_DL_VREF_init                  
0000500d  SYSCFG_DL_init                       
000043e5  SYSCFG_DL_initPower                  
000048dd  Serial_Printf                        
20200298  Serial_RxFlag                        
202001c0  Serial_RxPacket                      
000028a3  SysTick_Handler                      
00004461  TIMA0_IRQHandler                     
000028a3  TIMA1_IRQHandler                     
000028a3  TIMG0_IRQHandler                     
000028a3  TIMG12_IRQHandler                    
000028a3  TIMG6_IRQHandler                     
000028a3  TIMG7_IRQHandler                     
000028a3  TIMG8_IRQHandler                     
00004941  UART0_IRQHandler                     
000028a3  UART1_IRQHandler                     
000028a3  UART2_IRQHandler                     
000028a3  UART3_IRQHandler                     
20208000  __STACK_END                          
00000200  __STACK_SIZE                         
00000000  __TI_ATRegion0_region_sz             
00000000  __TI_ATRegion0_src_addr              
00000000  __TI_ATRegion0_trg_addr              
00000000  __TI_ATRegion1_region_sz             
00000000  __TI_ATRegion1_src_addr              
00000000  __TI_ATRegion1_trg_addr              
00000000  __TI_ATRegion2_region_sz             
00000000  __TI_ATRegion2_src_addr              
00000000  __TI_ATRegion2_trg_addr              
00005b90  __TI_CINIT_Base                      
00005ba0  __TI_CINIT_Limit                     
00005ba0  __TI_CINIT_Warm                      
00005b7c  __TI_Handler_Table_Base              
00005b88  __TI_Handler_Table_Limit             
000050c1  __TI_auto_init_nobinit_nopinit       
000044dd  __TI_decompress_lzss                 
00005643  __TI_decompress_none                 
00004b89  __TI_ltoa                            
ffffffff  __TI_pprof_out_hndl                  
00000c9d  __TI_printfi                         
ffffffff  __TI_prof_data_size                  
ffffffff  __TI_prof_data_start                 
000000c1  __TI_scanfi                          
00000000  __TI_static_base__                   
00005593  __TI_zero_init_nomemset              
0000271b  __adddf3                             
00003cef  __addsf3                             
00005770  __aeabi_ctype_table_                 
00005770  __aeabi_ctype_table_C                
00004651  __aeabi_d2f                          
00004d79  __aeabi_d2iz                         
0000271b  __aeabi_dadd                         
000049a5  __aeabi_dcmpeq                       
000049e1  __aeabi_dcmpge                       
000049f5  __aeabi_dcmpgt                       
000049cd  __aeabi_dcmple                       
000049b9  __aeabi_dcmplt                       
00003555  __aeabi_ddiv                         
00003a4d  __aeabi_dmul                         
00002711  __aeabi_dsub                         
20200284  __aeabi_errno                        
00005739  __aeabi_errno_addr                   
00004f11  __aeabi_f2d                          
00005175  __aeabi_f2iz                         
00003cef  __aeabi_fadd                         
00004a09  __aeabi_fcmpeq                       
00004a45  __aeabi_fcmpge                       
00004a59  __aeabi_fcmpgt                       
00004a31  __aeabi_fcmple                       
00004a1d  __aeabi_fcmplt                       
00004361  __aeabi_fdiv                         
00004251  __aeabi_fmul                         
00003ce5  __aeabi_fsub                         
000052c5  __aeabi_i2d                          
00005049  __aeabi_i2f                          
00004c39  __aeabi_idiv                         
000043e3  __aeabi_idiv0                        
00004c39  __aeabi_idivmod                      
00004877  __aeabi_ldiv0                        
0000548d  __aeabi_llsl                         
00005405  __aeabi_lmul                         
000056cd  __aeabi_memclr                       
000056cd  __aeabi_memclr4                      
000056cd  __aeabi_memclr8                      
00005741  __aeabi_memcpy                       
00005741  __aeabi_memcpy4                      
00005741  __aeabi_memcpy8                      
000056b1  __aeabi_memset                       
000056b1  __aeabi_memset4                      
000056b1  __aeabi_memset8                      
000053e1  __aeabi_ui2d                         
00004ed1  __aeabi_uidiv                        
00004ed1  __aeabi_uidivmod                     
000055d1  __aeabi_uldivmod                     
0000548d  __ashldi3                            
ffffffff  __binit__                            
000047a9  __cmpdf2                             
000050fd  __cmpsf2                             
00003555  __divdf3                             
00004361  __divsf3                             
000047a9  __eqdf2                              
000050fd  __eqsf2                              
00004f11  __extendsfdf2                        
00004d79  __fixdfsi                            
00005175  __fixsfsi                            
000052c5  __floatsidf                          
00005049  __floatsisf                          
000053e1  __floatunsidf                        
000045d1  __gedf2                              
00005085  __gesf2                              
000045d1  __gtdf2                              
00005085  __gtsf2                              
000047a9  __ledf2                              
000050fd  __lesf2                              
000047a9  __ltdf2                              
000050fd  __ltsf2                              
UNDEFED   __mpu_init                           
00003a4d  __muldf3                             
00005405  __muldi3                             
00005139  __muldsi3                            
00004251  __mulsf3                             
000047a9  __nedf2                              
000050fd  __nesf2                              
20207e00  __stack                              
20200000  __start___llvm_prf_bits              
20200000  __start___llvm_prf_cnts              
20200000  __stop___llvm_prf_bits               
20200000  __stop___llvm_prf_cnts               
00002711  __subdf3                             
00003ce5  __subsf3                             
00004651  __truncdfsf2                         
00003ff9  __udivmoddi4                         
0000536d  _c_int00_noargs                      
UNDEFED   _system_post_cinit                   
00005765  _system_pre_init                     
00005757  abort                                
000042dd  adc_getValue                         
00004f51  atoi                                 
ffffffff  binit                                
20200258  black                                
00003765  calculate_speed                      
00005665  delay_ms                             
000052f1  delay_us                             
00004b2d  frexp                                
00004b2d  frexpl                               
20200000  gMOTOR_PIDBackup                     
00000000  interruptVectors                     
00003c0d  ldexp                                
00003c0d  ldexpl                               
0000343d  main                                 
0000544b  memccpy                              
0000409b  memcpy                               
00004a6b  memset                               
00001f01  normalizeAnalogValues                
00003c0d  scalbn                               
00003c0d  scalbnl                              
202000c0  sensor                               
20200288  speed_1                              
2020028c  speed_2                              
0000523d  sscanf                               
2020029a  status                               
0000166d  strtod                               
00002d0d  strtol                               
0000166d  strtold                              
00002355  strtoll                              
000030d1  strtoul                              
00002ba1  strtoull                             
00002e51  vofa_parse_packet                    
00004f91  vsnprintf                            
00005675  wcslen                               
20200268  white                                


GLOBAL SYMBOLS: SORTED BY Symbol Address 

address   name                                 
-------   ----                                 
00000000  __TI_ATRegion0_region_sz             
00000000  __TI_ATRegion0_src_addr              
00000000  __TI_ATRegion0_trg_addr              
00000000  __TI_ATRegion1_region_sz             
00000000  __TI_ATRegion1_src_addr              
00000000  __TI_ATRegion1_trg_addr              
00000000  __TI_ATRegion2_region_sz             
00000000  __TI_ATRegion2_src_addr              
00000000  __TI_ATRegion2_trg_addr              
00000000  __TI_static_base__                   
00000000  interruptVectors                     
000000c1  __TI_scanfi                          
00000200  __STACK_SIZE                         
00000c9d  __TI_printfi                         
0000166d  strtod                               
0000166d  strtold                              
00001a25  SYSCFG_DL_SYSCTL_SYSPLL_init         
00001ccd  No_Mcu_Ganv_Sensor_Task_Without_tick 
00001f01  normalizeAnalogValues                
00002355  strtoll                              
00002711  __aeabi_dsub                         
00002711  __subdf3                             
0000271b  __adddf3                             
0000271b  __aeabi_dadd                         
000028a3  ADC0_IRQHandler                      
000028a3  ADC1_IRQHandler                      
000028a3  AES_IRQHandler                       
000028a3  CANFD0_IRQHandler                    
000028a3  DAC0_IRQHandler                      
000028a3  DMA_IRQHandler                       
000028a3  Default_Handler                      
000028a3  GROUP0_IRQHandler                    
000028a3  HardFault_Handler                    
000028a3  I2C0_IRQHandler                      
000028a3  I2C1_IRQHandler                      
000028a3  NMI_Handler                          
000028a3  PendSV_Handler                       
000028a3  RTC_IRQHandler                       
000028a3  SPI0_IRQHandler                      
000028a3  SPI1_IRQHandler                      
000028a3  SVC_Handler                          
000028a3  SysTick_Handler                      
000028a3  TIMA1_IRQHandler                     
000028a3  TIMG0_IRQHandler                     
000028a3  TIMG12_IRQHandler                    
000028a3  TIMG6_IRQHandler                     
000028a3  TIMG7_IRQHandler                     
000028a3  TIMG8_IRQHandler                     
000028a3  UART1_IRQHandler                     
000028a3  UART2_IRQHandler                     
000028a3  UART3_IRQHandler                     
000028a5  No_MCU_Ganv_Sensor_Init              
00002a31  GraySensor_GetLineError              
00002ba1  strtoull                             
00002d0d  strtol                               
00002e51  vofa_parse_packet                    
000030d1  strtoul                              
000031fd  SYSCFG_DL_GPIO_init                  
0000343d  main                                 
00003555  __aeabi_ddiv                         
00003555  __divdf3                             
00003661  DL_Timer_initFourCCPWMMode           
00003765  calculate_speed                      
00003865  DL_Timer_initTimerMode               
00003961  Car_LineControl                      
00003a4d  __aeabi_dmul                         
00003a4d  __muldf3                             
00003b31  DL_SYSCTL_configSYSPLL               
00003c0d  ldexp                                
00003c0d  ldexpl                               
00003c0d  scalbn                               
00003c0d  scalbnl                              
00003ce5  __aeabi_fsub                         
00003ce5  __subsf3                             
00003cef  __addsf3                             
00003cef  __aeabi_fadd                         
00003dbd  Motor_SetDuty                        
00003e8d  GROUP1_IRQHandler                    
00003f51  SYSCFG_DL_SYSCTL_init                
00003ff9  __udivmoddi4                         
0000409b  memcpy                               
00004135  PID_Update                           
000041c5  SYSCFG_DL_PWM1_init                  
00004251  __aeabi_fmul                         
00004251  __mulsf3                             
000042dd  adc_getValue                         
00004361  __aeabi_fdiv                         
00004361  __divsf3                             
000043e3  __aeabi_idiv0                        
000043e5  SYSCFG_DL_initPower                  
00004461  TIMA0_IRQHandler                     
000044dd  __TI_decompress_lzss                 
00004559  Motor_Init                           
000045d1  __gedf2                              
000045d1  __gtdf2                              
00004645  GraySensor_GetLostFlag               
00004651  __aeabi_d2f                          
00004651  __truncdfsf2                         
00004739  SYSCFG_DL_Serial_init                
000047a9  __cmpdf2                             
000047a9  __eqdf2                              
000047a9  __ledf2                              
000047a9  __ltdf2                              
000047a9  __nedf2                              
00004877  __aeabi_ldiv0                        
00004879  SYSCFG_DL_ADC12_0_init               
000048dd  Serial_Printf                        
00004941  UART0_IRQHandler                     
000049a5  __aeabi_dcmpeq                       
000049b9  __aeabi_dcmplt                       
000049cd  __aeabi_dcmple                       
000049e1  __aeabi_dcmpge                       
000049f5  __aeabi_dcmpgt                       
00004a09  __aeabi_fcmpeq                       
00004a1d  __aeabi_fcmplt                       
00004a31  __aeabi_fcmple                       
00004a45  __aeabi_fcmpge                       
00004a59  __aeabi_fcmpgt                       
00004a6b  memset                               
00004acd  SYSCFG_DL_OLED_init                  
00004b2d  frexp                                
00004b2d  frexpl                               
00004b89  __TI_ltoa                            
00004c39  __aeabi_idiv                         
00004c39  __aeabi_idivmod                      
00004ce1  DL_DMA_initChannel                   
00004d2d  SYSCFG_DL_POT_init                   
00004d79  __aeabi_d2iz                         
00004d79  __fixdfsi                            
00004dc5  DL_UART_init                         
00004e0d  DL_SYSCTL_switchMCLKfromSYSOSCtoHSCLK
00004e51  DL_ADC12_setClockConfig              
00004e91  Limit_Float                          
00004ed1  __aeabi_uidiv                        
00004ed1  __aeabi_uidivmod                     
00004f11  __aeabi_f2d                          
00004f11  __extendsfdf2                        
00004f51  atoi                                 
00004f91  vsnprintf                            
00004fd1  SYSCFG_DL_MOTOR_PID_init             
0000500d  SYSCFG_DL_init                       
00005049  __aeabi_i2f                          
00005049  __floatsisf                          
00005085  __gesf2                              
00005085  __gtsf2                              
000050c1  __TI_auto_init_nobinit_nopinit       
000050fd  __cmpsf2                             
000050fd  __eqsf2                              
000050fd  __lesf2                              
000050fd  __ltsf2                              
000050fd  __nesf2                              
00005139  __muldsi3                            
00005175  __aeabi_f2iz                         
00005175  __fixsfsi                            
000051ad  DL_UART_transmitDataBlocking         
0000523d  sscanf                               
000052c5  __aeabi_i2d                          
000052c5  __floatsidf                          
000052f1  delay_us                             
0000536d  _c_int00_noargs                      
000053bb  DL_I2C_setClockConfig                
000053e1  __aeabi_ui2d                         
000053e1  __floatunsidf                        
00005405  __aeabi_lmul                         
00005405  __muldi3                             
00005429  DL_VREF_configReference              
0000544b  memccpy                              
0000546d  SYSCFG_DL_DMA_CH0_init               
0000548d  __aeabi_llsl                         
0000548d  __ashldi3                            
000054c9  DL_SYSCTL_configFCC                  
000054e5  DL_Timer_setCaptCompUpdateMethod     
00005501  DL_Timer_setClockConfig              
00005535  DL_Timer_setCaptureCompareOutCtl     
00005593  __TI_zero_init_nomemset              
000055bd  SYSCFG_DL_VREF_init                  
000055d1  __aeabi_uldivmod                     
00005631  DL_UART_setClockConfig               
00005643  __TI_decompress_none                 
00005655  DL_Timer_setCaptureCompareValue      
00005665  delay_ms                             
00005675  wcslen                               
000056b1  __aeabi_memset                       
000056b1  __aeabi_memset4                      
000056b1  __aeabi_memset8                      
000056cd  __aeabi_memclr                       
000056cd  __aeabi_memclr4                      
000056cd  __aeabi_memclr8                      
000056d9  DL_Common_delayCycles                
00005731  SYSCFG_DL_DMA_init                   
00005739  __aeabi_errno_addr                   
00005741  __aeabi_memcpy                       
00005741  __aeabi_memcpy4                      
00005741  __aeabi_memcpy8                      
00005757  abort                                
0000575c  C$$EXIT                              
0000575d  HOSTexit                             
00005761  Reset_Handler                        
00005765  _system_pre_init                     
00005770  __aeabi_ctype_table_                 
00005770  __aeabi_ctype_table_C                
00005b7c  __TI_Handler_Table_Base              
00005b88  __TI_Handler_Table_Limit             
00005b90  __TI_CINIT_Base                      
00005ba0  __TI_CINIT_Limit                     
00005ba0  __TI_CINIT_Warm                      
20200000  __start___llvm_prf_bits              
20200000  __start___llvm_prf_cnts              
20200000  __stop___llvm_prf_bits               
20200000  __stop___llvm_prf_cnts               
20200000  gMOTOR_PIDBackup                     
202000c0  sensor                               
20200170  ADC_VALUE                            
202001c0  Serial_RxPacket                      
20200200  Motor_Left                           
2020022c  Motor_Right                          
20200258  black                                
20200268  white                                
20200278  Encoder1_Count                       
2020027c  Encoder2_Count                       
20200280  Line_Kp                              
20200284  __aeabi_errno                        
20200288  speed_1                              
2020028c  speed_2                              
20200290  BaseSpeed                            
20200294  Line_Error                           
20200297  Line_LostFlag                        
20200298  Serial_RxFlag                        
2020029a  status                               
20207e00  __stack                              
20208000  __STACK_END                          
ffffffff  __TI_pprof_out_hndl                  
ffffffff  __TI_prof_data_size                  
ffffffff  __TI_prof_data_start                 
ffffffff  __binit__                            
ffffffff  binit                                
UNDEFED   __mpu_init                           
UNDEFED   _system_post_cinit                   

[238 symbols]
