<?xml version="1.0" encoding="ISO-8859-1" ?>
<link_info>
   <banner>TI ARM Clang Linker PC v4.0.4.LTS</banner>
   <copyright>Copyright (c) 1996-2018 Texas Instruments Incorporated</copyright>
   <command_line>D:\ti\ccs\ccs\tools\compiler\ti-cgt-armllvm_4.0.4.LTS\bin\tiarmlnk -ID:\ti\ccs\ccs\tools\compiler\ti-cgt-armllvm_4.0.4.LTS\lib -o 09-PID.out -m09-PID.map -iC:/TI/mspm0_sdk_2_10_00_04/source -iD:/00-pushing/07-ti/work/09-PID -iD:/00-pushing/07-ti/work/09-PID/Debug/syscfg -iD:/ti/ccs/ccs/tools/compiler/ti-cgt-armllvm_4.0.4.LTS/lib --diag_wrap=off --display_error_number --warn_sections --xml_link_info=09-PID_linkInfo.xml --rom_model ./ti_msp_dl_config.o ./startup_mspm0g350x_ticlang.o ./main.o ./user_driver/PID.o ./user_driver/Serial.o ./user_driver/delay.o ./user_driver/motor.o ./user_driver/oled.o ./user_driver/uart_vofa.o -l./device_linker.cmd -ldevice.cmd.genlibs -llibc.a --start-group -llibc++.a -llibc++abi.a -llibc.a -llibsys.a -llibsysbm.a -llibclang_rt.builtins.a -llibclang_rt.profile.a --end-group --cg_opt_level=2</command_line>
   <link_time>0x6a26def8</link_time>
   <link_errors>0x0</link_errors>
   <output_file>D:\00-pushing\07-ti\work\09-PID\Debug\09-PID.out</output_file>
   <entry_point>
      <name>_c_int00_noargs</name>
      <address>0x49b9</address>
   </entry_point>
   <input_file_list>
      <input_file id="fl-1">
         <path>D:\00-pushing\07-ti\work\09-PID\Debug\.\</path>
         <kind>object</kind>
         <file>ti_msp_dl_config.o</file>
         <name>ti_msp_dl_config.o</name>
      </input_file>
      <input_file id="fl-2">
         <path>D:\00-pushing\07-ti\work\09-PID\Debug\.\</path>
         <kind>object</kind>
         <file>startup_mspm0g350x_ticlang.o</file>
         <name>startup_mspm0g350x_ticlang.o</name>
      </input_file>
      <input_file id="fl-3">
         <path>D:\00-pushing\07-ti\work\09-PID\Debug\.\</path>
         <kind>object</kind>
         <file>main.o</file>
         <name>main.o</name>
      </input_file>
      <input_file id="fl-4">
         <path>D:\00-pushing\07-ti\work\09-PID\Debug\.\user_driver\</path>
         <kind>object</kind>
         <file>PID.o</file>
         <name>PID.o</name>
      </input_file>
      <input_file id="fl-5">
         <path>D:\00-pushing\07-ti\work\09-PID\Debug\.\user_driver\</path>
         <kind>object</kind>
         <file>Serial.o</file>
         <name>Serial.o</name>
      </input_file>
      <input_file id="fl-6">
         <path>D:\00-pushing\07-ti\work\09-PID\Debug\.\user_driver\</path>
         <kind>object</kind>
         <file>delay.o</file>
         <name>delay.o</name>
      </input_file>
      <input_file id="fl-7">
         <path>D:\00-pushing\07-ti\work\09-PID\Debug\.\user_driver\</path>
         <kind>object</kind>
         <file>motor.o</file>
         <name>motor.o</name>
      </input_file>
      <input_file id="fl-8">
         <path>D:\00-pushing\07-ti\work\09-PID\Debug\.\user_driver\</path>
         <kind>object</kind>
         <file>oled.o</file>
         <name>oled.o</name>
      </input_file>
      <input_file id="fl-9">
         <path>D:\00-pushing\07-ti\work\09-PID\Debug\.\user_driver\</path>
         <kind>object</kind>
         <file>uart_vofa.o</file>
         <name>uart_vofa.o</name>
      </input_file>
      <input_file id="fl-16">
         <path>D:\00-pushing\07-ti\work\09-PID\Debug\</path>
         <kind>object</kind>
         <file>&lt;internal&gt;</file>
         <name>&lt;internal&gt;</name>
      </input_file>
      <input_file id="fl-17">
         <path>C:\TI\mspm0_sdk_2_10_00_04\source\ti\driverlib\lib\ticlang\m0p\mspm0g1x0x_g3x0x\</path>
         <kind>archive</kind>
         <file>driverlib.a</file>
         <name>dl_adc12.o</name>
      </input_file>
      <input_file id="fl-18">
         <path>C:\TI\mspm0_sdk_2_10_00_04\source\ti\driverlib\lib\ticlang\m0p\mspm0g1x0x_g3x0x\</path>
         <kind>archive</kind>
         <file>driverlib.a</file>
         <name>dl_common.o</name>
      </input_file>
      <input_file id="fl-19">
         <path>C:\TI\mspm0_sdk_2_10_00_04\source\ti\driverlib\lib\ticlang\m0p\mspm0g1x0x_g3x0x\</path>
         <kind>archive</kind>
         <file>driverlib.a</file>
         <name>dl_i2c.o</name>
      </input_file>
      <input_file id="fl-1a">
         <path>C:\TI\mspm0_sdk_2_10_00_04\source\ti\driverlib\lib\ticlang\m0p\mspm0g1x0x_g3x0x\</path>
         <kind>archive</kind>
         <file>driverlib.a</file>
         <name>dl_timer.o</name>
      </input_file>
      <input_file id="fl-1b">
         <path>C:\TI\mspm0_sdk_2_10_00_04\source\ti\driverlib\lib\ticlang\m0p\mspm0g1x0x_g3x0x\</path>
         <kind>archive</kind>
         <file>driverlib.a</file>
         <name>dl_uart.o</name>
      </input_file>
      <input_file id="fl-1c">
         <path>C:\TI\mspm0_sdk_2_10_00_04\source\ti\driverlib\lib\ticlang\m0p\mspm0g1x0x_g3x0x\</path>
         <kind>archive</kind>
         <file>driverlib.a</file>
         <name>dl_vref.o</name>
      </input_file>
      <input_file id="fl-1d">
         <path>C:\TI\mspm0_sdk_2_10_00_04\source\ti\driverlib\lib\ticlang\m0p\mspm0g1x0x_g3x0x\</path>
         <kind>archive</kind>
         <file>driverlib.a</file>
         <name>dl_sysctl_mspm0g1x0x_g3x0x.o</name>
      </input_file>
      <input_file id="fl-34">
         <path>D:\ti\ccs\ccs\tools\compiler\ti-cgt-armllvm_4.0.4.LTS\lib\armv6m-ti-none-eabi\c\</path>
         <kind>archive</kind>
         <file>libc.a</file>
         <name>vsnprintf.c.obj</name>
      </input_file>
      <input_file id="fl-35">
         <path>D:\ti\ccs\ccs\tools\compiler\ti-cgt-armllvm_4.0.4.LTS\lib\armv6m-ti-none-eabi\c\</path>
         <kind>archive</kind>
         <file>libc.a</file>
         <name>sscanf.c.obj</name>
      </input_file>
      <input_file id="fl-36">
         <path>D:\ti\ccs\ccs\tools\compiler\ti-cgt-armllvm_4.0.4.LTS\lib\armv6m-ti-none-eabi\c\</path>
         <kind>archive</kind>
         <file>libc.a</file>
         <name>aeabi_ctype.S.obj</name>
      </input_file>
      <input_file id="fl-37">
         <path>D:\ti\ccs\ccs\tools\compiler\ti-cgt-armllvm_4.0.4.LTS\lib\armv6m-ti-none-eabi\c\</path>
         <kind>archive</kind>
         <file>libc.a</file>
         <name>strtod.c.obj</name>
      </input_file>
      <input_file id="fl-38">
         <path>D:\ti\ccs\ccs\tools\compiler\ti-cgt-armllvm_4.0.4.LTS\lib\armv6m-ti-none-eabi\c\</path>
         <kind>archive</kind>
         <file>libc.a</file>
         <name>boot_cortex_m.c.obj</name>
      </input_file>
      <input_file id="fl-39">
         <path>D:\ti\ccs\ccs\tools\compiler\ti-cgt-armllvm_4.0.4.LTS\lib\armv6m-ti-none-eabi\c\</path>
         <kind>archive</kind>
         <file>libc.a</file>
         <name>mathacl_init.c.obj</name>
      </input_file>
      <input_file id="fl-3a">
         <path>D:\ti\ccs\ccs\tools\compiler\ti-cgt-armllvm_4.0.4.LTS\lib\armv6m-ti-none-eabi\c\</path>
         <kind>archive</kind>
         <file>libc.a</file>
         <name>autoinit.c.obj</name>
      </input_file>
      <input_file id="fl-3b">
         <path>D:\ti\ccs\ccs\tools\compiler\ti-cgt-armllvm_4.0.4.LTS\lib\armv6m-ti-none-eabi\c\</path>
         <kind>archive</kind>
         <file>libc.a</file>
         <name>pre_init.c.obj</name>
      </input_file>
      <input_file id="fl-3c">
         <path>D:\ti\ccs\ccs\tools\compiler\ti-cgt-armllvm_4.0.4.LTS\lib\armv6m-ti-none-eabi\c\</path>
         <kind>archive</kind>
         <file>libc.a</file>
         <name>cpy_tbl.c.obj</name>
      </input_file>
      <input_file id="fl-3d">
         <path>D:\ti\ccs\ccs\tools\compiler\ti-cgt-armllvm_4.0.4.LTS\lib\armv6m-ti-none-eabi\c\</path>
         <kind>archive</kind>
         <file>libc.a</file>
         <name>copy_zero_init.c.obj</name>
      </input_file>
      <input_file id="fl-3e">
         <path>D:\ti\ccs\ccs\tools\compiler\ti-cgt-armllvm_4.0.4.LTS\lib\armv6m-ti-none-eabi\c\</path>
         <kind>archive</kind>
         <file>libc.a</file>
         <name>copy_decompress_none.c.obj</name>
      </input_file>
      <input_file id="fl-3f">
         <path>D:\ti\ccs\ccs\tools\compiler\ti-cgt-armllvm_4.0.4.LTS\lib\armv6m-ti-none-eabi\c\</path>
         <kind>archive</kind>
         <file>libc.a</file>
         <name>copy_decompress_lzss.c.obj</name>
      </input_file>
      <input_file id="fl-40">
         <path>D:\ti\ccs\ccs\tools\compiler\ti-cgt-armllvm_4.0.4.LTS\lib\armv6m-ti-none-eabi\c\</path>
         <kind>archive</kind>
         <file>libc.a</file>
         <name>s_scalbn.c.obj</name>
      </input_file>
      <input_file id="fl-41">
         <path>D:\ti\ccs\ccs\tools\compiler\ti-cgt-armllvm_4.0.4.LTS\lib\armv6m-ti-none-eabi\c\</path>
         <kind>archive</kind>
         <file>libc.a</file>
         <name>_printfi.c.obj</name>
      </input_file>
      <input_file id="fl-42">
         <path>D:\ti\ccs\ccs\tools\compiler\ti-cgt-armllvm_4.0.4.LTS\lib\armv6m-ti-none-eabi\c\</path>
         <kind>archive</kind>
         <file>libc.a</file>
         <name>_scanfi.c.obj</name>
      </input_file>
      <input_file id="fl-43">
         <path>D:\ti\ccs\ccs\tools\compiler\ti-cgt-armllvm_4.0.4.LTS\lib\armv6m-ti-none-eabi\c\</path>
         <kind>archive</kind>
         <file>libc.a</file>
         <name>aeabi_portable.c.obj</name>
      </input_file>
      <input_file id="fl-44">
         <path>D:\ti\ccs\ccs\tools\compiler\ti-cgt-armllvm_4.0.4.LTS\lib\armv6m-ti-none-eabi\c\</path>
         <kind>archive</kind>
         <file>libc.a</file>
         <name>exit.c.obj</name>
      </input_file>
      <input_file id="fl-45">
         <path>D:\ti\ccs\ccs\tools\compiler\ti-cgt-armllvm_4.0.4.LTS\lib\armv6m-ti-none-eabi\c\</path>
         <kind>archive</kind>
         <file>libc.a</file>
         <name>_lock.c.obj</name>
      </input_file>
      <input_file id="fl-46">
         <path>D:\ti\ccs\ccs\tools\compiler\ti-cgt-armllvm_4.0.4.LTS\lib\armv6m-ti-none-eabi\c\</path>
         <kind>archive</kind>
         <file>libc.a</file>
         <name>_ltoa.c.obj</name>
      </input_file>
      <input_file id="fl-47">
         <path>D:\ti\ccs\ccs\tools\compiler\ti-cgt-armllvm_4.0.4.LTS\lib\armv6m-ti-none-eabi\c\</path>
         <kind>archive</kind>
         <file>libc.a</file>
         <name>args_main.c.obj</name>
      </input_file>
      <input_file id="fl-48">
         <path>D:\ti\ccs\ccs\tools\compiler\ti-cgt-armllvm_4.0.4.LTS\lib\armv6m-ti-none-eabi\c\</path>
         <kind>archive</kind>
         <file>libc.a</file>
         <name>assert.c.obj</name>
      </input_file>
      <input_file id="fl-49">
         <path>D:\ti\ccs\ccs\tools\compiler\ti-cgt-armllvm_4.0.4.LTS\lib\armv6m-ti-none-eabi\c\</path>
         <kind>archive</kind>
         <file>libc.a</file>
         <name>atoi.c.obj</name>
      </input_file>
      <input_file id="fl-4a">
         <path>D:\ti\ccs\ccs\tools\compiler\ti-cgt-armllvm_4.0.4.LTS\lib\armv6m-ti-none-eabi\c\</path>
         <kind>archive</kind>
         <file>libc.a</file>
         <name>defs.c.obj</name>
      </input_file>
      <input_file id="fl-4b">
         <path>D:\ti\ccs\ccs\tools\compiler\ti-cgt-armllvm_4.0.4.LTS\lib\armv6m-ti-none-eabi\c\</path>
         <kind>archive</kind>
         <file>libc.a</file>
         <name>memccpy.c.obj</name>
      </input_file>
      <input_file id="fl-4c">
         <path>D:\ti\ccs\ccs\tools\compiler\ti-cgt-armllvm_4.0.4.LTS\lib\armv6m-ti-none-eabi\c\</path>
         <kind>archive</kind>
         <file>libc.a</file>
         <name>memory.c.obj</name>
      </input_file>
      <input_file id="fl-4d">
         <path>D:\ti\ccs\ccs\tools\compiler\ti-cgt-armllvm_4.0.4.LTS\lib\armv6m-ti-none-eabi\c\</path>
         <kind>archive</kind>
         <file>libc.a</file>
         <name>strtol.c.obj</name>
      </input_file>
      <input_file id="fl-4e">
         <path>D:\ti\ccs\ccs\tools\compiler\ti-cgt-armllvm_4.0.4.LTS\lib\armv6m-ti-none-eabi\c\</path>
         <kind>archive</kind>
         <file>libc.a</file>
         <name>strtoll.c.obj</name>
      </input_file>
      <input_file id="fl-4f">
         <path>D:\ti\ccs\ccs\tools\compiler\ti-cgt-armllvm_4.0.4.LTS\lib\armv6m-ti-none-eabi\c\</path>
         <kind>archive</kind>
         <file>libc.a</file>
         <name>strtoul.c.obj</name>
      </input_file>
      <input_file id="fl-50">
         <path>D:\ti\ccs\ccs\tools\compiler\ti-cgt-armllvm_4.0.4.LTS\lib\armv6m-ti-none-eabi\c\</path>
         <kind>archive</kind>
         <file>libc.a</file>
         <name>strtoull.c.obj</name>
      </input_file>
      <input_file id="fl-51">
         <path>D:\ti\ccs\ccs\tools\compiler\ti-cgt-armllvm_4.0.4.LTS\lib\armv6m-ti-none-eabi\c\</path>
         <kind>archive</kind>
         <file>libc.a</file>
         <name>s_frexp.c.obj</name>
      </input_file>
      <input_file id="fl-52">
         <path>D:\ti\ccs\ccs\tools\compiler\ti-cgt-armllvm_4.0.4.LTS\lib\armv6m-ti-none-eabi\c\</path>
         <kind>archive</kind>
         <file>libc.a</file>
         <name>wcslen.c.obj</name>
      </input_file>
      <input_file id="fl-53">
         <path>D:\ti\ccs\ccs\tools\compiler\ti-cgt-armllvm_4.0.4.LTS\lib\armv6m-ti-none-eabi\c\</path>
         <kind>archive</kind>
         <file>libc.a</file>
         <name>sprintf.c.obj</name>
      </input_file>
      <input_file id="fl-54">
         <path>D:\ti\ccs\ccs\tools\compiler\ti-cgt-armllvm_4.0.4.LTS\lib\armv6m-ti-none-eabi\c\</path>
         <kind>archive</kind>
         <file>libc.a</file>
         <name>fflush.c.obj</name>
      </input_file>
      <input_file id="fl-55">
         <path>D:\ti\ccs\ccs\tools\compiler\ti-cgt-armllvm_4.0.4.LTS\lib\armv6m-ti-none-eabi\c\</path>
         <kind>archive</kind>
         <file>libc.a</file>
         <name>fputs.c.obj</name>
      </input_file>
      <input_file id="fl-56">
         <path>D:\ti\ccs\ccs\tools\compiler\ti-cgt-armllvm_4.0.4.LTS\lib\armv6m-ti-none-eabi\c\</path>
         <kind>archive</kind>
         <file>libc.a</file>
         <name>_io_perm.c.obj</name>
      </input_file>
      <input_file id="fl-57">
         <path>D:\ti\ccs\ccs\tools\compiler\ti-cgt-armllvm_4.0.4.LTS\lib\armv6m-ti-none-eabi\c\</path>
         <kind>archive</kind>
         <file>libc.a</file>
         <name>setvbuf.c.obj</name>
      </input_file>
      <input_file id="fl-58">
         <path>D:\ti\ccs\ccs\tools\compiler\ti-cgt-armllvm_4.0.4.LTS\lib\armv6m-ti-none-eabi\c\</path>
         <kind>archive</kind>
         <file>libc.a</file>
         <name>fopen.c.obj</name>
      </input_file>
      <input_file id="fl-59">
         <path>D:\ti\ccs\ccs\tools\compiler\ti-cgt-armllvm_4.0.4.LTS\lib\armv6m-ti-none-eabi\c\</path>
         <kind>archive</kind>
         <file>libc.a</file>
         <name>fseek.c.obj</name>
      </input_file>
      <input_file id="fl-5a">
         <path>D:\ti\ccs\ccs\tools\compiler\ti-cgt-armllvm_4.0.4.LTS\lib\armv6m-ti-none-eabi\c\</path>
         <kind>archive</kind>
         <file>libc.a</file>
         <name>fclose.c.obj</name>
      </input_file>
      <input_file id="fl-fa">
         <path>D:\ti\ccs\ccs\tools\compiler\ti-cgt-armllvm_4.0.4.LTS\lib\armv6m-ti-none-eabi\c\</path>
         <kind>archive</kind>
         <file>libsysbm.a</file>
         <name>hostexit.c.obj</name>
      </input_file>
      <input_file id="fl-fb">
         <path>D:\ti\ccs\ccs\tools\compiler\ti-cgt-armllvm_4.0.4.LTS\lib\armv6m-ti-none-eabi\c\</path>
         <kind>archive</kind>
         <file>libsysbm.a</file>
         <name>write.c.obj</name>
      </input_file>
      <input_file id="fl-fc">
         <path>D:\ti\ccs\ccs\tools\compiler\ti-cgt-armllvm_4.0.4.LTS\lib\armv6m-ti-none-eabi\c\</path>
         <kind>archive</kind>
         <file>libsysbm.a</file>
         <name>host_device.c.obj</name>
      </input_file>
      <input_file id="fl-fd">
         <path>D:\ti\ccs\ccs\tools\compiler\ti-cgt-armllvm_4.0.4.LTS\lib\armv6m-ti-none-eabi\c\</path>
         <kind>archive</kind>
         <file>libsysbm.a</file>
         <name>remove.c.obj</name>
      </input_file>
      <input_file id="fl-fe">
         <path>D:\ti\ccs\ccs\tools\compiler\ti-cgt-armllvm_4.0.4.LTS\lib\armv6m-ti-none-eabi\c\</path>
         <kind>archive</kind>
         <file>libsysbm.a</file>
         <name>open.c.obj</name>
      </input_file>
      <input_file id="fl-ff">
         <path>D:\ti\ccs\ccs\tools\compiler\ti-cgt-armllvm_4.0.4.LTS\lib\armv6m-ti-none-eabi\c\</path>
         <kind>archive</kind>
         <file>libsysbm.a</file>
         <name>lseek.c.obj</name>
      </input_file>
      <input_file id="fl-100">
         <path>D:\ti\ccs\ccs\tools\compiler\ti-cgt-armllvm_4.0.4.LTS\lib\armv6m-ti-none-eabi\c\</path>
         <kind>archive</kind>
         <file>libsysbm.a</file>
         <name>close.c.obj</name>
      </input_file>
      <input_file id="fl-101">
         <path>D:\ti\ccs\ccs\tools\compiler\ti-cgt-armllvm_4.0.4.LTS\lib\armv6m-ti-none-eabi\c\</path>
         <kind>archive</kind>
         <file>libsysbm.a</file>
         <name>unlink.c.obj</name>
      </input_file>
      <input_file id="fl-102">
         <path>D:\ti\ccs\ccs\tools\compiler\ti-cgt-armllvm_4.0.4.LTS\lib\armv6m-ti-none-eabi\c\</path>
         <kind>archive</kind>
         <file>libsysbm.a</file>
         <name>hostclose.c.obj</name>
      </input_file>
      <input_file id="fl-103">
         <path>D:\ti\ccs\ccs\tools\compiler\ti-cgt-armllvm_4.0.4.LTS\lib\armv6m-ti-none-eabi\c\</path>
         <kind>archive</kind>
         <file>libsysbm.a</file>
         <name>hostlseek.c.obj</name>
      </input_file>
      <input_file id="fl-104">
         <path>D:\ti\ccs\ccs\tools\compiler\ti-cgt-armllvm_4.0.4.LTS\lib\armv6m-ti-none-eabi\c\</path>
         <kind>archive</kind>
         <file>libsysbm.a</file>
         <name>hostopen.c.obj</name>
      </input_file>
      <input_file id="fl-105">
         <path>D:\ti\ccs\ccs\tools\compiler\ti-cgt-armllvm_4.0.4.LTS\lib\armv6m-ti-none-eabi\c\</path>
         <kind>archive</kind>
         <file>libsysbm.a</file>
         <name>hostread.c.obj</name>
      </input_file>
      <input_file id="fl-106">
         <path>D:\ti\ccs\ccs\tools\compiler\ti-cgt-armllvm_4.0.4.LTS\lib\armv6m-ti-none-eabi\c\</path>
         <kind>archive</kind>
         <file>libsysbm.a</file>
         <name>hostrename.c.obj</name>
      </input_file>
      <input_file id="fl-107">
         <path>D:\ti\ccs\ccs\tools\compiler\ti-cgt-armllvm_4.0.4.LTS\lib\armv6m-ti-none-eabi\c\</path>
         <kind>archive</kind>
         <file>libsysbm.a</file>
         <name>hostunlink.c.obj</name>
      </input_file>
      <input_file id="fl-108">
         <path>D:\ti\ccs\ccs\tools\compiler\ti-cgt-armllvm_4.0.4.LTS\lib\armv6m-ti-none-eabi\c\</path>
         <kind>archive</kind>
         <file>libsysbm.a</file>
         <name>hostwrite.c.obj</name>
      </input_file>
      <input_file id="fl-109">
         <path>D:\ti\ccs\ccs\tools\compiler\ti-cgt-armllvm_4.0.4.LTS\lib\armv6m-ti-none-eabi\c\</path>
         <kind>archive</kind>
         <file>libsysbm.a</file>
         <name>trgmsg.c.obj</name>
      </input_file>
      <input_file id="fl-10a">
         <path>D:\ti\ccs\ccs\tools\compiler\ti-cgt-armllvm_4.0.4.LTS\lib\armv6m-ti-none-eabi\</path>
         <kind>archive</kind>
         <file>libclang_rt.builtins.a</file>
         <name>addsf3.S.obj</name>
      </input_file>
      <input_file id="fl-10b">
         <path>D:\ti\ccs\ccs\tools\compiler\ti-cgt-armllvm_4.0.4.LTS\lib\armv6m-ti-none-eabi\</path>
         <kind>archive</kind>
         <file>libclang_rt.builtins.a</file>
         <name>adddf3.S.obj</name>
      </input_file>
      <input_file id="fl-10c">
         <path>D:\ti\ccs\ccs\tools\compiler\ti-cgt-armllvm_4.0.4.LTS\lib\armv6m-ti-none-eabi\</path>
         <kind>archive</kind>
         <file>libclang_rt.builtins.a</file>
         <name>muldf3.S.obj</name>
      </input_file>
      <input_file id="fl-10d">
         <path>D:\ti\ccs\ccs\tools\compiler\ti-cgt-armllvm_4.0.4.LTS\lib\armv6m-ti-none-eabi\</path>
         <kind>archive</kind>
         <file>libclang_rt.builtins.a</file>
         <name>muldsi3.S.obj</name>
      </input_file>
      <input_file id="fl-10e">
         <path>D:\ti\ccs\ccs\tools\compiler\ti-cgt-armllvm_4.0.4.LTS\lib\armv6m-ti-none-eabi\</path>
         <kind>archive</kind>
         <file>libclang_rt.builtins.a</file>
         <name>mulsf3.S.obj</name>
      </input_file>
      <input_file id="fl-10f">
         <path>D:\ti\ccs\ccs\tools\compiler\ti-cgt-armllvm_4.0.4.LTS\lib\armv6m-ti-none-eabi\</path>
         <kind>archive</kind>
         <file>libclang_rt.builtins.a</file>
         <name>divsf3.S.obj</name>
      </input_file>
      <input_file id="fl-110">
         <path>D:\ti\ccs\ccs\tools\compiler\ti-cgt-armllvm_4.0.4.LTS\lib\armv6m-ti-none-eabi\</path>
         <kind>archive</kind>
         <file>libclang_rt.builtins.a</file>
         <name>divdf3.S.obj</name>
      </input_file>
      <input_file id="fl-111">
         <path>D:\ti\ccs\ccs\tools\compiler\ti-cgt-armllvm_4.0.4.LTS\lib\armv6m-ti-none-eabi\</path>
         <kind>archive</kind>
         <file>libclang_rt.builtins.a</file>
         <name>extendsfdf2.S.obj</name>
      </input_file>
      <input_file id="fl-112">
         <path>D:\ti\ccs\ccs\tools\compiler\ti-cgt-armllvm_4.0.4.LTS\lib\armv6m-ti-none-eabi\</path>
         <kind>archive</kind>
         <file>libclang_rt.builtins.a</file>
         <name>fixdfsi.S.obj</name>
      </input_file>
      <input_file id="fl-113">
         <path>D:\ti\ccs\ccs\tools\compiler\ti-cgt-armllvm_4.0.4.LTS\lib\armv6m-ti-none-eabi\</path>
         <kind>archive</kind>
         <file>libclang_rt.builtins.a</file>
         <name>fixsfsi.S.obj</name>
      </input_file>
      <input_file id="fl-114">
         <path>D:\ti\ccs\ccs\tools\compiler\ti-cgt-armllvm_4.0.4.LTS\lib\armv6m-ti-none-eabi\</path>
         <kind>archive</kind>
         <file>libclang_rt.builtins.a</file>
         <name>floatsidf.S.obj</name>
      </input_file>
      <input_file id="fl-115">
         <path>D:\ti\ccs\ccs\tools\compiler\ti-cgt-armllvm_4.0.4.LTS\lib\armv6m-ti-none-eabi\</path>
         <kind>archive</kind>
         <file>libclang_rt.builtins.a</file>
         <name>floatsisf.S.obj</name>
      </input_file>
      <input_file id="fl-116">
         <path>D:\ti\ccs\ccs\tools\compiler\ti-cgt-armllvm_4.0.4.LTS\lib\armv6m-ti-none-eabi\</path>
         <kind>archive</kind>
         <file>libclang_rt.builtins.a</file>
         <name>muldi3.S.obj</name>
      </input_file>
      <input_file id="fl-117">
         <path>D:\ti\ccs\ccs\tools\compiler\ti-cgt-armllvm_4.0.4.LTS\lib\armv6m-ti-none-eabi\</path>
         <kind>archive</kind>
         <file>libclang_rt.builtins.a</file>
         <name>truncdfsf2.S.obj</name>
      </input_file>
      <input_file id="fl-118">
         <path>D:\ti\ccs\ccs\tools\compiler\ti-cgt-armllvm_4.0.4.LTS\lib\armv6m-ti-none-eabi\</path>
         <kind>archive</kind>
         <file>libclang_rt.builtins.a</file>
         <name>aeabi_dcmp.S.obj</name>
      </input_file>
      <input_file id="fl-119">
         <path>D:\ti\ccs\ccs\tools\compiler\ti-cgt-armllvm_4.0.4.LTS\lib\armv6m-ti-none-eabi\</path>
         <kind>archive</kind>
         <file>libclang_rt.builtins.a</file>
         <name>aeabi_fcmp.S.obj</name>
      </input_file>
      <input_file id="fl-11a">
         <path>D:\ti\ccs\ccs\tools\compiler\ti-cgt-armllvm_4.0.4.LTS\lib\armv6m-ti-none-eabi\</path>
         <kind>archive</kind>
         <file>libclang_rt.builtins.a</file>
         <name>aeabi_idivmod.S.obj</name>
      </input_file>
      <input_file id="fl-11b">
         <path>D:\ti\ccs\ccs\tools\compiler\ti-cgt-armllvm_4.0.4.LTS\lib\armv6m-ti-none-eabi\</path>
         <kind>archive</kind>
         <file>libclang_rt.builtins.a</file>
         <name>aeabi_memcpy.S.obj</name>
      </input_file>
      <input_file id="fl-11c">
         <path>D:\ti\ccs\ccs\tools\compiler\ti-cgt-armllvm_4.0.4.LTS\lib\armv6m-ti-none-eabi\</path>
         <kind>archive</kind>
         <file>libclang_rt.builtins.a</file>
         <name>aeabi_memset.S.obj</name>
      </input_file>
      <input_file id="fl-11d">
         <path>D:\ti\ccs\ccs\tools\compiler\ti-cgt-armllvm_4.0.4.LTS\lib\armv6m-ti-none-eabi\</path>
         <kind>archive</kind>
         <file>libclang_rt.builtins.a</file>
         <name>aeabi_uidivmod.S.obj</name>
      </input_file>
      <input_file id="fl-11e">
         <path>D:\ti\ccs\ccs\tools\compiler\ti-cgt-armllvm_4.0.4.LTS\lib\armv6m-ti-none-eabi\</path>
         <kind>archive</kind>
         <file>libclang_rt.builtins.a</file>
         <name>aeabi_uldivmod.S.obj</name>
      </input_file>
      <input_file id="fl-11f">
         <path>D:\ti\ccs\ccs\tools\compiler\ti-cgt-armllvm_4.0.4.LTS\lib\armv6m-ti-none-eabi\</path>
         <kind>archive</kind>
         <file>libclang_rt.builtins.a</file>
         <name>comparesf2.S.obj</name>
      </input_file>
      <input_file id="fl-120">
         <path>D:\ti\ccs\ccs\tools\compiler\ti-cgt-armllvm_4.0.4.LTS\lib\armv6m-ti-none-eabi\</path>
         <kind>archive</kind>
         <file>libclang_rt.builtins.a</file>
         <name>udivmoddi4.S.obj</name>
      </input_file>
      <input_file id="fl-121">
         <path>D:\ti\ccs\ccs\tools\compiler\ti-cgt-armllvm_4.0.4.LTS\lib\armv6m-ti-none-eabi\</path>
         <kind>archive</kind>
         <file>libclang_rt.builtins.a</file>
         <name>ashldi3.S.obj</name>
      </input_file>
      <input_file id="fl-122">
         <path>D:\ti\ccs\ccs\tools\compiler\ti-cgt-armllvm_4.0.4.LTS\lib\armv6m-ti-none-eabi\</path>
         <kind>archive</kind>
         <file>libclang_rt.builtins.a</file>
         <name>comparedf2.c.obj</name>
      </input_file>
      <input_file id="fl-123">
         <path>D:\ti\ccs\ccs\tools\compiler\ti-cgt-armllvm_4.0.4.LTS\lib\armv6m-ti-none-eabi\</path>
         <kind>archive</kind>
         <file>libclang_rt.builtins.a</file>
         <name>aeabi_div0.c.obj</name>
      </input_file>
      <input_file id="fl-124">
         <path>D:\ti\ccs\ccs\tools\compiler\ti-cgt-armllvm_4.0.4.LTS\lib\armv6m-ti-none-eabi\c\</path>
         <kind>archive</kind>
         <file>libc.a</file>
         <name>getdevice.c.obj</name>
      </input_file>
      <input_file id="fl-125">
         <path>D:\ti\ccs\ccs\tools\compiler\ti-cgt-armllvm_4.0.4.LTS\lib\armv6m-ti-none-eabi\c\</path>
         <kind>archive</kind>
         <file>libc.a</file>
         <name>memcpy16.S.obj</name>
      </input_file>
      <input_file id="fl-126">
         <path>D:\ti\ccs\ccs\tools\compiler\ti-cgt-armllvm_4.0.4.LTS\lib\armv6m-ti-none-eabi\c\</path>
         <kind>archive</kind>
         <file>libc.a</file>
         <name>memset16.S.obj</name>
      </input_file>
      <input_file id="fl-127">
         <path>D:\ti\ccs\ccs\tools\compiler\ti-cgt-armllvm_4.0.4.LTS\lib\armv6m-ti-none-eabi\c\</path>
         <kind>archive</kind>
         <file>libc.a</file>
         <name>strcmp-armv6m.S.obj</name>
      </input_file>
   </input_file_list>
   <object_component_list>
      <object_component id="oc-18">
         <name>.intvecs</name>
         <load_address>0x0</load_address>
         <readonly>true</readonly>
         <run_address>0x0</run_address>
         <size>0xc0</size>
         <alignment>0x4</alignment>
         <input_file_ref idref="fl-2"/>
      </object_component>
      <object_component id="oc-194">
         <name>.text.__TI_scanfi</name>
         <load_address>0xc0</load_address>
         <readonly>true</readonly>
         <executable>true</executable>
         <run_address>0xc0</run_address>
         <size>0xbdc</size>
         <alignment>0x4</alignment>
         <input_file_ref idref="fl-42"/>
      </object_component>
      <object_component id="oc-1e9">
         <name>.text:__TI_printfi</name>
         <load_address>0xc9c</load_address>
         <readonly>true</readonly>
         <executable>true</executable>
         <run_address>0xc9c</run_address>
         <size>0x9d0</size>
         <alignment>0x4</alignment>
         <input_file_ref idref="fl-41"/>
      </object_component>
      <object_component id="oc-1c9">
         <name>.text.strtod</name>
         <load_address>0x166c</load_address>
         <readonly>true</readonly>
         <executable>true</executable>
         <run_address>0x166c</run_address>
         <size>0x3b8</size>
         <alignment>0x4</alignment>
         <input_file_ref idref="fl-37"/>
      </object_component>
      <object_component id="oc-163">
         <name>.text.SYSCFG_DL_SYSCTL_SYSPLL_init</name>
         <load_address>0x1a24</load_address>
         <readonly>true</readonly>
         <executable>true</executable>
         <run_address>0x1a24</run_address>
         <size>0x2a8</size>
         <alignment>0x4</alignment>
         <input_file_ref idref="fl-1"/>
      </object_component>
      <object_component id="oc-230">
         <name>.text._pconv_a</name>
         <load_address>0x1ccc</load_address>
         <readonly>true</readonly>
         <executable>true</executable>
         <run_address>0x1ccc</run_address>
         <size>0x220</size>
         <alignment>0x4</alignment>
         <input_file_ref idref="fl-41"/>
      </object_component>
      <object_component id="oc-1dc">
         <name>.text.strtoll</name>
         <load_address>0x1eec</load_address>
         <readonly>true</readonly>
         <executable>true</executable>
         <run_address>0x1eec</run_address>
         <size>0x1e0</size>
         <alignment>0x4</alignment>
         <input_file_ref idref="fl-4e"/>
      </object_component>
      <object_component id="oc-231">
         <name>.text._pconv_g</name>
         <load_address>0x20cc</load_address>
         <readonly>true</readonly>
         <executable>true</executable>
         <run_address>0x20cc</run_address>
         <size>0x1dc</size>
         <alignment>0x4</alignment>
         <input_file_ref idref="fl-41"/>
      </object_component>
      <object_component id="oc-e2">
         <name>.text.vofa_draw_graphical</name>
         <load_address>0x22a8</load_address>
         <readonly>true</readonly>
         <executable>true</executable>
         <run_address>0x22a8</run_address>
         <size>0x1b4</size>
         <alignment>0x4</alignment>
         <input_file_ref idref="fl-9"/>
      </object_component>
      <object_component id="oc-1f1">
         <name>.text.adddf3_subdf3</name>
         <load_address>0x245c</load_address>
         <readonly>true</readonly>
         <executable>true</executable>
         <run_address>0x245c</run_address>
         <size>0x192</size>
         <alignment>0x4</alignment>
         <input_file_ref idref="fl-10b"/>
      </object_component>
      <object_component id="oc-33">
         <name>.text.Default_Handler</name>
         <load_address>0x25ee</load_address>
         <readonly>true</readonly>
         <executable>true</executable>
         <run_address>0x25ee</run_address>
         <size>0x2</size>
         <alignment>0x2</alignment>
         <input_file_ref idref="fl-2"/>
      </object_component>
      <object_component id="oc-1d8">
         <name>.text.strtoull</name>
         <load_address>0x25f0</load_address>
         <readonly>true</readonly>
         <executable>true</executable>
         <run_address>0x25f0</run_address>
         <size>0x16c</size>
         <alignment>0x4</alignment>
         <input_file_ref idref="fl-50"/>
      </object_component>
      <object_component id="oc-1d4">
         <name>.text.strtol</name>
         <load_address>0x275c</load_address>
         <readonly>true</readonly>
         <executable>true</executable>
         <run_address>0x275c</run_address>
         <size>0x144</size>
         <alignment>0x4</alignment>
         <input_file_ref idref="fl-4d"/>
      </object_component>
      <object_component id="oc-e8">
         <name>.text.vofa_parse_packet</name>
         <load_address>0x28a0</load_address>
         <readonly>true</readonly>
         <executable>true</executable>
         <run_address>0x28a0</run_address>
         <size>0x144</size>
         <alignment>0x4</alignment>
         <input_file_ref idref="fl-9"/>
      </object_component>
      <object_component id="oc-266">
         <name>.text.fcvt</name>
         <load_address>0x29e4</load_address>
         <readonly>true</readonly>
         <executable>true</executable>
         <run_address>0x29e4</run_address>
         <size>0x13c</size>
         <alignment>0x4</alignment>
         <input_file_ref idref="fl-41"/>
      </object_component>
      <object_component id="oc-1d0">
         <name>.text.strtoul</name>
         <load_address>0x2b20</load_address>
         <readonly>true</readonly>
         <executable>true</executable>
         <run_address>0x2b20</run_address>
         <size>0x12c</size>
         <alignment>0x4</alignment>
         <input_file_ref idref="fl-4f"/>
      </object_component>
      <object_component id="oc-233">
         <name>.text._pconv_e</name>
         <load_address>0x2c4c</load_address>
         <readonly>true</readonly>
         <executable>true</executable>
         <run_address>0x2c4c</run_address>
         <size>0x120</size>
         <alignment>0x4</alignment>
         <input_file_ref idref="fl-41"/>
      </object_component>
      <object_component id="oc-122">
         <name>.text.SYSCFG_DL_GPIO_init</name>
         <load_address>0x2d6c</load_address>
         <readonly>true</readonly>
         <executable>true</executable>
         <run_address>0x2d6c</run_address>
         <size>0x114</size>
         <alignment>0x4</alignment>
         <input_file_ref idref="fl-1"/>
      </object_component>
      <object_component id="oc-202">
         <name>.text.__divdf3</name>
         <load_address>0x2e80</load_address>
         <readonly>true</readonly>
         <executable>true</executable>
         <run_address>0x2e80</run_address>
         <size>0x10c</size>
         <alignment>0x4</alignment>
         <input_file_ref idref="fl-110"/>
      </object_component>
      <object_component id="oc-167">
         <name>.text.DL_Timer_initFourCCPWMMode</name>
         <load_address>0x2f8c</load_address>
         <readonly>true</readonly>
         <executable>true</executable>
         <run_address>0x2f8c</run_address>
         <size>0x104</size>
         <alignment>0x4</alignment>
         <input_file_ref idref="fl-1a"/>
      </object_component>
      <object_component id="oc-16c">
         <name>.text.DL_Timer_initTimerMode</name>
         <load_address>0x3090</load_address>
         <readonly>true</readonly>
         <executable>true</executable>
         <run_address>0x3090</run_address>
         <size>0xfc</size>
         <alignment>0x4</alignment>
         <input_file_ref idref="fl-1a"/>
      </object_component>
      <object_component id="oc-b1">
         <name>.text.__muldf3</name>
         <load_address>0x318c</load_address>
         <readonly>true</readonly>
         <executable>true</executable>
         <run_address>0x318c</run_address>
         <size>0xe4</size>
         <alignment>0x4</alignment>
         <input_file_ref idref="fl-10c"/>
      </object_component>
      <object_component id="oc-15d">
         <name>.text.DL_SYSCTL_configSYSPLL</name>
         <load_address>0x3270</load_address>
         <readonly>true</readonly>
         <executable>true</executable>
         <run_address>0x3270</run_address>
         <size>0xdc</size>
         <alignment>0x4</alignment>
         <input_file_ref idref="fl-1d"/>
      </object_component>
      <object_component id="oc-1fe">
         <name>.text.scalbn</name>
         <load_address>0x334c</load_address>
         <readonly>true</readonly>
         <executable>true</executable>
         <run_address>0x334c</run_address>
         <size>0xd8</size>
         <alignment>0x4</alignment>
         <input_file_ref idref="fl-40"/>
      </object_component>
      <object_component id="oc-b9">
         <name>.text</name>
         <load_address>0x3424</load_address>
         <readonly>true</readonly>
         <executable>true</executable>
         <run_address>0x3424</run_address>
         <size>0xd8</size>
         <alignment>0x4</alignment>
         <input_file_ref idref="fl-10a"/>
      </object_component>
      <object_component id="oc-80">
         <name>.text.Motor_SetDuty</name>
         <load_address>0x34fc</load_address>
         <readonly>true</readonly>
         <executable>true</executable>
         <run_address>0x34fc</run_address>
         <size>0xd0</size>
         <alignment>0x4</alignment>
         <input_file_ref idref="fl-7"/>
      </object_component>
      <object_component id="oc-77">
         <name>.text.calculate_speed</name>
         <load_address>0x35cc</load_address>
         <readonly>true</readonly>
         <executable>true</executable>
         <run_address>0x35cc</run_address>
         <size>0xcc</size>
         <alignment>0x4</alignment>
         <input_file_ref idref="fl-7"/>
      </object_component>
      <object_component id="oc-34">
         <name>.text.GROUP1_IRQHandler</name>
         <load_address>0x3698</load_address>
         <readonly>true</readonly>
         <executable>true</executable>
         <run_address>0x3698</run_address>
         <size>0xc4</size>
         <alignment>0x4</alignment>
         <input_file_ref idref="fl-3"/>
      </object_component>
      <object_component id="oc-123">
         <name>.text.SYSCFG_DL_SYSCTL_init</name>
         <load_address>0x375c</load_address>
         <readonly>true</readonly>
         <executable>true</executable>
         <run_address>0x375c</run_address>
         <size>0xa8</size>
         <alignment>0x4</alignment>
         <input_file_ref idref="fl-1"/>
      </object_component>
      <object_component id="oc-246">
         <name>.text</name>
         <load_address>0x3804</load_address>
         <readonly>true</readonly>
         <executable>true</executable>
         <run_address>0x3804</run_address>
         <size>0xa2</size>
         <alignment>0x4</alignment>
         <input_file_ref idref="fl-120"/>
      </object_component>
      <object_component id="oc-d6">
         <name>.text:memcpy</name>
         <load_address>0x38a6</load_address>
         <readonly>true</readonly>
         <executable>true</executable>
         <run_address>0x38a6</run_address>
         <size>0x9a</size>
         <alignment>0x1</alignment>
         <input_file_ref idref="fl-125"/>
      </object_component>
      <object_component id="oc-78">
         <name>.text.PID_Update</name>
         <load_address>0x3940</load_address>
         <readonly>true</readonly>
         <executable>true</executable>
         <run_address>0x3940</run_address>
         <size>0x90</size>
         <alignment>0x2</alignment>
         <input_file_ref idref="fl-4"/>
      </object_component>
      <object_component id="oc-124">
         <name>.text.SYSCFG_DL_PWM1_init</name>
         <load_address>0x39d0</load_address>
         <readonly>true</readonly>
         <executable>true</executable>
         <run_address>0x39d0</run_address>
         <size>0x8c</size>
         <alignment>0x4</alignment>
         <input_file_ref idref="fl-1"/>
      </object_component>
      <object_component id="oc-c1">
         <name>.text.__mulsf3</name>
         <load_address>0x3a5c</load_address>
         <readonly>true</readonly>
         <executable>true</executable>
         <run_address>0x3a5c</run_address>
         <size>0x8c</size>
         <alignment>0x4</alignment>
         <input_file_ref idref="fl-10e"/>
      </object_component>
      <object_component id="oc-a9">
         <name>.text.__divsf3</name>
         <load_address>0x3ae8</load_address>
         <readonly>true</readonly>
         <executable>true</executable>
         <run_address>0x3ae8</run_address>
         <size>0x82</size>
         <alignment>0x4</alignment>
         <input_file_ref idref="fl-10f"/>
      </object_component>
      <object_component id="oc-9f">
         <name>.text.__aeabi_idiv0</name>
         <load_address>0x3b6a</load_address>
         <readonly>true</readonly>
         <executable>true</executable>
         <run_address>0x3b6a</run_address>
         <size>0x2</size>
         <alignment>0x2</alignment>
         <input_file_ref idref="fl-123"/>
      </object_component>
      <object_component id="oc-3f">
         <name>.text.TIMA0_IRQHandler</name>
         <load_address>0x3b6c</load_address>
         <readonly>true</readonly>
         <executable>true</executable>
         <run_address>0x3b6c</run_address>
         <size>0x7c</size>
         <alignment>0x4</alignment>
         <input_file_ref idref="fl-7"/>
      </object_component>
      <object_component id="oc-1c">
         <name>.text:decompress:lzss</name>
         <load_address>0x3be8</load_address>
         <readonly>true</readonly>
         <executable>true</executable>
         <run_address>0x3be8</run_address>
         <size>0x7c</size>
         <alignment>0x4</alignment>
         <input_file_ref idref="fl-3f"/>
      </object_component>
      <object_component id="oc-e1">
         <name>.text.Motor_Init</name>
         <load_address>0x3c64</load_address>
         <readonly>true</readonly>
         <executable>true</executable>
         <run_address>0x3c64</run_address>
         <size>0x78</size>
         <alignment>0x4</alignment>
         <input_file_ref idref="fl-7"/>
      </object_component>
      <object_component id="oc-23b">
         <name>.text.__gedf2</name>
         <load_address>0x3cdc</load_address>
         <readonly>true</readonly>
         <executable>true</executable>
         <run_address>0x3cdc</run_address>
         <size>0x74</size>
         <alignment>0x4</alignment>
         <input_file_ref idref="fl-122"/>
      </object_component>
      <object_component id="oc-b5">
         <name>.text.__truncdfsf2</name>
         <load_address>0x3d50</load_address>
         <readonly>true</readonly>
         <executable>true</executable>
         <run_address>0x3d50</run_address>
         <size>0x74</size>
         <alignment>0x10</alignment>
         <input_file_ref idref="fl-117"/>
      </object_component>
      <object_component id="oc-19c">
         <name>.text._chkmbc</name>
         <load_address>0x3dc4</load_address>
         <readonly>true</readonly>
         <executable>true</executable>
         <run_address>0x3dc4</run_address>
         <size>0x74</size>
         <alignment>0x4</alignment>
         <input_file_ref idref="fl-35"/>
      </object_component>
      <object_component id="oc-127">
         <name>.text.SYSCFG_DL_Serial_init</name>
         <load_address>0x3e38</load_address>
         <readonly>true</readonly>
         <executable>true</executable>
         <run_address>0x3e38</run_address>
         <size>0x70</size>
         <alignment>0x4</alignment>
         <input_file_ref idref="fl-1"/>
      </object_component>
      <object_component id="oc-120">
         <name>.text.SYSCFG_DL_initPower</name>
         <load_address>0x3ea8</load_address>
         <readonly>true</readonly>
         <executable>true</executable>
         <run_address>0x3ea8</run_address>
         <size>0x70</size>
         <alignment>0x4</alignment>
         <input_file_ref idref="fl-1"/>
      </object_component>
      <object_component id="oc-235">
         <name>.text.__ledf2</name>
         <load_address>0x3f18</load_address>
         <readonly>true</readonly>
         <executable>true</executable>
         <run_address>0x3f18</run_address>
         <size>0x68</size>
         <alignment>0x4</alignment>
         <input_file_ref idref="fl-122"/>
      </object_component>
      <object_component id="oc-265">
         <name>.text._mcpy</name>
         <load_address>0x3f80</load_address>
         <readonly>true</readonly>
         <executable>true</executable>
         <run_address>0x3f80</run_address>
         <size>0x66</size>
         <alignment>0x2</alignment>
         <input_file_ref idref="fl-41"/>
      </object_component>
      <object_component id="oc-26a">
         <name>.text.__aeabi_ldiv0</name>
         <load_address>0x3fe6</load_address>
         <readonly>true</readonly>
         <executable>true</executable>
         <run_address>0x3fe6</run_address>
         <size>0x2</size>
         <alignment>0x2</alignment>
         <input_file_ref idref="fl-123"/>
      </object_component>
      <object_component id="oc-12f">
         <name>.text.Serial_Printf</name>
         <load_address>0x3fe8</load_address>
         <readonly>true</readonly>
         <executable>true</executable>
         <run_address>0x3fe8</run_address>
         <size>0x64</size>
         <alignment>0x4</alignment>
         <input_file_ref idref="fl-5"/>
      </object_component>
      <object_component id="oc-39">
         <name>.text.UART0_IRQHandler</name>
         <load_address>0x404c</load_address>
         <readonly>true</readonly>
         <executable>true</executable>
         <run_address>0x404c</run_address>
         <size>0x64</size>
         <alignment>0x4</alignment>
         <input_file_ref idref="fl-5"/>
      </object_component>
      <object_component id="oc-1f5">
         <name>.text.__aeabi_dcmp</name>
         <load_address>0x40b0</load_address>
         <readonly>true</readonly>
         <executable>true</executable>
         <run_address>0x40b0</run_address>
         <size>0x62</size>
         <alignment>0x4</alignment>
         <input_file_ref idref="fl-118"/>
      </object_component>
      <object_component id="oc-bd">
         <name>.text.__aeabi_fcmp</name>
         <load_address>0x4114</load_address>
         <readonly>true</readonly>
         <executable>true</executable>
         <run_address>0x4114</run_address>
         <size>0x62</size>
         <alignment>0x4</alignment>
         <input_file_ref idref="fl-119"/>
      </object_component>
      <object_component id="oc-11f">
         <name>.text:memset</name>
         <load_address>0x4176</load_address>
         <readonly>true</readonly>
         <executable>true</executable>
         <run_address>0x4176</run_address>
         <size>0x62</size>
         <alignment>0x1</alignment>
         <input_file_ref idref="fl-126"/>
      </object_component>
      <object_component id="oc-126">
         <name>.text.SYSCFG_DL_OLED_init</name>
         <load_address>0x41d8</load_address>
         <readonly>true</readonly>
         <executable>true</executable>
         <run_address>0x41d8</run_address>
         <size>0x60</size>
         <alignment>0x4</alignment>
         <input_file_ref idref="fl-1"/>
      </object_component>
      <object_component id="oc-251">
         <name>.text.frexp</name>
         <load_address>0x4238</load_address>
         <readonly>true</readonly>
         <executable>true</executable>
         <run_address>0x4238</run_address>
         <size>0x5c</size>
         <alignment>0x4</alignment>
         <input_file_ref idref="fl-51"/>
      </object_component>
      <object_component id="oc-259">
         <name>.text.__TI_ltoa</name>
         <load_address>0x4294</load_address>
         <readonly>true</readonly>
         <executable>true</executable>
         <run_address>0x4294</run_address>
         <size>0x58</size>
         <alignment>0x2</alignment>
         <input_file_ref idref="fl-46"/>
      </object_component>
      <object_component id="oc-232">
         <name>.text._pconv_f</name>
         <load_address>0x42ec</load_address>
         <readonly>true</readonly>
         <executable>true</executable>
         <run_address>0x42ec</run_address>
         <size>0x58</size>
         <alignment>0x2</alignment>
         <input_file_ref idref="fl-41"/>
      </object_component>
      <object_component id="oc-274">
         <name>.text.__aeabi_idivmod</name>
         <load_address>0x4344</load_address>
         <readonly>true</readonly>
         <executable>true</executable>
         <run_address>0x4344</run_address>
         <size>0x56</size>
         <alignment>0x4</alignment>
         <input_file_ref idref="fl-11a"/>
      </object_component>
      <object_component id="oc-263">
         <name>.text._ecpy</name>
         <load_address>0x439a</load_address>
         <readonly>true</readonly>
         <executable>true</executable>
         <run_address>0x439a</run_address>
         <size>0x52</size>
         <alignment>0x2</alignment>
         <input_file_ref idref="fl-41"/>
      </object_component>
      <object_component id="oc-94">
         <name>.text.main</name>
         <load_address>0x43ec</load_address>
         <readonly>true</readonly>
         <executable>true</executable>
         <run_address>0x43ec</run_address>
         <size>0x50</size>
         <alignment>0x4</alignment>
         <input_file_ref idref="fl-3"/>
      </object_component>
      <object_component id="oc-128">
         <name>.text.SYSCFG_DL_POT_init</name>
         <load_address>0x443c</load_address>
         <readonly>true</readonly>
         <executable>true</executable>
         <run_address>0x443c</run_address>
         <size>0x4c</size>
         <alignment>0x4</alignment>
         <input_file_ref idref="fl-1"/>
      </object_component>
      <object_component id="oc-255">
         <name>.text.__fixdfsi</name>
         <load_address>0x4488</load_address>
         <readonly>true</readonly>
         <executable>true</executable>
         <run_address>0x4488</run_address>
         <size>0x4a</size>
         <alignment>0x4</alignment>
         <input_file_ref idref="fl-112"/>
      </object_component>
      <object_component id="oc-17c">
         <name>.text.DL_UART_init</name>
         <load_address>0x44d4</load_address>
         <readonly>true</readonly>
         <executable>true</executable>
         <run_address>0x44d4</run_address>
         <size>0x48</size>
         <alignment>0x4</alignment>
         <input_file_ref idref="fl-1b"/>
      </object_component>
      <object_component id="oc-164">
         <name>.text.DL_SYSCTL_switchMCLKfromSYSOSCtoHSCLK</name>
         <load_address>0x451c</load_address>
         <readonly>true</readonly>
         <executable>true</executable>
         <run_address>0x451c</run_address>
         <size>0x44</size>
         <alignment>0x4</alignment>
         <input_file_ref idref="fl-1d"/>
      </object_component>
      <object_component id="oc-17f">
         <name>.text.DL_ADC12_setClockConfig</name>
         <load_address>0x4560</load_address>
         <readonly>true</readonly>
         <executable>true</executable>
         <run_address>0x4560</run_address>
         <size>0x40</size>
         <alignment>0x4</alignment>
         <input_file_ref idref="fl-17"/>
      </object_component>
      <object_component id="oc-68">
         <name>.text.__aeabi_uidivmod</name>
         <load_address>0x45a0</load_address>
         <readonly>true</readonly>
         <executable>true</executable>
         <run_address>0x45a0</run_address>
         <size>0x40</size>
         <alignment>0x4</alignment>
         <input_file_ref idref="fl-11d"/>
      </object_component>
      <object_component id="oc-ad">
         <name>.text.__extendsfdf2</name>
         <load_address>0x45e0</load_address>
         <readonly>true</readonly>
         <executable>true</executable>
         <run_address>0x45e0</run_address>
         <size>0x40</size>
         <alignment>0x4</alignment>
         <input_file_ref idref="fl-111"/>
      </object_component>
      <object_component id="oc-1bf">
         <name>.text.atoi</name>
         <load_address>0x4620</load_address>
         <readonly>true</readonly>
         <executable>true</executable>
         <run_address>0x4620</run_address>
         <size>0x40</size>
         <alignment>0x4</alignment>
         <input_file_ref idref="fl-49"/>
      </object_component>
      <object_component id="oc-18d">
         <name>.text.vsnprintf</name>
         <load_address>0x4660</load_address>
         <readonly>true</readonly>
         <executable>true</executable>
         <run_address>0x4660</run_address>
         <size>0x40</size>
         <alignment>0x4</alignment>
         <input_file_ref idref="fl-34"/>
      </object_component>
      <object_component id="oc-125">
         <name>.text.SYSCFG_DL_MOTOR_PID_init</name>
         <load_address>0x46a0</load_address>
         <readonly>true</readonly>
         <executable>true</executable>
         <run_address>0x46a0</run_address>
         <size>0x3c</size>
         <alignment>0x4</alignment>
         <input_file_ref idref="fl-1"/>
      </object_component>
      <object_component id="oc-a5">
         <name>.text.__floatsisf</name>
         <load_address>0x46dc</load_address>
         <readonly>true</readonly>
         <executable>true</executable>
         <run_address>0x46dc</run_address>
         <size>0x3c</size>
         <alignment>0x4</alignment>
         <input_file_ref idref="fl-115"/>
      </object_component>
      <object_component id="oc-114">
         <name>.text.__gtsf2</name>
         <load_address>0x4718</load_address>
         <readonly>true</readonly>
         <executable>true</executable>
         <run_address>0x4718</run_address>
         <size>0x3c</size>
         <alignment>0x4</alignment>
         <input_file_ref idref="fl-11f"/>
      </object_component>
      <object_component id="oc-f0">
         <name>.text:__TI_auto_init_nobinit_nopinit</name>
         <load_address>0x4754</load_address>
         <readonly>true</readonly>
         <executable>true</executable>
         <run_address>0x4754</run_address>
         <size>0x3c</size>
         <alignment>0x4</alignment>
         <input_file_ref idref="fl-3a"/>
      </object_component>
      <object_component id="oc-10f">
         <name>.text.__eqsf2</name>
         <load_address>0x4790</load_address>
         <readonly>true</readonly>
         <executable>true</executable>
         <run_address>0x4790</run_address>
         <size>0x3a</size>
         <alignment>0x4</alignment>
         <input_file_ref idref="fl-11f"/>
      </object_component>
      <object_component id="oc-108">
         <name>.text.__muldsi3</name>
         <load_address>0x47cc</load_address>
         <readonly>true</readonly>
         <executable>true</executable>
         <run_address>0x47cc</run_address>
         <size>0x3a</size>
         <alignment>0x4</alignment>
         <input_file_ref idref="fl-10d"/>
      </object_component>
      <object_component id="oc-7c">
         <name>.text.__fixsfsi</name>
         <load_address>0x4808</load_address>
         <readonly>true</readonly>
         <executable>true</executable>
         <run_address>0x4808</run_address>
         <size>0x38</size>
         <alignment>0x4</alignment>
         <input_file_ref idref="fl-113"/>
      </object_component>
      <object_component id="oc-db">
         <name>.text.SYSCFG_DL_init</name>
         <load_address>0x4840</load_address>
         <readonly>true</readonly>
         <executable>true</executable>
         <run_address>0x4840</run_address>
         <size>0x34</size>
         <alignment>0x4</alignment>
         <input_file_ref idref="fl-1"/>
      </object_component>
      <object_component id="oc-193">
         <name>.text.DL_UART_transmitDataBlocking</name>
         <load_address>0x4874</load_address>
         <readonly>true</readonly>
         <executable>true</executable>
         <run_address>0x4874</run_address>
         <size>0x30</size>
         <alignment>0x4</alignment>
         <input_file_ref idref="fl-1b"/>
      </object_component>
      <object_component id="oc-264">
         <name>.text._fcpy</name>
         <load_address>0x48a4</load_address>
         <readonly>true</readonly>
         <executable>true</executable>
         <run_address>0x48a4</run_address>
         <size>0x30</size>
         <alignment>0x2</alignment>
         <input_file_ref idref="fl-41"/>
      </object_component>
      <object_component id="oc-1b9">
         <name>.text._outs</name>
         <load_address>0x48d4</load_address>
         <readonly>true</readonly>
         <executable>true</executable>
         <run_address>0x48d4</run_address>
         <size>0x30</size>
         <alignment>0x2</alignment>
         <input_file_ref idref="fl-34"/>
      </object_component>
      <object_component id="oc-135">
         <name>.text.sscanf</name>
         <load_address>0x4904</load_address>
         <readonly>true</readonly>
         <executable>true</executable>
         <run_address>0x4904</run_address>
         <size>0x30</size>
         <alignment>0x4</alignment>
         <input_file_ref idref="fl-35"/>
      </object_component>
      <object_component id="oc-e0">
         <name>.text.__NVIC_EnableIRQ</name>
         <load_address>0x4934</load_address>
         <readonly>true</readonly>
         <executable>true</executable>
         <run_address>0x4934</run_address>
         <size>0x2c</size>
         <alignment>0x4</alignment>
         <input_file_ref idref="fl-3"/>
      </object_component>
      <object_component id="oc-12e">
         <name>.text.__NVIC_EnableIRQ</name>
         <load_address>0x4960</load_address>
         <readonly>true</readonly>
         <executable>true</executable>
         <run_address>0x4960</run_address>
         <size>0x2c</size>
         <alignment>0x4</alignment>
         <input_file_ref idref="fl-7"/>
      </object_component>
      <object_component id="oc-25d">
         <name>.text.__floatsidf</name>
         <load_address>0x498c</load_address>
         <readonly>true</readonly>
         <executable>true</executable>
         <run_address>0x498c</run_address>
         <size>0x2c</size>
         <alignment>0x4</alignment>
         <input_file_ref idref="fl-114"/>
      </object_component>
      <object_component id="oc-5f">
         <name>.text:_c_int00_noargs</name>
         <load_address>0x49b8</load_address>
         <readonly>true</readonly>
         <executable>true</executable>
         <run_address>0x49b8</run_address>
         <size>0x28</size>
         <alignment>0x4</alignment>
         <input_file_ref idref="fl-38"/>
      </object_component>
      <object_component id="oc-16f">
         <name>.text.DL_I2C_setClockConfig</name>
         <load_address>0x49e0</load_address>
         <readonly>true</readonly>
         <executable>true</executable>
         <run_address>0x49e0</run_address>
         <size>0x26</size>
         <alignment>0x2</alignment>
         <input_file_ref idref="fl-19"/>
      </object_component>
      <object_component id="oc-212">
         <name>.text.__muldi3</name>
         <load_address>0x4a08</load_address>
         <readonly>true</readonly>
         <executable>true</executable>
         <run_address>0x4a08</run_address>
         <size>0x24</size>
         <alignment>0x4</alignment>
         <input_file_ref idref="fl-116"/>
      </object_component>
      <object_component id="oc-186">
         <name>.text.DL_VREF_configReference</name>
         <load_address>0x4a2c</load_address>
         <readonly>true</readonly>
         <executable>true</executable>
         <run_address>0x4a2c</run_address>
         <size>0x22</size>
         <alignment>0x2</alignment>
         <input_file_ref idref="fl-1c"/>
      </object_component>
      <object_component id="oc-224">
         <name>.text.memccpy</name>
         <load_address>0x4a4e</load_address>
         <readonly>true</readonly>
         <executable>true</executable>
         <run_address>0x4a4e</run_address>
         <size>0x22</size>
         <alignment>0x2</alignment>
         <input_file_ref idref="fl-4b"/>
      </object_component>
      <object_component id="oc-26b">
         <name>.text.__ashldi3</name>
         <load_address>0x4a70</load_address>
         <readonly>true</readonly>
         <executable>true</executable>
         <run_address>0x4a70</run_address>
         <size>0x1e</size>
         <alignment>0x4</alignment>
         <input_file_ref idref="fl-121"/>
      </object_component>
      <object_component id="oc-1af">
         <name>.text.DL_SYSCTL_configFCC</name>
         <load_address>0x4a90</load_address>
         <readonly>true</readonly>
         <executable>true</executable>
         <run_address>0x4a90</run_address>
         <size>0x1c</size>
         <alignment>0x4</alignment>
         <input_file_ref idref="fl-1d"/>
      </object_component>
      <object_component id="oc-169">
         <name>.text.DL_Timer_setCaptCompUpdateMethod</name>
         <load_address>0x4aac</load_address>
         <readonly>true</readonly>
         <executable>true</executable>
         <run_address>0x4aac</run_address>
         <size>0x1c</size>
         <alignment>0x4</alignment>
         <input_file_ref idref="fl-1a"/>
      </object_component>
      <object_component id="oc-166">
         <name>.text.DL_Timer_setClockConfig</name>
         <load_address>0x4ac8</load_address>
         <readonly>true</readonly>
         <executable>true</executable>
         <run_address>0x4ac8</run_address>
         <size>0x1c</size>
         <alignment>0x4</alignment>
         <input_file_ref idref="fl-1a"/>
      </object_component>
      <object_component id="oc-c9">
         <name>.text.DL_GPIO_setPins</name>
         <load_address>0x4ae4</load_address>
         <readonly>true</readonly>
         <executable>true</executable>
         <run_address>0x4ae4</run_address>
         <size>0x18</size>
         <alignment>0x4</alignment>
         <input_file_ref idref="fl-7"/>
      </object_component>
      <object_component id="oc-168">
         <name>.text.DL_Timer_setCaptureCompareOutCtl</name>
         <load_address>0x4afc</load_address>
         <readonly>true</readonly>
         <executable>true</executable>
         <run_address>0x4afc</run_address>
         <size>0x18</size>
         <alignment>0x4</alignment>
         <input_file_ref idref="fl-1a"/>
      </object_component>
      <object_component id="oc-12d">
         <name>.text.DL_Timer_startCounter</name>
         <load_address>0x4b14</load_address>
         <readonly>true</readonly>
         <executable>true</executable>
         <run_address>0x4b14</run_address>
         <size>0x18</size>
         <alignment>0x4</alignment>
         <input_file_ref idref="fl-7"/>
      </object_component>
      <object_component id="oc-1ba">
         <name>.text._outc</name>
         <load_address>0x4b2c</load_address>
         <readonly>true</readonly>
         <executable>true</executable>
         <run_address>0x4b2c</run_address>
         <size>0x18</size>
         <alignment>0x2</alignment>
         <input_file_ref idref="fl-34"/>
      </object_component>
      <object_component id="oc-67">
         <name>.text.DL_GPIO_readPins</name>
         <load_address>0x4b44</load_address>
         <readonly>true</readonly>
         <executable>true</executable>
         <run_address>0x4b44</run_address>
         <size>0x16</size>
         <alignment>0x2</alignment>
         <input_file_ref idref="fl-3"/>
      </object_component>
      <object_component id="oc-56">
         <name>.text:decompress:ZI:__TI_zero_init_nomemset</name>
         <load_address>0x4b5a</load_address>
         <readonly>true</readonly>
         <executable>true</executable>
         <run_address>0x4b5a</run_address>
         <size>0x16</size>
         <alignment>0x2</alignment>
         <input_file_ref idref="fl-3d"/>
      </object_component>
      <object_component id="oc-ca">
         <name>.text.DL_GPIO_clearPins</name>
         <load_address>0x4b70</load_address>
         <readonly>true</readonly>
         <executable>true</executable>
         <run_address>0x4b70</run_address>
         <size>0x14</size>
         <alignment>0x2</alignment>
         <input_file_ref idref="fl-7"/>
      </object_component>
      <object_component id="oc-129">
         <name>.text.SYSCFG_DL_VREF_init</name>
         <load_address>0x4b84</load_address>
         <readonly>true</readonly>
         <executable>true</executable>
         <run_address>0x4b84</run_address>
         <size>0x14</size>
         <alignment>0x4</alignment>
         <input_file_ref idref="fl-1"/>
      </object_component>
      <object_component id="oc-216">
         <name>.text.__aeabi_uldivmod</name>
         <load_address>0x4b98</load_address>
         <readonly>true</readonly>
         <executable>true</executable>
         <run_address>0x4b98</run_address>
         <size>0x14</size>
         <alignment>0x4</alignment>
         <input_file_ref idref="fl-11e"/>
      </object_component>
      <object_component id="oc-19b">
         <name>.text._inpchar</name>
         <load_address>0x4bac</load_address>
         <readonly>true</readonly>
         <executable>true</executable>
         <run_address>0x4bac</run_address>
         <size>0x14</size>
         <alignment>0x2</alignment>
         <input_file_ref idref="fl-35"/>
      </object_component>
      <object_component id="oc-262">
         <name>.text.strchr</name>
         <load_address>0x4bc0</load_address>
         <readonly>true</readonly>
         <executable>true</executable>
         <run_address>0x4bc0</run_address>
         <size>0x14</size>
         <alignment>0x2</alignment>
         <input_file_ref idref="fl-41"/>
      </object_component>
      <object_component id="oc-66">
         <name>.text.DL_GPIO_getPendingInterrupt</name>
         <load_address>0x4bd4</load_address>
         <readonly>true</readonly>
         <executable>true</executable>
         <run_address>0x4bd4</run_address>
         <size>0x12</size>
         <alignment>0x2</alignment>
         <input_file_ref idref="fl-3"/>
      </object_component>
      <object_component id="oc-76">
         <name>.text.DL_Timer_getPendingInterrupt</name>
         <load_address>0x4be6</load_address>
         <readonly>true</readonly>
         <executable>true</executable>
         <run_address>0x4be6</run_address>
         <size>0x12</size>
         <alignment>0x2</alignment>
         <input_file_ref idref="fl-7"/>
      </object_component>
      <object_component id="oc-176">
         <name>.text.DL_UART_setClockConfig</name>
         <load_address>0x4bf8</load_address>
         <readonly>true</readonly>
         <executable>true</executable>
         <run_address>0x4bf8</run_address>
         <size>0x12</size>
         <alignment>0x2</alignment>
         <input_file_ref idref="fl-1b"/>
      </object_component>
      <object_component id="oc-20">
         <name>.text:decompress:none</name>
         <load_address>0x4c0a</load_address>
         <readonly>true</readonly>
         <executable>true</executable>
         <run_address>0x4c0a</run_address>
         <size>0x12</size>
         <alignment>0x2</alignment>
         <input_file_ref idref="fl-3e"/>
      </object_component>
      <object_component id="oc-cb">
         <name>.text.DL_Timer_setCaptureCompareValue</name>
         <load_address>0x4c1c</load_address>
         <readonly>true</readonly>
         <executable>true</executable>
         <run_address>0x4c1c</run_address>
         <size>0x10</size>
         <alignment>0x4</alignment>
         <input_file_ref idref="fl-1a"/>
      </object_component>
      <object_component id="oc-22b">
         <name>.text.wcslen</name>
         <load_address>0x4c2c</load_address>
         <readonly>true</readonly>
         <executable>true</executable>
         <run_address>0x4c2c</run_address>
         <size>0x10</size>
         <alignment>0x2</alignment>
         <input_file_ref idref="fl-52"/>
      </object_component>
      <object_component id="oc-1c6">
         <name>.text.OUTLINED_FUNCTION_1</name>
         <load_address>0x4c3c</load_address>
         <readonly>true</readonly>
         <executable>true</executable>
         <run_address>0x4c3c</run_address>
         <size>0xe</size>
         <alignment>0x2</alignment>
         <input_file_ref idref="fl-42"/>
      </object_component>
      <object_component id="oc-1cf">
         <name>.text.OUTLINED_FUNCTION_2</name>
         <load_address>0x4c4a</load_address>
         <readonly>true</readonly>
         <executable>true</executable>
         <run_address>0x4c4a</run_address>
         <size>0xe</size>
         <alignment>0x2</alignment>
         <input_file_ref idref="fl-42"/>
      </object_component>
      <object_component id="oc-1bd">
         <name>.text.OUTLINED_FUNCTION_4</name>
         <load_address>0x4c58</load_address>
         <readonly>true</readonly>
         <executable>true</executable>
         <run_address>0x4c58</run_address>
         <size>0xe</size>
         <alignment>0x2</alignment>
         <input_file_ref idref="fl-42"/>
      </object_component>
      <object_component id="oc-223">
         <name>.text.__aeabi_memset</name>
         <load_address>0x4c68</load_address>
         <readonly>true</readonly>
         <executable>true</executable>
         <run_address>0x4c68</run_address>
         <size>0xe</size>
         <alignment>0x4</alignment>
         <input_file_ref idref="fl-11c"/>
      </object_component>
      <object_component id="oc-222">
         <name>.text.strlen</name>
         <load_address>0x4c76</load_address>
         <readonly>true</readonly>
         <executable>true</executable>
         <run_address>0x4c76</run_address>
         <size>0xe</size>
         <alignment>0x2</alignment>
         <input_file_ref idref="fl-41"/>
      </object_component>
      <object_component id="oc-8b">
         <name>.text.__aeabi_memclr</name>
         <load_address>0x4c84</load_address>
         <readonly>true</readonly>
         <executable>true</executable>
         <run_address>0x4c84</run_address>
         <size>0xc</size>
         <alignment>0x4</alignment>
         <input_file_ref idref="fl-11c"/>
      </object_component>
      <object_component id="oc-159">
         <name>.text.DL_Common_delayCycles</name>
         <load_address>0x4c90</load_address>
         <readonly>true</readonly>
         <executable>true</executable>
         <run_address>0x4c90</run_address>
         <size>0xa</size>
         <alignment>0x2</alignment>
         <input_file_ref idref="fl-18"/>
      </object_component>
      <object_component id="oc-261">
         <name>.text.OUTLINED_FUNCTION_0</name>
         <load_address>0x4c9a</load_address>
         <readonly>true</readonly>
         <executable>true</executable>
         <run_address>0x4c9a</run_address>
         <size>0xa</size>
         <alignment>0x2</alignment>
         <input_file_ref idref="fl-41"/>
      </object_component>
      <object_component id="oc-2c5">
         <name>.tramp.__aeabi_dsub.1</name>
         <load_address>0x4ca4</load_address>
         <readonly>true</readonly>
         <executable>true</executable>
         <run_address>0x4ca4</run_address>
         <size>0x10</size>
         <alignment>0x4</alignment>
         <input_file_ref idref="fl-10b"/>
      </object_component>
      <object_component id="oc-267">
         <name>.text.OUTLINED_FUNCTION_1</name>
         <load_address>0x4cb4</load_address>
         <readonly>true</readonly>
         <executable>true</executable>
         <run_address>0x4cb4</run_address>
         <size>0xa</size>
         <alignment>0x2</alignment>
         <input_file_ref idref="fl-41"/>
      </object_component>
      <object_component id="oc-1c5">
         <name>.text.OUTLINED_FUNCTION_0</name>
         <load_address>0x4cbe</load_address>
         <readonly>true</readonly>
         <executable>true</executable>
         <run_address>0x4cbe</run_address>
         <size>0x8</size>
         <alignment>0x2</alignment>
         <input_file_ref idref="fl-42"/>
      </object_component>
      <object_component id="oc-1ef">
         <name>.text.OUTLINED_FUNCTION_0</name>
         <load_address>0x4cc6</load_address>
         <readonly>true</readonly>
         <executable>true</executable>
         <run_address>0x4cc6</run_address>
         <size>0x8</size>
         <alignment>0x2</alignment>
         <input_file_ref idref="fl-37"/>
      </object_component>
      <object_component id="oc-1f0">
         <name>.text.OUTLINED_FUNCTION_1</name>
         <load_address>0x4cce</load_address>
         <readonly>true</readonly>
         <executable>true</executable>
         <run_address>0x4cce</run_address>
         <size>0x8</size>
         <alignment>0x2</alignment>
         <input_file_ref idref="fl-37"/>
      </object_component>
      <object_component id="oc-2c6">
         <name>.tramp.__aeabi_dcmpeq.1</name>
         <load_address>0x4cd8</load_address>
         <readonly>true</readonly>
         <executable>true</executable>
         <run_address>0x4cd8</run_address>
         <size>0x10</size>
         <alignment>0x4</alignment>
         <input_file_ref idref="fl-118"/>
      </object_component>
      <object_component id="oc-1f9">
         <name>.text.__aeabi_errno_addr</name>
         <load_address>0x4ce8</load_address>
         <readonly>true</readonly>
         <executable>true</executable>
         <run_address>0x4ce8</run_address>
         <size>0x8</size>
         <alignment>0x4</alignment>
         <input_file_ref idref="fl-43"/>
      </object_component>
      <object_component id="oc-4f">
         <name>.text.__aeabi_memcpy</name>
         <load_address>0x4cf0</load_address>
         <readonly>true</readonly>
         <executable>true</executable>
         <run_address>0x4cf0</run_address>
         <size>0x8</size>
         <alignment>0x4</alignment>
         <input_file_ref idref="fl-11b"/>
      </object_component>
      <object_component id="oc-19a">
         <name>.text._uninpchar</name>
         <load_address>0x4cf8</load_address>
         <readonly>true</readonly>
         <executable>true</executable>
         <run_address>0x4cf8</run_address>
         <size>0x8</size>
         <alignment>0x2</alignment>
         <input_file_ref idref="fl-35"/>
      </object_component>
      <object_component id="oc-1be">
         <name>.text.OUTLINED_FUNCTION_3</name>
         <load_address>0x4d00</load_address>
         <readonly>true</readonly>
         <executable>true</executable>
         <run_address>0x4d00</run_address>
         <size>0x6</size>
         <alignment>0x2</alignment>
         <input_file_ref idref="fl-42"/>
      </object_component>
      <object_component id="oc-e9">
         <name>.text:abort</name>
         <load_address>0x4d06</load_address>
         <readonly>true</readonly>
         <executable>true</executable>
         <run_address>0x4d06</run_address>
         <size>0x6</size>
         <alignment>0x2</alignment>
         <input_file_ref idref="fl-44"/>
      </object_component>
      <object_component id="oc-146">
         <name>.text.HOSTexit</name>
         <load_address>0x4d0c</load_address>
         <readonly>true</readonly>
         <executable>true</executable>
         <run_address>0x4d0c</run_address>
         <size>0x4</size>
         <alignment>0x2</alignment>
         <input_file_ref idref="fl-fa"/>
      </object_component>
      <object_component id="oc-2f">
         <name>.text.Reset_Handler</name>
         <load_address>0x4d10</load_address>
         <readonly>true</readonly>
         <executable>true</executable>
         <run_address>0x4d10</run_address>
         <size>0x4</size>
         <alignment>0x2</alignment>
         <input_file_ref idref="fl-2"/>
      </object_component>
      <object_component id="oc-90">
         <name>.text._system_pre_init</name>
         <load_address>0x4d14</load_address>
         <readonly>true</readonly>
         <executable>true</executable>
         <run_address>0x4d14</run_address>
         <size>0x4</size>
         <alignment>0x2</alignment>
         <input_file_ref idref="fl-3b"/>
      </object_component>
      <object_component id="oc-2c1">
         <name>.cinit..data.load</name>
         <load_address>0x5110</load_address>
         <readonly>true</readonly>
         <run_address>0x5110</run_address>
         <size>0x15</size>
         <alignment>0x1</alignment>
      </object_component>
      <object_component id="oc-2bf">
         <name>__TI_handler_table</name>
         <load_address>0x5128</load_address>
         <readonly>true</readonly>
         <run_address>0x5128</run_address>
         <size>0xc</size>
         <alignment>0x4</alignment>
      </object_component>
      <object_component id="oc-2c2">
         <name>.cinit..bss.load</name>
         <load_address>0x5134</load_address>
         <readonly>true</readonly>
         <run_address>0x5134</run_address>
         <size>0x8</size>
         <alignment>0x4</alignment>
      </object_component>
      <object_component id="oc-2c0">
         <name>__TI_cinit_table</name>
         <load_address>0x513c</load_address>
         <readonly>true</readonly>
         <run_address>0x513c</run_address>
         <size>0x10</size>
         <alignment>0x4</alignment>
      </object_component>
      <object_component id="oc-1c3">
         <name>.rodata:__aeabi_ctype_table_</name>
         <load_address>0x4d20</load_address>
         <readonly>true</readonly>
         <run_address>0x4d20</run_address>
         <size>0x101</size>
         <alignment>0x10</alignment>
         <input_file_ref idref="fl-36"/>
      </object_component>
      <object_component id="oc-1c7">
         <name>.rodata._sproc_int.flit</name>
         <load_address>0x4e21</load_address>
         <readonly>true</readonly>
         <run_address>0x4e21</run_address>
         <size>0x7</size>
         <alignment>0x1</alignment>
         <input_file_ref idref="fl-42"/>
      </object_component>
      <object_component id="oc-206">
         <name>.rodata.digits</name>
         <load_address>0x4e28</load_address>
         <readonly>true</readonly>
         <run_address>0x4e28</run_address>
         <size>0x80</size>
         <alignment>0x8</alignment>
         <input_file_ref idref="fl-37"/>
      </object_component>
      <object_component id="oc-207">
         <name>.rodata.powerof10</name>
         <load_address>0x4ea8</load_address>
         <readonly>true</readonly>
         <run_address>0x4ea8</run_address>
         <size>0x48</size>
         <alignment>0x8</alignment>
         <input_file_ref idref="fl-37"/>
      </object_component>
      <object_component id="oc-130">
         <name>.rodata.str1.6646864318620858503.1</name>
         <load_address>0x4ef0</load_address>
         <readonly>true</readonly>
         <run_address>0x4ef0</run_address>
         <size>0x3d</size>
         <alignment>0x1</alignment>
         <input_file_ref idref="fl-9"/>
      </object_component>
      <object_component id="oc-16d">
         <name>.rodata.gMOTOR_PIDClockConfig</name>
         <load_address>0x4f2d</load_address>
         <readonly>true</readonly>
         <run_address>0x4f2d</run_address>
         <size>0x3</size>
         <alignment>0x1</alignment>
         <input_file_ref idref="fl-1"/>
      </object_component>
      <object_component id="oc-165">
         <name>.rodata.gSYSPLLConfig</name>
         <load_address>0x4f30</load_address>
         <readonly>true</readonly>
         <run_address>0x4f30</run_address>
         <size>0x28</size>
         <alignment>0x4</alignment>
         <input_file_ref idref="fl-1"/>
      </object_component>
      <object_component id="oc-131">
         <name>.rodata.str1.15783235620580475742.1</name>
         <load_address>0x4f58</load_address>
         <readonly>true</readonly>
         <run_address>0x4f58</run_address>
         <size>0x28</size>
         <alignment>0x1</alignment>
         <input_file_ref idref="fl-9"/>
      </object_component>
      <object_component id="oc-132">
         <name>.rodata.str1.10908910527581922942.1</name>
         <load_address>0x4f80</load_address>
         <readonly>true</readonly>
         <run_address>0x4f80</run_address>
         <size>0x27</size>
         <alignment>0x1</alignment>
         <input_file_ref idref="fl-9"/>
      </object_component>
      <object_component id="oc-13d">
         <name>.rodata.str1.3525884982530440565.1</name>
         <load_address>0x4fa7</load_address>
         <readonly>true</readonly>
[...]
         <value>0x4c91</value>
         <object_component_ref idref="oc-159"/>
      </symbol>
      <symbol id="sm-14e">
         <name>DL_I2C_setClockConfig</name>
         <value>0x49e1</value>
         <object_component_ref idref="oc-16f"/>
      </symbol>
      <symbol id="sm-16a">
         <name>DL_Timer_setClockConfig</name>
         <value>0x4ac9</value>
         <object_component_ref idref="oc-166"/>
      </symbol>
      <symbol id="sm-16b">
         <name>DL_Timer_initTimerMode</name>
         <value>0x3091</value>
         <object_component_ref idref="oc-16c"/>
      </symbol>
      <symbol id="sm-16c">
         <name>DL_Timer_setCaptureCompareValue</name>
         <value>0x4c1d</value>
         <object_component_ref idref="oc-cb"/>
      </symbol>
      <symbol id="sm-16d">
         <name>DL_Timer_setCaptCompUpdateMethod</name>
         <value>0x4aad</value>
         <object_component_ref idref="oc-169"/>
      </symbol>
      <symbol id="sm-16e">
         <name>DL_Timer_setCaptureCompareOutCtl</name>
         <value>0x4afd</value>
         <object_component_ref idref="oc-168"/>
      </symbol>
      <symbol id="sm-16f">
         <name>DL_Timer_initFourCCPWMMode</name>
         <value>0x2f8d</value>
         <object_component_ref idref="oc-167"/>
      </symbol>
      <symbol id="sm-17f">
         <name>DL_UART_init</name>
         <value>0x44d5</value>
         <object_component_ref idref="oc-17c"/>
      </symbol>
      <symbol id="sm-180">
         <name>DL_UART_setClockConfig</name>
         <value>0x4bf9</value>
         <object_component_ref idref="oc-176"/>
      </symbol>
      <symbol id="sm-181">
         <name>DL_UART_transmitDataBlocking</name>
         <value>0x4875</value>
         <object_component_ref idref="oc-193"/>
      </symbol>
      <symbol id="sm-18b">
         <name>DL_VREF_configReference</name>
         <value>0x4a2d</value>
         <object_component_ref idref="oc-186"/>
      </symbol>
      <symbol id="sm-19c">
         <name>DL_SYSCTL_configSYSPLL</name>
         <value>0x3271</value>
         <object_component_ref idref="oc-15d"/>
      </symbol>
      <symbol id="sm-19d">
         <name>DL_SYSCTL_switchMCLKfromSYSOSCtoHSCLK</name>
         <value>0x451d</value>
         <object_component_ref idref="oc-164"/>
      </symbol>
      <symbol id="sm-19e">
         <name>DL_SYSCTL_configFCC</name>
         <value>0x4a91</value>
         <object_component_ref idref="oc-1af"/>
      </symbol>
      <symbol id="sm-1af">
         <name>vsnprintf</name>
         <value>0x4661</value>
         <object_component_ref idref="oc-18d"/>
      </symbol>
      <symbol id="sm-1c4">
         <name>sscanf</name>
         <value>0x4905</value>
         <object_component_ref idref="oc-135"/>
      </symbol>
      <symbol id="sm-1c5">
         <name>__aeabi_ctype_table_</name>
         <value>0x4d20</value>
         <object_component_ref idref="oc-1c3"/>
      </symbol>
      <symbol id="sm-1c6">
         <name>__aeabi_ctype_table_C</name>
         <value>0x4d20</value>
         <object_component_ref idref="oc-1c3"/>
      </symbol>
      <symbol id="sm-1db">
         <name>strtod</name>
         <value>0x166d</value>
         <object_component_ref idref="oc-1c9"/>
      </symbol>
      <symbol id="sm-1dc">
         <name>strtold</name>
         <value>0x166d</value>
         <object_component_ref idref="oc-1c9"/>
      </symbol>
      <symbol id="sm-1e7">
         <name>_c_int00_noargs</name>
         <value>0x49b9</value>
         <object_component_ref idref="oc-5f"/>
      </symbol>
      <symbol id="sm-1e8">
         <name>__stack</name>
         <value>0x20207e00</value>
         <object_component_ref idref="oc-1a"/>
      </symbol>
      <symbol id="sm-1f4">
         <name>__TI_auto_init_nobinit_nopinit</name>
         <value>0x4755</value>
         <object_component_ref idref="oc-f0"/>
      </symbol>
      <symbol id="sm-1fc">
         <name>_system_pre_init</name>
         <value>0x4d15</value>
         <object_component_ref idref="oc-90"/>
      </symbol>
      <symbol id="sm-207">
         <name>__TI_zero_init_nomemset</name>
         <value>0x4b5b</value>
         <object_component_ref idref="oc-56"/>
      </symbol>
      <symbol id="sm-210">
         <name>__TI_decompress_none</name>
         <value>0x4c0b</value>
         <object_component_ref idref="oc-20"/>
      </symbol>
      <symbol id="sm-21b">
         <name>__TI_decompress_lzss</name>
         <value>0x3be9</value>
         <object_component_ref idref="oc-1c"/>
      </symbol>
      <symbol id="sm-225">
         <name>scalbn</name>
         <value>0x334d</value>
         <object_component_ref idref="oc-1fe"/>
      </symbol>
      <symbol id="sm-226">
         <name>ldexp</name>
         <value>0x334d</value>
         <object_component_ref idref="oc-1fe"/>
      </symbol>
      <symbol id="sm-227">
         <name>scalbnl</name>
         <value>0x334d</value>
         <object_component_ref idref="oc-1fe"/>
      </symbol>
      <symbol id="sm-228">
         <name>ldexpl</name>
         <value>0x334d</value>
         <object_component_ref idref="oc-1fe"/>
      </symbol>
      <symbol id="sm-271">
         <name>__TI_printfi</name>
         <value>0xc9d</value>
         <object_component_ref idref="oc-1e9"/>
      </symbol>
      <symbol id="sm-298">
         <name>__TI_scanfi</name>
         <value>0xc1</value>
         <object_component_ref idref="oc-194"/>
      </symbol>
      <symbol id="sm-2a3">
         <name>__aeabi_errno_addr</name>
         <value>0x4ce9</value>
         <object_component_ref idref="oc-1f9"/>
      </symbol>
      <symbol id="sm-2a4">
         <name>__aeabi_errno</name>
         <value>0x2020015c</value>
         <object_component_ref idref="oc-23d"/>
      </symbol>
      <symbol id="sm-2ae">
         <name>abort</name>
         <value>0x4d07</value>
         <object_component_ref idref="oc-e9"/>
      </symbol>
      <symbol id="sm-2b8">
         <name>__TI_ltoa</name>
         <value>0x4295</value>
         <object_component_ref idref="oc-259"/>
      </symbol>
      <symbol id="sm-2c4">
         <name>atoi</name>
         <value>0x4621</value>
         <object_component_ref idref="oc-1bf"/>
      </symbol>
      <symbol id="sm-2ce">
         <name>memccpy</name>
         <value>0x4a4f</value>
         <object_component_ref idref="oc-224"/>
      </symbol>
      <symbol id="sm-2da">
         <name>strtol</name>
         <value>0x275d</value>
         <object_component_ref idref="oc-1d4"/>
      </symbol>
      <symbol id="sm-2e5">
         <name>strtoll</name>
         <value>0x1eed</value>
         <object_component_ref idref="oc-1dc"/>
      </symbol>
      <symbol id="sm-2f0">
         <name>strtoul</name>
         <value>0x2b21</value>
         <object_component_ref idref="oc-1d0"/>
      </symbol>
      <symbol id="sm-2fb">
         <name>strtoull</name>
         <value>0x25f1</value>
         <object_component_ref idref="oc-1d8"/>
      </symbol>
      <symbol id="sm-305">
         <name>frexp</name>
         <value>0x4239</value>
         <object_component_ref idref="oc-251"/>
      </symbol>
      <symbol id="sm-306">
         <name>frexpl</name>
         <value>0x4239</value>
         <object_component_ref idref="oc-251"/>
      </symbol>
      <symbol id="sm-30f">
         <name>wcslen</name>
         <value>0x4c2d</value>
         <object_component_ref idref="oc-22b"/>
      </symbol>
      <symbol id="sm-31f">
         <name>HOSTexit</name>
         <value>0x4d0d</value>
         <object_component_ref idref="oc-146"/>
      </symbol>
      <symbol id="sm-320">
         <name>C$$EXIT</name>
         <value>0x4d0c</value>
         <object_component_ref idref="oc-146"/>
      </symbol>
      <symbol id="sm-335">
         <name>__aeabi_fadd</name>
         <value>0x342f</value>
         <object_component_ref idref="oc-b9"/>
      </symbol>
      <symbol id="sm-336">
         <name>__addsf3</name>
         <value>0x342f</value>
         <object_component_ref idref="oc-b9"/>
      </symbol>
      <symbol id="sm-337">
         <name>__aeabi_fsub</name>
         <value>0x3425</value>
         <object_component_ref idref="oc-b9"/>
      </symbol>
      <symbol id="sm-338">
         <name>__subsf3</name>
         <value>0x3425</value>
         <object_component_ref idref="oc-b9"/>
      </symbol>
      <symbol id="sm-33e">
         <name>__aeabi_dadd</name>
         <value>0x2467</value>
         <object_component_ref idref="oc-1f1"/>
      </symbol>
      <symbol id="sm-33f">
         <name>__adddf3</name>
         <value>0x2467</value>
         <object_component_ref idref="oc-1f1"/>
      </symbol>
      <symbol id="sm-340">
         <name>__aeabi_dsub</name>
         <value>0x245d</value>
         <object_component_ref idref="oc-1f1"/>
      </symbol>
      <symbol id="sm-341">
         <name>__subdf3</name>
         <value>0x245d</value>
         <object_component_ref idref="oc-1f1"/>
      </symbol>
      <symbol id="sm-34a">
         <name>__aeabi_dmul</name>
         <value>0x318d</value>
         <object_component_ref idref="oc-b1"/>
      </symbol>
      <symbol id="sm-34b">
         <name>__muldf3</name>
         <value>0x318d</value>
         <object_component_ref idref="oc-b1"/>
      </symbol>
      <symbol id="sm-351">
         <name>__muldsi3</name>
         <value>0x47cd</value>
         <object_component_ref idref="oc-108"/>
      </symbol>
      <symbol id="sm-357">
         <name>__aeabi_fmul</name>
         <value>0x3a5d</value>
         <object_component_ref idref="oc-c1"/>
      </symbol>
      <symbol id="sm-358">
         <name>__mulsf3</name>
         <value>0x3a5d</value>
         <object_component_ref idref="oc-c1"/>
      </symbol>
      <symbol id="sm-35e">
         <name>__aeabi_fdiv</name>
         <value>0x3ae9</value>
         <object_component_ref idref="oc-a9"/>
      </symbol>
      <symbol id="sm-35f">
         <name>__divsf3</name>
         <value>0x3ae9</value>
         <object_component_ref idref="oc-a9"/>
      </symbol>
      <symbol id="sm-365">
         <name>__aeabi_ddiv</name>
         <value>0x2e81</value>
         <object_component_ref idref="oc-202"/>
      </symbol>
      <symbol id="sm-366">
         <name>__divdf3</name>
         <value>0x2e81</value>
         <object_component_ref idref="oc-202"/>
      </symbol>
      <symbol id="sm-36c">
         <name>__aeabi_f2d</name>
         <value>0x45e1</value>
         <object_component_ref idref="oc-ad"/>
      </symbol>
      <symbol id="sm-36d">
         <name>__extendsfdf2</name>
         <value>0x45e1</value>
         <object_component_ref idref="oc-ad"/>
      </symbol>
      <symbol id="sm-373">
         <name>__aeabi_d2iz</name>
         <value>0x4489</value>
         <object_component_ref idref="oc-255"/>
      </symbol>
      <symbol id="sm-374">
         <name>__fixdfsi</name>
         <value>0x4489</value>
         <object_component_ref idref="oc-255"/>
      </symbol>
      <symbol id="sm-37a">
         <name>__aeabi_f2iz</name>
         <value>0x4809</value>
         <object_component_ref idref="oc-7c"/>
      </symbol>
      <symbol id="sm-37b">
         <name>__fixsfsi</name>
         <value>0x4809</value>
         <object_component_ref idref="oc-7c"/>
      </symbol>
      <symbol id="sm-381">
         <name>__aeabi_i2d</name>
         <value>0x498d</value>
         <object_component_ref idref="oc-25d"/>
      </symbol>
      <symbol id="sm-382">
         <name>__floatsidf</name>
         <value>0x498d</value>
         <object_component_ref idref="oc-25d"/>
      </symbol>
      <symbol id="sm-388">
         <name>__aeabi_i2f</name>
         <value>0x46dd</value>
         <object_component_ref idref="oc-a5"/>
      </symbol>
      <symbol id="sm-389">
         <name>__floatsisf</name>
         <value>0x46dd</value>
         <object_component_ref idref="oc-a5"/>
      </symbol>
      <symbol id="sm-38f">
         <name>__aeabi_lmul</name>
         <value>0x4a09</value>
         <object_component_ref idref="oc-212"/>
      </symbol>
      <symbol id="sm-390">
         <name>__muldi3</name>
         <value>0x4a09</value>
         <object_component_ref idref="oc-212"/>
      </symbol>
      <symbol id="sm-397">
         <name>__aeabi_d2f</name>
         <value>0x3d51</value>
         <object_component_ref idref="oc-b5"/>
      </symbol>
      <symbol id="sm-398">
         <name>__truncdfsf2</name>
         <value>0x3d51</value>
         <object_component_ref idref="oc-b5"/>
      </symbol>
      <symbol id="sm-39e">
         <name>__aeabi_dcmpeq</name>
         <value>0x40b1</value>
         <object_component_ref idref="oc-1f5"/>
      </symbol>
      <symbol id="sm-39f">
         <name>__aeabi_dcmplt</name>
         <value>0x40c5</value>
         <object_component_ref idref="oc-1f5"/>
      </symbol>
      <symbol id="sm-3a0">
         <name>__aeabi_dcmple</name>
         <value>0x40d9</value>
         <object_component_ref idref="oc-1f5"/>
      </symbol>
      <symbol id="sm-3a1">
         <name>__aeabi_dcmpge</name>
         <value>0x40ed</value>
         <object_component_ref idref="oc-1f5"/>
      </symbol>
      <symbol id="sm-3a2">
         <name>__aeabi_dcmpgt</name>
         <value>0x4101</value>
         <object_component_ref idref="oc-1f5"/>
      </symbol>
      <symbol id="sm-3ab">
         <name>__aeabi_fcmpeq</name>
         <value>0x4115</value>
         <object_component_ref idref="oc-bd"/>
      </symbol>
      <symbol id="sm-3ac">
         <name>__aeabi_fcmplt</name>
         <value>0x4129</value>
         <object_component_ref idref="oc-bd"/>
      </symbol>
      <symbol id="sm-3ad">
         <name>__aeabi_fcmple</name>
         <value>0x413d</value>
         <object_component_ref idref="oc-bd"/>
      </symbol>
      <symbol id="sm-3ae">
         <name>__aeabi_fcmpge</name>
         <value>0x4151</value>
         <object_component_ref idref="oc-bd"/>
      </symbol>
      <symbol id="sm-3af">
         <name>__aeabi_fcmpgt</name>
         <value>0x4165</value>
         <object_component_ref idref="oc-bd"/>
      </symbol>
      <symbol id="sm-3b5">
         <name>__aeabi_idiv</name>
         <value>0x4345</value>
         <object_component_ref idref="oc-274"/>
      </symbol>
      <symbol id="sm-3b6">
         <name>__aeabi_idivmod</name>
         <value>0x4345</value>
         <object_component_ref idref="oc-274"/>
      </symbol>
      <symbol id="sm-3bc">
         <name>__aeabi_memcpy</name>
         <value>0x4cf1</value>
         <object_component_ref idref="oc-4f"/>
      </symbol>
      <symbol id="sm-3bd">
         <name>__aeabi_memcpy4</name>
         <value>0x4cf1</value>
         <object_component_ref idref="oc-4f"/>
      </symbol>
      <symbol id="sm-3be">
         <name>__aeabi_memcpy8</name>
         <value>0x4cf1</value>
         <object_component_ref idref="oc-4f"/>
      </symbol>
      <symbol id="sm-3c7">
         <name>__aeabi_memset</name>
         <value>0x4c69</value>
         <object_component_ref idref="oc-223"/>
      </symbol>
      <symbol id="sm-3c8">
         <name>__aeabi_memset4</name>
         <value>0x4c69</value>
         <object_component_ref idref="oc-223"/>
      </symbol>
      <symbol id="sm-3c9">
         <name>__aeabi_memset8</name>
         <value>0x4c69</value>
         <object_component_ref idref="oc-223"/>
      </symbol>
      <symbol id="sm-3ca">
         <name>__aeabi_memclr</name>
         <value>0x4c85</value>
         <object_component_ref idref="oc-8b"/>
      </symbol>
      <symbol id="sm-3cb">
         <name>__aeabi_memclr4</name>
         <value>0x4c85</value>
         <object_component_ref idref="oc-8b"/>
      </symbol>
      <symbol id="sm-3cc">
         <name>__aeabi_memclr8</name>
         <value>0x4c85</value>
         <object_component_ref idref="oc-8b"/>
      </symbol>
      <symbol id="sm-3d2">
         <name>__aeabi_uidiv</name>
         <value>0x45a1</value>
         <object_component_ref idref="oc-68"/>
      </symbol>
      <symbol id="sm-3d3">
         <name>__aeabi_uidivmod</name>
         <value>0x45a1</value>
         <object_component_ref idref="oc-68"/>
      </symbol>
      <symbol id="sm-3d9">
         <name>__aeabi_uldivmod</name>
         <value>0x4b99</value>
         <object_component_ref idref="oc-216"/>
      </symbol>
      <symbol id="sm-3e2">
         <name>__eqsf2</name>
         <value>0x4791</value>
         <object_component_ref idref="oc-10f"/>
      </symbol>
      <symbol id="sm-3e3">
         <name>__lesf2</name>
         <value>0x4791</value>
         <object_component_ref idref="oc-10f"/>
      </symbol>
      <symbol id="sm-3e4">
         <name>__ltsf2</name>
         <value>0x4791</value>
         <object_component_ref idref="oc-10f"/>
      </symbol>
      <symbol id="sm-3e5">
         <name>__nesf2</name>
         <value>0x4791</value>
         <object_component_ref idref="oc-10f"/>
      </symbol>
      <symbol id="sm-3e6">
         <name>__cmpsf2</name>
         <value>0x4791</value>
         <object_component_ref idref="oc-10f"/>
      </symbol>
      <symbol id="sm-3e7">
         <name>__gtsf2</name>
         <value>0x4719</value>
         <object_component_ref idref="oc-114"/>
      </symbol>
      <symbol id="sm-3e8">
         <name>__gesf2</name>
         <value>0x4719</value>
         <object_component_ref idref="oc-114"/>
      </symbol>
      <symbol id="sm-3ee">
         <name>__udivmoddi4</name>
         <value>0x3805</value>
         <object_component_ref idref="oc-246"/>
      </symbol>
      <symbol id="sm-3f4">
         <name>__aeabi_llsl</name>
         <value>0x4a71</value>
         <object_component_ref idref="oc-26b"/>
      </symbol>
      <symbol id="sm-3f5">
         <name>__ashldi3</name>
         <value>0x4a71</value>
         <object_component_ref idref="oc-26b"/>
      </symbol>
      <symbol id="sm-403">
         <name>__ledf2</name>
         <value>0x3f19</value>
         <object_component_ref idref="oc-235"/>
      </symbol>
      <symbol id="sm-404">
         <name>__gedf2</name>
         <value>0x3cdd</value>
         <object_component_ref idref="oc-23b"/>
      </symbol>
      <symbol id="sm-405">
         <name>__cmpdf2</name>
         <value>0x3f19</value>
         <object_component_ref idref="oc-235"/>
      </symbol>
      <symbol id="sm-406">
         <name>__eqdf2</name>
         <value>0x3f19</value>
         <object_component_ref idref="oc-235"/>
      </symbol>
      <symbol id="sm-407">
         <name>__ltdf2</name>
         <value>0x3f19</value>
         <object_component_ref idref="oc-235"/>
      </symbol>
      <symbol id="sm-408">
         <name>__nedf2</name>
         <value>0x3f19</value>
         <object_component_ref idref="oc-235"/>
      </symbol>
      <symbol id="sm-409">
         <name>__gtdf2</name>
         <value>0x3cdd</value>
         <object_component_ref idref="oc-23b"/>
      </symbol>
      <symbol id="sm-415">
         <name>__aeabi_idiv0</name>
         <value>0x3b6b</value>
         <object_component_ref idref="oc-9f"/>
      </symbol>
      <symbol id="sm-416">
         <name>__aeabi_ldiv0</name>
         <value>0x3fe7</value>
         <object_component_ref idref="oc-26a"/>
      </symbol>
      <symbol id="sm-430">
         <name>memcpy</name>
         <value>0x38a7</value>
         <object_component_ref idref="oc-d6"/>
      </symbol>
      <symbol id="sm-43f">
         <name>memset</name>
         <value>0x4177</value>
         <object_component_ref idref="oc-11f"/>
      </symbol>
      <symbol id="sm-440">
         <name>__TI_static_base__</name>
         <value>0x0</value>
      </symbol>
      <symbol id="sm-444">
         <name>__mpu_init</name>
         <value>0x0</value>
      </symbol>
      <symbol id="sm-445">
         <name>_system_post_cinit</name>
         <value>0x0</value>
      </symbol>
   </symbol_table>
   <title>Link successful</title>
</link_info>
