******************************************************************************
            TI ARM Clang Linker PC v4.0.4                      
******************************************************************************
>> Linked Mon Jun 15 22:57:40 2026

OUTPUT FILE NAME:   <12-ICM42688.out>
ENTRY POINT SYMBOL: "_c_int00_noargs"  address: 00004d39


MEMORY CONFIGURATION

         name            origin    length      used     unused   attr    fill
----------------------  --------  ---------  --------  --------  ----  --------
  FLASH                 00000000   00020000  00005418  0001abe8  R  X
  SRAM                  20200000   00008000  00002225  00005ddb  RW X
  BCR_CONFIG            41c00000   000000ff  00000000  000000ff  R   
  BSL_CONFIG            41c00100   00000080  00000000  00000080  R   


SEGMENT ALLOCATION MAP

run origin  load origin   length   init length attrs members
----------  ----------- ---------- ----------- ----- -------
00000000    00000000    00005418   00005418    r-x
  00000000    00000000    000000c0   000000c0    r-- .intvecs
  000000c0    000000c0    00005080   00005080    r-x .text
  00005140    00005140    00000240   00000240    r-- .rodata
  00005380    00005380    00000098   00000098    r-- .cinit
20200000    20200000    00002028   00000000    rw-
  20200000    20200000    00001e8d   00000000    rw- .bss
  20201e90    20201e90    00000198   00000000    rw- .data
20207e00    20207e00    00000200   00000000    rw-
  20207e00    20207e00    00000200   00000000    rw- .stack


SECTION ALLOCATION MAP

 output                                  attributes/
section   page    origin      length       input sections
--------  ----  ----------  ----------   ----------------
.intvecs   0    00000000    000000c0     
                  00000000    000000c0     startup_mspm0g350x_ticlang.o (.intvecs)

.text      0    000000c0    00005080     
                  000000c0    000009d0     libc.a : _printfi.c.obj (.text:__TI_printfi)
                  00000a90    0000055c     IMU_utf8.o (.text.IMU_AHRSupdate)
                  00000fec    000003e0     IMU_utf8.o (.text.calGyroVariance)
                  000013cc    00000364     libc.a : e_asin.c.obj (.text.asin)
                  00001730    000002f8            : s_atan.c.obj (.text.atan)
                  00001a28    000002a8     ti_msp_dl_config.o (.text.SYSCFG_DL_SYSCTL_SYSPLL_init)
                  00001cd0    00000220     libc.a : _printfi.c.obj (.text._pconv_a)
                  00001ef0    000001f4     IMU_utf8.o (.text.IMU_getYawPitchRoll)
                  000020e4    000001dc     libc.a : _printfi.c.obj (.text._pconv_g)
                  000022c0    00000192     libclang_rt.builtins.a : adddf3.S.obj (.text.adddf3_subdf3)
                  00002452    00000002     startup_mspm0g350x_ticlang.o (.text.Default_Handler)
                  00002454    0000018c     I2C_communication.o (.text.I2C_ReadReg)
                  000025e0    00000188     libc.a : e_atan2.c.obj (.text.atan2)
                  00002768    00000170            : e_sqrt.c.obj (.text.sqrt)
                  000028d8    0000013c            : _printfi.c.obj (.text.fcvt)
                  00002a14    00000138     ti_msp_dl_config.o (.text.SYSCFG_DL_GPIO_init)
                  00002b4c    00000120     libc.a : _printfi.c.obj (.text._pconv_e)
                  00002c6c    0000010c     libclang_rt.builtins.a : divdf3.S.obj (.text.__divdf3)
                  00002d78    00000104     driverlib.a : dl_timer.o (.text.DL_Timer_initFourCCPWMMode)
                  00002e7c    00000100     icm42688.o (.text.bsp_Icm42688RegCfg)
                  00002f7c    00000100     motor.o (.text.calculate_speed)
                  0000307c    000000fc     driverlib.a : dl_timer.o (.text.DL_Timer_initTimerMode)
                  00003178    000000e4     libclang_rt.builtins.a : muldf3.S.obj (.text.__muldf3)
                  0000325c    000000dc     driverlib.a : dl_sysctl_mspm0g1x0x_g3x0x.o (.text.DL_SYSCTL_configSYSPLL)
                  00003338    000000dc     IMU_utf8.o (.text.IMU_getValues)
                  00003414    000000d8     libc.a : s_scalbn.c.obj (.text.scalbn)
                  000034ec    000000d8     libclang_rt.builtins.a : addsf3.S.obj (.text)
                  000035c4    000000d4     I2C_communication.o (.text.I2C0_IRQHandler)
                  00003698    000000d0     motor.o (.text.Motor_SetDuty)
                  00003768    000000c4     main.o (.text.GROUP1_IRQHandler)
                  0000382c    000000b4     icm42688.o (.text.bsp_IcmGetRawData)
                  000038e0    000000a8     ti_msp_dl_config.o (.text.SYSCFG_DL_SYSCTL_init)
                  00003988    000000a4     I2C_communication.o (.text.I2C_WriteReg)
                  00003a2c    000000a2     libclang_rt.builtins.a : udivmoddi4.S.obj (.text)
                  00003ace    0000009a     libc.a : memcpy16.S.obj (.text:memcpy)
                  00003b68    00000094     ti_msp_dl_config.o (.text.SYSCFG_DL_initPower)
                  00003bfc    00000090     PID.o (.text.PID_Update)
                  00003c8c    0000008c     ti_msp_dl_config.o (.text.SYSCFG_DL_PWM1_init)
                  00003d18    0000008c     libclang_rt.builtins.a : mulsf3.S.obj (.text.__mulsf3)
                  00003da4    00000082                            : divsf3.S.obj (.text.__divsf3)
                  00003e26    00000002                            : aeabi_div0.c.obj (.text.__aeabi_idiv0)
                  00003e28    0000007c     motor.o (.text.TIMA0_IRQHandler)
                  00003ea4    0000007c     libc.a : copy_decompress_lzss.c.obj (.text:decompress:lzss)
                  00003f20    00000078     main.o (.text.main)
                  00003f98    00000074     libclang_rt.builtins.a : comparedf2.c.obj (.text.__gedf2)
                  0000400c    00000004     libsysbm.a : hostexit.c.obj (.text.HOSTexit)
                  00004010    00000074     libclang_rt.builtins.a : truncdfsf2.S.obj (.text.__truncdfsf2)
                  00004084    00000070     ti_msp_dl_config.o (.text.SYSCFG_DL_Serial_init)
                  000040f4    00000068     libclang_rt.builtins.a : comparedf2.c.obj (.text.__ledf2)
                  0000415c    00000066     libc.a : _printfi.c.obj (.text._mcpy)
                  000041c2    00000002     libclang_rt.builtins.a : aeabi_div0.c.obj (.text.__aeabi_ldiv0)
                  000041c4    00000064     ti_msp_dl_config.o (.text.SYSCFG_DL_ADC12_0_init)
                  00004228    00000064     Serial.o (.text.UART0_IRQHandler)
                  0000428c    00000062     libclang_rt.builtins.a : aeabi_dcmp.S.obj (.text.__aeabi_dcmp)
                  000042ee    00000002     libc.a : _lock.c.obj (.text._nop)
                  000042f0    00000062     libclang_rt.builtins.a : aeabi_fcmp.S.obj (.text.__aeabi_fcmp)
                  00004352    00000062     libc.a : memset16.S.obj (.text:memset)
                  000043b4    00000060     ti_msp_dl_config.o (.text.SYSCFG_DL_OLED_init)
                  00004414    0000005e     driverlib.a : dl_i2c.o (.text.DL_I2C_fillControllerTXFIFO)
                  00004472    00000002     --HOLE-- [fill = 0]
                  00004474    0000005c     libc.a : s_frexp.c.obj (.text.frexp)
                  000044d0    0000005c            : printf.c.obj (.text.printf)
                  0000452c    00000058     IMU_utf8.o (.text.IMU_init)
                  00004584    00000058     ti_msp_dl_config.o (.text.SYSCFG_DL_I2C_0_init)
                  000045dc    00000058     libc.a : _ltoa.c.obj (.text.__TI_ltoa)
                  00004634    00000058            : _printfi.c.obj (.text._pconv_f)
                  0000468c    00000056     libclang_rt.builtins.a : aeabi_idivmod.S.obj (.text.__aeabi_idivmod)
                  000046e2    00000052     libc.a : _printfi.c.obj (.text._ecpy)
                  00004734    00000050     ti_msp_dl_config.o (.text.SYSCFG_DL_init)
                  00004784    00000050     main.o (.text.fputs)
                  000047d4    0000004c     driverlib.a : dl_dma.o (.text.DL_DMA_initChannel)
                  00004820    0000004c     ti_msp_dl_config.o (.text.SYSCFG_DL_POT_init)
                  0000486c    0000004a     libclang_rt.builtins.a : fixdfsi.S.obj (.text.__fixdfsi)
                  000048b6    00000002     --HOLE-- [fill = 0]
                  000048b8    00000048     driverlib.a : dl_uart.o (.text.DL_UART_init)
                  00004900    00000044                 : dl_sysctl_mspm0g1x0x_g3x0x.o (.text.DL_SYSCTL_switchMCLKfromSYSOSCtoHSCLK)
                  00004944    00000040                 : dl_adc12.o (.text.DL_ADC12_setClockConfig)
                  00004984    00000040     libclang_rt.builtins.a : aeabi_uidivmod.S.obj (.text.__aeabi_uidivmod)
                  000049c4    00000040                            : extendsfdf2.S.obj (.text.__extendsfdf2)
                  00004a04    00000040     libc.a : atoi.c.obj (.text.atoi)
                  00004a44    0000003c     driverlib.a : dl_i2c.o (.text.DL_I2C_flushControllerTXFIFO)
                  00004a80    0000003c     ti_msp_dl_config.o (.text.SYSCFG_DL_MOTOR_PID_init)
                  00004abc    0000003c     libclang_rt.builtins.a : floatsisf.S.obj (.text.__floatsisf)
                  00004af8    0000003c                            : comparesf2.S.obj (.text.__gtsf2)
                  00004b34    0000003c     libc.a : autoinit.c.obj (.text:__TI_auto_init_nobinit_nopinit)
                  00004b70    0000003a     libclang_rt.builtins.a : comparesf2.S.obj (.text.__eqsf2)
                  00004baa    00000002     --HOLE-- [fill = 0]
                  00004bac    0000003a                            : muldsi3.S.obj (.text.__muldsi3)
                  00004be6    00000002     --HOLE-- [fill = 0]
                  00004be8    00000038     ti_msp_dl_config.o (.text.SYSCFG_DL_TIMER_0_init)
                  00004c20    00000038     libclang_rt.builtins.a : fixsfsi.S.obj (.text.__fixsfsi)
                  00004c58    00000030     libc.a : _printfi.c.obj (.text._fcpy)
                  00004c88    0000002c     main.o (.text.__NVIC_ClearPendingIRQ)
                  00004cb4    0000002c     main.o (.text.__NVIC_EnableIRQ)
                  00004ce0    0000002c     libclang_rt.builtins.a : floatsidf.S.obj (.text.__floatsidf)
                  00004d0c    0000002c     main.o (.text.fputc)
                  00004d38    00000028     libc.a : boot_cortex_m.c.obj (.text:_c_int00_noargs)
                  00004d60    00000026     driverlib.a : dl_i2c.o (.text.DL_I2C_setClockConfig)
                  00004d86    00000002     --HOLE-- [fill = 0]
                  00004d88    00000024     main.o (.text.TIMG6_IRQHandler)
                  00004dac    00000024     libclang_rt.builtins.a : muldi3.S.obj (.text.__muldi3)
                  00004dd0    00000022     driverlib.a : dl_vref.o (.text.DL_VREF_configReference)
                  00004df2    00000022     libc.a : memccpy.c.obj (.text.memccpy)
                  00004e14    00000020     ti_msp_dl_config.o (.text.SYSCFG_DL_DMA_CH0_init)
                  00004e34    0000001e     libclang_rt.builtins.a : ashldi3.S.obj (.text.__ashldi3)
                  00004e52    00000002     --HOLE-- [fill = 0]
                  00004e54    0000001c     driverlib.a : dl_sysctl_mspm0g1x0x_g3x0x.o (.text.DL_SYSCTL_configFCC)
                  00004e70    0000001c                 : dl_timer.o (.text.DL_Timer_setCaptCompUpdateMethod)
                  00004e8c    0000001c                 : dl_timer.o (.text.DL_Timer_setClockConfig)
                  00004ea8    00000018     motor.o (.text.DL_GPIO_setPins)
                  00004ec0    00000018     driverlib.a : dl_timer.o (.text.DL_Timer_setCaptureCompareOutCtl)
                  00004ed8    00000018     main.o (.text.DL_UART_isBusy)
                  00004ef0    00000016     main.o (.text.DL_GPIO_readPins)
                  00004f06    00000016     main.o (.text.DL_UART_transmitData)
                  00004f1c    00000016     main.o (.text.TimeA1_Init)
                  00004f32    00000014     motor.o (.text.DL_GPIO_clearPins)
                  00004f46    00000002     --HOLE-- [fill = 0]
                  00004f48    00000014     ti_msp_dl_config.o (.text.SYSCFG_DL_VREF_init)
                  00004f5c    00000014     libclang_rt.builtins.a : aeabi_uldivmod.S.obj (.text.__aeabi_uldivmod)
                  00004f70    00000014     libc.a : _printfi.c.obj (.text.strchr)
                  00004f84    00000012     main.o (.text.DL_GPIO_getPendingInterrupt)
                  00004f96    00000012     main.o (.text.DL_Timer_getPendingInterrupt)
                  00004fa8    00000012     motor.o (.text.DL_Timer_getPendingInterrupt)
                  00004fba    00000012     driverlib.a : dl_uart.o (.text.DL_UART_setClockConfig)
                  00004fcc    00000012     libc.a : copy_decompress_none.c.obj (.text:decompress:none)
                  00004fde    00000002     --HOLE-- [fill = 0]
                  00004fe0    00000010     driverlib.a : dl_timer.o (.text.DL_Timer_setCaptureCompareValue)
                  00004ff0    00000010     delay.o (.text.delay_ms)
                  00005000    00000010     libc.a : wcslen.c.obj (.text.wcslen)
                  00005010    00000010            : copy_zero_init.c.obj (.text:decompress:ZI)
                  00005020    0000000e     libclang_rt.builtins.a : aeabi_memset.S.obj (.text.__aeabi_memset)
                  0000502e    0000000e     libc.a : _printfi.c.obj (.text.strlen)
                  0000503c    0000000c     libclang_rt.builtins.a : aeabi_memset.S.obj (.text.__aeabi_memclr)
                  00005048    0000000a     driverlib.a : dl_common.o (.text.DL_Common_delayCycles)
                  00005052    0000000a     libc.a : _printfi.c.obj (.text.OUTLINED_FUNCTION_0)
                  0000505c    00000010     libclang_rt.builtins.a : adddf3.S.obj (.tramp.__aeabi_dsub.1)
                  0000506c    0000000a     libc.a : e_asin.c.obj (.text.OUTLINED_FUNCTION_0)
                  00005076    00000002     --HOLE-- [fill = 0]
                  00005078    00000010     libclang_rt.builtins.a : muldf3.S.obj (.tramp.__aeabi_dmul.1)
                  00005088    0000000a     libc.a : s_atan.c.obj (.text.OUTLINED_FUNCTION_0)
                  00005092    0000000a            : _printfi.c.obj (.text.OUTLINED_FUNCTION_1)
                  0000509c    0000000a            : e_asin.c.obj (.text.OUTLINED_FUNCTION_1)
                  000050a6    0000000a            : e_asin.c.obj (.text.OUTLINED_FUNCTION_3)
                  000050b0    00000010     libclang_rt.builtins.a : divdf3.S.obj (.tramp.__aeabi_ddiv.1)
                  000050c0    0000000a     main.o (.text.puts)
                  000050ca    00000008     libc.a : s_atan.c.obj (.text.OUTLINED_FUNCTION_2)
                  000050d2    00000008     ti_msp_dl_config.o (.text.SYSCFG_DL_DMA_init)
                  000050da    00000002     --HOLE-- [fill = 0]
                  000050dc    00000008     libc.a : aeabi_portable.c.obj (.text.__aeabi_errno_addr)
                  000050e4    00000008     libclang_rt.builtins.a : aeabi_memcpy.S.obj (.text.__aeabi_memcpy)
                  000050ec    00000008     libc.a : printf.c.obj (.text._outc)
                  000050f4    00000008            : printf.c.obj (.text._outs)
                  000050fc    00000008     icm42688.o (.text.bsp_Icm42688Init)
                  00005104    00000006     libc.a : s_atan.c.obj (.text.OUTLINED_FUNCTION_1)
                  0000510a    00000002     --HOLE-- [fill = 0]
                  0000510c    00000010     libclang_rt.builtins.a : adddf3.S.obj (.tramp.__aeabi_dadd.1)
                  0000511c    00000006     libc.a : e_asin.c.obj (.text.OUTLINED_FUNCTION_2)
                  00005122    00000006            : exit.c.obj (.text:abort)
                  00005128    00000004            : e_asin.c.obj (.text.OUTLINED_FUNCTION_4)
                  0000512c    00000004     startup_mspm0g350x_ticlang.o (.text.Reset_Handler)
                  00005130    00000004     libc.a : pre_init.c.obj (.text._system_pre_init)
                  00005134    0000000c     --HOLE-- [fill = 0]

.cinit     0    00005380    00000098     
                  00005380    0000006e     (.cinit..data.load) [load image, compression = lzss]
                  000053ee    00000002     --HOLE-- [fill = 0]
                  000053f0    0000000c     (__TI_handler_table)
                  000053fc    00000008     (.cinit..bss.load) [load image, compression = zero_init]
                  00005404    00000010     (__TI_cinit_table)
                  00005414    00000004     --HOLE-- [fill = 0]

.rodata    0    00005140    00000240     
                  00005140    00000101     libc.a : aeabi_ctype.S.obj (.rodata:__aeabi_ctype_table_)
                  00005241    00000003     ti_msp_dl_config.o (.rodata.gMOTOR_PIDClockConfig)
                  00005244    00000003     ti_msp_dl_config.o (.rodata.gPWM1ClockConfig)
                  00005247    00000001     --HOLE-- [fill = 0]
                  00005248    00000040     libc.a : s_atan.c.obj (.rodata.cst32)
                  00005288    00000028     ti_msp_dl_config.o (.rodata.gSYSPLLConfig)
                  000052b0    00000018     ti_msp_dl_config.o (.rodata.gDMA_CH0Config)
                  000052c8    00000014     ti_msp_dl_config.o (.rodata.gMOTOR_PIDTimerConfig)
                  000052dc    00000014     ti_msp_dl_config.o (.rodata.gTIMER_0TimerConfig)
                  000052f0    00000011     libc.a : _printfi.c.obj (.rodata.str1.10348868589481759720.1)
                  00005301    00000011            : _printfi.c.obj (.rodata.str1.15363888844622738466.1)
                  00005312    00000011     main.o (.rodata.str1.8154729771448623357.1)
                  00005323    0000000d     IMU_utf8.o (.rodata.str1.2837224913579755805.1)
                  00005330    0000000c     icm42688.o (.rodata.str1.18032895009533955569.1)
                  0000533c    0000000a     ti_msp_dl_config.o (.rodata.gSerialConfig)
                  00005346    00000002     ti_msp_dl_config.o (.rodata.gI2C_0ClockConfig)
                  00005348    00000008     ti_msp_dl_config.o (.rodata.gADC12_0ClockConfig)
                  00005350    00000008     ti_msp_dl_config.o (.rodata.gPOTClockConfig)
                  00005358    00000008     ti_msp_dl_config.o (.rodata.gPWM1Config)
                  00005360    00000008     ti_msp_dl_config.o (.rodata.gVREFConfig)
                  00005368    00000003     ti_msp_dl_config.o (.rodata.gTIMER_0ClockConfig)
                  0000536b    00000003     main.o (.rodata.str1.15159059442110792349.1)
                  0000536e    00000002     ti_msp_dl_config.o (.rodata.gOLEDClockConfig)
                  00005370    00000002     ti_msp_dl_config.o (.rodata.gSerialClockConfig)
                  00005372    0000000e     --HOLE-- [fill = 0]

.init_array 
*          0    00000000    00000000     UNINITIALIZED

.binit     0    00000000    00000000     

.bss       0    20200000    00001e8d     UNINITIALIZED
                  20200000    00001c20     IMU_utf8.o (.bss.Gyro_fill)
                  20201c20    000000bc     (.common:gMOTOR_PIDBackup)
                  20201cdc    000000a0     (.common:gTIMER_0Backup)
                  20201d7c    00000040     (.common:Serial_RxPacket)
                  20201dbc    00000024     (.common:mygetqval)
                  20201de0    0000001c     (.common:TTangles_gyro)
                  20201dfc    00000004     (.common:exInt)
                  20201e00    00000018     IMU_utf8.o (.bss.Gyro_total)
                  20201e18    00000018     IMU_utf8.o (.bss.sqrGyro_total)
                  20201e30    00000010     (.common:gRxPacket)
                  20201e40    0000000c     (.common:north)
                  20201e4c    0000000c     (.common:west)
                  20201e58    0000000c     (.common:ypr)
                  20201e64    00000004     (.common:eyInt)
                  20201e68    00000004     (.common:ezInt)
                  20201e6c    00000004     (.common:gRxCount)
                  20201e70    00000004     (.common:gRxLen)
                  20201e74    00000004     (.common:gTxCount)
                  20201e78    00000004     (.common:gTxLen)
                  20201e7c    00000004     (.common:q0)
                  20201e80    00000004     (.common:q1)
                  20201e84    00000004     (.common:q2)
                  20201e88    00000004     (.common:q3)
                  20201e8c    00000001     (.common:gI2cControllerStatus)

.data      0    20201e90    00000198     UNINITIALIZED
                  20201e90    000000f0     libc.a : defs.c.obj (.data._ftable)
                  20201f80    0000002c     main.o (.data.Motor_Left)
                  20201fac    0000002c     main.o (.data.Motor_Right)
                  20201fd8    00000010     I2C_communication.o (.data.gTxPacket)
                  20201fe8    0000000c     IMU_utf8.o (.data.gyro_offset)
                  20201ff4    00000004     IMU_utf8.o (.data.CalCount)
                  20201ff8    00000004     main.o (.data.Encoder1_Count)
                  20201ffc    00000004     main.o (.data.Encoder2_Count)
                  20202000    00000004     IMU_utf8.o (.data.GyroCount)
                  20202004    00000004     IMU_utf8.o (.data.Kp)
                  20202008    00000004     libc.a : aeabi_portable.c.obj (.data.__aeabi_errno)
                  2020200c    00000004            : _lock.c.obj (.data._lock)
                  20202010    00000004            : _lock.c.obj (.data._unlock)
                  20202014    00000004     icm42688.o (.data.accSensitivity)
                  20202018    00000004     icm42688.o (.data.gyroSensitivity)
                  2020201c    00000004     motor.o (.data.speed_1)
                  20202020    00000004     motor.o (.data.speed_2)
                  20202024    00000001     IMU_utf8.o (.data.GyroinitFlag)
                  20202025    00000001     Serial.o (.data.Serial_RxFlag)
                  20202026    00000001     Serial.o (.data.Serial_RxIndex)
                  20202027    00000001     main.o (.data.status)

.stack     0    20207e00    00000200     UNINITIALIZED
                  20207e00    00000004     libc.a : boot_cortex_m.c.obj (.stack)
                  20207e04    000001fc     --HOLE--

__llvm_prf_cnts 
*          0    20200000    00000000     UNINITIALIZED

__llvm_prf_bits 
*          0    20200000    00000000     UNINITIALIZED

MODULE SUMMARY

       Module                         code    ro data   rw data
       ------                         ----    -------   -------
    .\
       ti_msp_dl_config.o             2176    161       348    
       main.o                         700     20        109    
       startup_mspm0g350x_ticlang.o   6       192       0      
    +--+------------------------------+-------+---------+---------+
       Total:                         2882    373       457    
                                                               
    .\user_driver\
       IMU_utf8.o                     3172    13        7389   
       I2C_communication.o            772     0         49     
       motor.o                        650     0         8      
       icm42688.o                     444     12        8      
       Serial.o                       100     0         66     
       PID.o                          144     0         0      
       delay.o                        16      0         0      
    +--+------------------------------+-------+---------+---------+
       Total:                         5298    25        7520   
                                                               
    C:/TI/mspm0_sdk_2_10_00_04/source/ti/driverlib/lib/ticlang/m0p/mspm0g1x0x_g3x0x/driverlib.a
       dl_timer.o                     608     0         0      
       dl_sysctl_mspm0g1x0x_g3x0x.o   316     0         0      
       dl_i2c.o                       192     0         0      
       dl_uart.o                      90      0         0      
       dl_dma.o                       76      0         0      
       dl_adc12.o                     64      0         0      
       dl_vref.o                      34      0         0      
       dl_common.o                    10      0         0      
    +--+------------------------------+-------+---------+---------+
       Total:                         1390    0         0      
                                                               
    D:\ti\ccs\ccs\tools\compiler\ti-cgt-armllvm_4.0.4.LTS\lib\armv6m-ti-none-eabi/c/libc.a
       _printfi.c.obj                 4510    34        0      
       e_asin.c.obj                   908     0         0      
       s_atan.c.obj                   784     64        0      
       e_atan2.c.obj                  392     0         0      
       e_sqrt.c.obj                   368     0         0      
       aeabi_ctype.S.obj              0       257       0      
       defs.c.obj                     0       0         240    
       s_scalbn.c.obj                 216     0         0      
       memcpy16.S.obj                 154     0         0      
       copy_decompress_lzss.c.obj     124     0         0      
       printf.c.obj                   108     0         0      
       memset16.S.obj                 98      0         0      
       s_frexp.c.obj                  92      0         0      
       _ltoa.c.obj                    88      0         0      
       atoi.c.obj                     64      0         0      
       autoinit.c.obj                 60      0         0      
       boot_cortex_m.c.obj            40      0         0      
       memccpy.c.obj                  34      0         0      
       copy_decompress_none.c.obj     18      0         0      
       copy_zero_init.c.obj           16      0         0      
       wcslen.c.obj                   16      0         0      
       aeabi_portable.c.obj           8       0         4      
       _lock.c.obj                    2       0         8      
       exit.c.obj                     6       0         0      
       pre_init.c.obj                 4       0         0      
    +--+------------------------------+-------+---------+---------+
       Total:                         8110    355       252    
                                                               
    D:\ti\ccs\ccs\tools\compiler\ti-cgt-armllvm_4.0.4.LTS\lib\armv6m-ti-none-eabi/c/libsysbm.a
       hostexit.c.obj                 4       0         0      
    +--+------------------------------+-------+---------+---------+
       Total:                         4       0         0      
                                                               
    D:\ti\ccs\ccs\tools\compiler\ti-cgt-armllvm_4.0.4.LTS\lib\armv6m-ti-none-eabi/libclang_rt.builtins.a
       adddf3.S.obj                   434     0         0      
       divdf3.S.obj                   284     0         0      
       muldf3.S.obj                   244     0         0      
       comparedf2.c.obj               220     0         0      
       addsf3.S.obj                   216     0         0      
       udivmoddi4.S.obj               162     0         0      
       mulsf3.S.obj                   140     0         0      
       divsf3.S.obj                   130     0         0      
       comparesf2.S.obj               118     0         0      
       truncdfsf2.S.obj               116     0         0      
       aeabi_dcmp.S.obj               98      0         0      
       aeabi_fcmp.S.obj               98      0         0      
       aeabi_idivmod.S.obj            86      0         0      
       fixdfsi.S.obj                  74      0         0      
       aeabi_uidivmod.S.obj           64      0         0      
       extendsfdf2.S.obj              64      0         0      
       floatsisf.S.obj                60      0         0      
       muldsi3.S.obj                  58      0         0      
       fixsfsi.S.obj                  56      0         0      
       floatsidf.S.obj                44      0         0      
       muldi3.S.obj                   36      0         0      
       ashldi3.S.obj                  30      0         0      
       aeabi_memset.S.obj             26      0         0      
       aeabi_uldivmod.S.obj           20      0         0      
       aeabi_memcpy.S.obj             8       0         0      
       aeabi_div0.c.obj               4       0         0      
    +--+------------------------------+-------+---------+---------+
       Total:                         2890    0         0      
                                                               
       Stack:                         0       0         512    
       Linker Generated:              0       146       0      
    +--+------------------------------+-------+---------+---------+
       Grand Total:                   20574   899       8741   


LINKER GENERATED COPY TABLES

__TI_cinit_table @ 00005404 records: 2, size/record: 8, table size: 16
	.data: load addr=00005380, load size=0000006e bytes, run addr=20201e90, run size=00000198 bytes, compression=lzss
	.bss: load addr=000053fc, load size=00000008 bytes, run addr=20200000, run size=00001e8d bytes, compression=zero_init


LINKER GENERATED HANDLER TABLE

__TI_handler_table @ 000053f0 records: 3, size/record: 4, table size: 12
	index: 0, handler: __TI_decompress_lzss
	index: 1, handler: __TI_decompress_none
	index: 2, handler: __TI_zero_init


FAR CALL TRAMPOLINES

callee name               trampoline name
   callee addr  tramp addr   call addr  call info
--------------  -----------  ---------  ----------------
__aeabi_dsub              $Tramp$TT$L$PI$$__aeabi_dsub
   000022c1     0000505c     0000505a   libc.a : _printfi.c.obj (.text.OUTLINED_FUNCTION_0)
__aeabi_dmul              $Tramp$TT$L$PI$$__aeabi_dmul
   00003179     00005078     00005074   libc.a : e_asin.c.obj (.text.OUTLINED_FUNCTION_0)
                             00005090          : s_atan.c.obj (.text.OUTLINED_FUNCTION_0)
                             000050a4          : e_asin.c.obj (.text.OUTLINED_FUNCTION_1)
                             000050d0          : s_atan.c.obj (.text.OUTLINED_FUNCTION_2)
                             00005120          : e_asin.c.obj (.text.OUTLINED_FUNCTION_2)
__aeabi_ddiv              $Tramp$TT$L$PI$$__aeabi_ddiv
   00002c6d     000050b0     000050ae   libc.a : e_asin.c.obj (.text.OUTLINED_FUNCTION_3)
__aeabi_dadd              $Tramp$TT$L$PI$$__aeabi_dadd
   000022cb     0000510c     00005108   libc.a : s_atan.c.obj (.text.OUTLINED_FUNCTION_1)
                             0000512a          : e_asin.c.obj (.text.OUTLINED_FUNCTION_4)

[4 trampolines]
[9 trampoline calls]


GLOBAL SYMBOLS: SORTED ALPHABETICALLY BY Name 

address   name                                 
-------   ----                                 
00002453  ADC0_IRQHandler                      
00002453  ADC1_IRQHandler                      
00002453  AES_IRQHandler                       
0000400c  C$$EXIT                              
00002453  CANFD0_IRQHandler                    
20201ff4  CalCount                             
00002453  DAC0_IRQHandler                      
00004945  DL_ADC12_setClockConfig              
00005049  DL_Common_delayCycles                
000047d5  DL_DMA_initChannel                   
00004415  DL_I2C_fillControllerTXFIFO          
00004a45  DL_I2C_flushControllerTXFIFO         
00004d61  DL_I2C_setClockConfig                
00004e55  DL_SYSCTL_configFCC                  
0000325d  DL_SYSCTL_configSYSPLL               
00004901  DL_SYSCTL_switchMCLKfromSYSOSCtoHSCLK
00002d79  DL_Timer_initFourCCPWMMode           
0000307d  DL_Timer_initTimerMode               
00004e71  DL_Timer_setCaptCompUpdateMethod     
00004ec1  DL_Timer_setCaptureCompareOutCtl     
00004fe1  DL_Timer_setCaptureCompareValue      
00004e8d  DL_Timer_setClockConfig              
000048b9  DL_UART_init                         
00004fbb  DL_UART_setClockConfig               
00004dd1  DL_VREF_configReference              
00002453  DMA_IRQHandler                       
00002453  Default_Handler                      
20201ff8  Encoder1_Count                       
20201ffc  Encoder2_Count                       
00002453  GROUP0_IRQHandler                    
00003769  GROUP1_IRQHandler                    
0000400d  HOSTexit                             
00002453  HardFault_Handler                    
000035c5  I2C0_IRQHandler                      
00002453  I2C1_IRQHandler                      
00002455  I2C_ReadReg                          
00003989  I2C_WriteReg                         
00000a91  IMU_AHRSupdate                       
00003339  IMU_getValues                        
00001ef1  IMU_getYawPitchRoll                  
0000452d  IMU_init                             
20202004  Kp                                   
20201f80  Motor_Left                           
20201fac  Motor_Right                          
00003699  Motor_SetDuty                        
00002453  NMI_Handler                          
00003bfd  PID_Update                           
00002453  PendSV_Handler                       
00002453  RTC_IRQHandler                       
0000512d  Reset_Handler                        
00002453  SPI0_IRQHandler                      
00002453  SPI1_IRQHandler                      
00002453  SVC_Handler                          
000041c5  SYSCFG_DL_ADC12_0_init               
00004e15  SYSCFG_DL_DMA_CH0_init               
000050d3  SYSCFG_DL_DMA_init                   
00002a15  SYSCFG_DL_GPIO_init                  
00004585  SYSCFG_DL_I2C_0_init                 
00004a81  SYSCFG_DL_MOTOR_PID_init             
000043b5  SYSCFG_DL_OLED_init                  
00004821  SYSCFG_DL_POT_init                   
00003c8d  SYSCFG_DL_PWM1_init                  
00001a29  SYSCFG_DL_SYSCTL_SYSPLL_init         
000038e1  SYSCFG_DL_SYSCTL_init                
00004085  SYSCFG_DL_Serial_init                
00004be9  SYSCFG_DL_TIMER_0_init               
00004f49  SYSCFG_DL_VREF_init                  
00004735  SYSCFG_DL_init                       
00003b69  SYSCFG_DL_initPower                  
20202025  Serial_RxFlag                        
20201d7c  Serial_RxPacket                      
00002453  SysTick_Handler                      
00003e29  TIMA0_IRQHandler                     
00002453  TIMA1_IRQHandler                     
00002453  TIMG0_IRQHandler                     
00002453  TIMG12_IRQHandler                    
00004d89  TIMG6_IRQHandler                     
00002453  TIMG7_IRQHandler                     
00002453  TIMG8_IRQHandler                     
20201de0  TTangles_gyro                        
00004f1d  TimeA1_Init                          
00004229  UART0_IRQHandler                     
00002453  UART1_IRQHandler                     
00002453  UART2_IRQHandler                     
00002453  UART3_IRQHandler                     
20208000  __STACK_END                          
00000200  __STACK_SIZE                         
00000000  __TI_ATRegion0_region_sz             
00000000  __TI_ATRegion0_src_addr              
00000000  __TI_ATRegion0_trg_addr              
00000000  __TI_ATRegion1_region_sz             
00000000  __TI_ATRegion1_src_addr              
00000000  __TI_ATRegion1_trg_addr              
00000000  __TI_ATRegion2_region_sz             
00000000  __TI_ATRegion2_src_addr              
00000000  __TI_ATRegion2_trg_addr              
00005404  __TI_CINIT_Base                      
00005414  __TI_CINIT_Limit                     
00005414  __TI_CINIT_Warm                      
000053f0  __TI_Handler_Table_Base              
000053fc  __TI_Handler_Table_Limit             
00004b35  __TI_auto_init_nobinit_nopinit       
00003ea5  __TI_decompress_lzss                 
00004fcd  __TI_decompress_none                 
000045dd  __TI_ltoa                            
ffffffff  __TI_pprof_out_hndl                  
000000c1  __TI_printfi                         
ffffffff  __TI_prof_data_size                  
ffffffff  __TI_prof_data_start                 
00000000  __TI_static_base__                   
00005011  __TI_zero_init                       
000022cb  __adddf3                             
000034f7  __addsf3                             
00005140  __aeabi_ctype_table_                 
00005140  __aeabi_ctype_table_C                
00004011  __aeabi_d2f                          
0000486d  __aeabi_d2iz                         
000022cb  __aeabi_dadd                         
0000428d  __aeabi_dcmpeq                       
000042c9  __aeabi_dcmpge                       
000042dd  __aeabi_dcmpgt                       
000042b5  __aeabi_dcmple                       
000042a1  __aeabi_dcmplt                       
00002c6d  __aeabi_ddiv                         
00003179  __aeabi_dmul                         
000022c1  __aeabi_dsub                         
20202008  __aeabi_errno                        
000050dd  __aeabi_errno_addr                   
000049c5  __aeabi_f2d                          
00004c21  __aeabi_f2iz                         
000034f7  __aeabi_fadd                         
000042f1  __aeabi_fcmpeq                       
0000432d  __aeabi_fcmpge                       
00004341  __aeabi_fcmpgt                       
00004319  __aeabi_fcmple                       
00004305  __aeabi_fcmplt                       
00003da5  __aeabi_fdiv                         
00003d19  __aeabi_fmul                         
000034ed  __aeabi_fsub                         
00004ce1  __aeabi_i2d                          
00004abd  __aeabi_i2f                          
0000468d  __aeabi_idiv                         
00003e27  __aeabi_idiv0                        
0000468d  __aeabi_idivmod                      
000041c3  __aeabi_ldiv0                        
00004e35  __aeabi_llsl                         
00004dad  __aeabi_lmul                         
0000503d  __aeabi_memclr                       
0000503d  __aeabi_memclr4                      
0000503d  __aeabi_memclr8                      
000050e5  __aeabi_memcpy                       
000050e5  __aeabi_memcpy4                      
000050e5  __aeabi_memcpy8                      
00005021  __aeabi_memset                       
00005021  __aeabi_memset4                      
00005021  __aeabi_memset8                      
00004985  __aeabi_uidiv                        
00004985  __aeabi_uidivmod                     
00004f5d  __aeabi_uldivmod                     
00004e35  __ashldi3                            
ffffffff  __binit__                            
000040f5  __cmpdf2                             
00004b71  __cmpsf2                             
00002c6d  __divdf3                             
00003da5  __divsf3                             
000040f5  __eqdf2                              
00004b71  __eqsf2                              
000049c5  __extendsfdf2                        
0000486d  __fixdfsi                            
00004c21  __fixsfsi                            
00004ce1  __floatsidf                          
00004abd  __floatsisf                          
00003f99  __gedf2                              
00004af9  __gesf2                              
00003f99  __gtdf2                              
00004af9  __gtsf2                              
000040f5  __ledf2                              
00004b71  __lesf2                              
000040f5  __ltdf2                              
00004b71  __ltsf2                              
UNDEFED   __mpu_init                           
00003179  __muldf3                             
00004dad  __muldi3                             
00004bad  __muldsi3                            
00003d19  __mulsf3                             
000040f5  __nedf2                              
00004b71  __nesf2                              
20207e00  __stack                              
20200000  __start___llvm_prf_bits              
20200000  __start___llvm_prf_cnts              
20200000  __stop___llvm_prf_bits               
20200000  __stop___llvm_prf_cnts               
000022c1  __subdf3                             
000034ed  __subsf3                             
00004011  __truncdfsf2                         
00003a2d  __udivmoddi4                         
00004d39  _c_int00_noargs                      
20201e90  _ftable                              
2020200c  _lock                                
000042ef  _nop                                 
UNDEFED   _system_post_cinit                   
00005131  _system_pre_init                     
20202010  _unlock                              
00005123  abort                                
000013cd  asin                                 
000013cd  asinl                                
00001731  atan                                 
000025e1  atan2                                
000025e1  atan2l                               
00001731  atanl                                
00004a05  atoi                                 
ffffffff  binit                                
000050fd  bsp_Icm42688Init                     
00002e7d  bsp_Icm42688RegCfg                   
0000382d  bsp_IcmGetRawData                    
00000fed  calGyroVariance                      
00002f7d  calculate_speed                      
00004ff1  delay_ms                             
20201dfc  exInt                                
20201e64  eyInt                                
20201e68  ezInt                                
00004d0d  fputc                                
00004785  fputs                                
00004475  frexp                                
00004475  frexpl                               
20201e8c  gI2cControllerStatus                 
20201c20  gMOTOR_PIDBackup                     
20201e6c  gRxCount                             
20201e70  gRxLen                               
20201e30  gRxPacket                            
20201cdc  gTIMER_0Backup                       
20201e74  gTxCount                             
20201e78  gTxLen                               
20201fd8  gTxPacket                            
20201fe8  gyro_offset                          
00000000  interruptVectors                     
00003415  ldexp                                
00003415  ldexpl                               
00003f21  main                                 
00004df3  memccpy                              
00003acf  memcpy                               
00004353  memset                               
20201dbc  mygetqval                            
20201e40  north                                
000044d1  printf                               
000050c1  puts                                 
20201e7c  q0                                   
20201e80  q1                                   
20201e84  q2                                   
20201e88  q3                                   
00003415  scalbn                               
00003415  scalbnl                              
2020201c  speed_1                              
20202020  speed_2                              
00002769  sqrt                                 
00002769  sqrtl                                
20202027  status                               
00005001  wcslen                               
20201e4c  west                                 
20201e58  ypr                                  


GLOBAL SYMBOLS: SORTED BY Symbol Address 

address   name                                 
-------   ----                                 
00000000  __TI_ATRegion0_region_sz             
00000000  __TI_ATRegion0_src_addr              
00000000  __TI_ATRegion0_trg_addr              
00000000  __TI_ATRegion1_region_sz             
00000000  __TI_ATRegion1_src_addr              
00000000  __TI_ATRegion1_trg_addr              
00000000  __TI_ATRegion2_region_sz             
00000000  __TI_ATRegion2_src_addr              
00000000  __TI_ATRegion2_trg_addr              
00000000  __TI_static_base__                   
00000000  interruptVectors                     
000000c1  __TI_printfi                         
00000200  __STACK_SIZE                         
00000a91  IMU_AHRSupdate                       
00000fed  calGyroVariance                      
000013cd  asin                                 
000013cd  asinl                                
00001731  atan                                 
00001731  atanl                                
00001a29  SYSCFG_DL_SYSCTL_SYSPLL_init         
00001ef1  IMU_getYawPitchRoll                  
000022c1  __aeabi_dsub                         
000022c1  __subdf3                             
000022cb  __adddf3                             
000022cb  __aeabi_dadd                         
00002453  ADC0_IRQHandler                      
00002453  ADC1_IRQHandler                      
00002453  AES_IRQHandler                       
00002453  CANFD0_IRQHandler                    
00002453  DAC0_IRQHandler                      
00002453  DMA_IRQHandler                       
00002453  Default_Handler                      
00002453  GROUP0_IRQHandler                    
00002453  HardFault_Handler                    
00002453  I2C1_IRQHandler                      
00002453  NMI_Handler                          
00002453  PendSV_Handler                       
00002453  RTC_IRQHandler                       
00002453  SPI0_IRQHandler                      
00002453  SPI1_IRQHandler                      
00002453  SVC_Handler                          
00002453  SysTick_Handler                      
00002453  TIMA1_IRQHandler                     
00002453  TIMG0_IRQHandler                     
00002453  TIMG12_IRQHandler                    
00002453  TIMG7_IRQHandler                     
00002453  TIMG8_IRQHandler                     
00002453  UART1_IRQHandler                     
00002453  UART2_IRQHandler                     
00002453  UART3_IRQHandler                     
00002455  I2C_ReadReg                          
000025e1  atan2                                
000025e1  atan2l                               
00002769  sqrt                                 
00002769  sqrtl                                
00002a15  SYSCFG_DL_GPIO_init                  
00002c6d  __aeabi_ddiv                         
00002c6d  __divdf3                             
00002d79  DL_Timer_initFourCCPWMMode           
00002e7d  bsp_Icm42688RegCfg                   
00002f7d  calculate_speed                      
0000307d  DL_Timer_initTimerMode               
00003179  __aeabi_dmul                         
00003179  __muldf3                             
0000325d  DL_SYSCTL_configSYSPLL               
00003339  IMU_getValues                        
00003415  ldexp                                
00003415  ldexpl                               
00003415  scalbn                               
00003415  scalbnl                              
000034ed  __aeabi_fsub                         
000034ed  __subsf3                             
000034f7  __addsf3                             
000034f7  __aeabi_fadd                         
000035c5  I2C0_IRQHandler                      
00003699  Motor_SetDuty                        
00003769  GROUP1_IRQHandler                    
0000382d  bsp_IcmGetRawData                    
000038e1  SYSCFG_DL_SYSCTL_init                
00003989  I2C_WriteReg                         
00003a2d  __udivmoddi4                         
00003acf  memcpy                               
00003b69  SYSCFG_DL_initPower                  
00003bfd  PID_Update                           
00003c8d  SYSCFG_DL_PWM1_init                  
00003d19  __aeabi_fmul                         
00003d19  __mulsf3                             
00003da5  __aeabi_fdiv                         
00003da5  __divsf3                             
00003e27  __aeabi_idiv0                        
00003e29  TIMA0_IRQHandler                     
00003ea5  __TI_decompress_lzss                 
00003f21  main                                 
00003f99  __gedf2                              
00003f99  __gtdf2                              
0000400c  C$$EXIT                              
0000400d  HOSTexit                             
00004011  __aeabi_d2f                          
00004011  __truncdfsf2                         
00004085  SYSCFG_DL_Serial_init                
000040f5  __cmpdf2                             
000040f5  __eqdf2                              
000040f5  __ledf2                              
000040f5  __ltdf2                              
000040f5  __nedf2                              
000041c3  __aeabi_ldiv0                        
000041c5  SYSCFG_DL_ADC12_0_init               
00004229  UART0_IRQHandler                     
0000428d  __aeabi_dcmpeq                       
000042a1  __aeabi_dcmplt                       
000042b5  __aeabi_dcmple                       
000042c9  __aeabi_dcmpge                       
000042dd  __aeabi_dcmpgt                       
000042ef  _nop                                 
000042f1  __aeabi_fcmpeq                       
00004305  __aeabi_fcmplt                       
00004319  __aeabi_fcmple                       
0000432d  __aeabi_fcmpge                       
00004341  __aeabi_fcmpgt                       
00004353  memset                               
000043b5  SYSCFG_DL_OLED_init                  
00004415  DL_I2C_fillControllerTXFIFO          
00004475  frexp                                
00004475  frexpl                               
000044d1  printf                               
0000452d  IMU_init                             
00004585  SYSCFG_DL_I2C_0_init                 
000045dd  __TI_ltoa                            
0000468d  __aeabi_idiv                         
0000468d  __aeabi_idivmod                      
00004735  SYSCFG_DL_init                       
00004785  fputs                                
000047d5  DL_DMA_initChannel                   
00004821  SYSCFG_DL_POT_init                   
0000486d  __aeabi_d2iz                         
0000486d  __fixdfsi                            
000048b9  DL_UART_init                         
00004901  DL_SYSCTL_switchMCLKfromSYSOSCtoHSCLK
00004945  DL_ADC12_setClockConfig              
00004985  __aeabi_uidiv                        
00004985  __aeabi_uidivmod                     
000049c5  __aeabi_f2d                          
000049c5  __extendsfdf2                        
00004a05  atoi                                 
00004a45  DL_I2C_flushControllerTXFIFO         
00004a81  SYSCFG_DL_MOTOR_PID_init             
00004abd  __aeabi_i2f                          
00004abd  __floatsisf                          
00004af9  __gesf2                              
00004af9  __gtsf2                              
00004b35  __TI_auto_init_nobinit_nopinit       
00004b71  __cmpsf2                             
00004b71  __eqsf2                              
00004b71  __lesf2                              
00004b71  __ltsf2                              
00004b71  __nesf2                              
00004bad  __muldsi3                            
00004be9  SYSCFG_DL_TIMER_0_init               
00004c21  __aeabi_f2iz                         
00004c21  __fixsfsi                            
00004ce1  __aeabi_i2d                          
00004ce1  __floatsidf                          
00004d0d  fputc                                
00004d39  _c_int00_noargs                      
00004d61  DL_I2C_setClockConfig                
00004d89  TIMG6_IRQHandler                     
00004dad  __aeabi_lmul                         
00004dad  __muldi3                             
00004dd1  DL_VREF_configReference              
00004df3  memccpy                              
00004e15  SYSCFG_DL_DMA_CH0_init               
00004e35  __aeabi_llsl                         
00004e35  __ashldi3                            
00004e55  DL_SYSCTL_configFCC                  
00004e71  DL_Timer_setCaptCompUpdateMethod     
00004e8d  DL_Timer_setClockConfig              
00004ec1  DL_Timer_setCaptureCompareOutCtl     
00004f1d  TimeA1_Init                          
00004f49  SYSCFG_DL_VREF_init                  
00004f5d  __aeabi_uldivmod                     
00004fbb  DL_UART_setClockConfig               
00004fcd  __TI_decompress_none                 
00004fe1  DL_Timer_setCaptureCompareValue      
00004ff1  delay_ms                             
00005001  wcslen                               
00005011  __TI_zero_init                       
00005021  __aeabi_memset                       
00005021  __aeabi_memset4                      
00005021  __aeabi_memset8                      
0000503d  __aeabi_memclr                       
0000503d  __aeabi_memclr4                      
0000503d  __aeabi_memclr8                      
00005049  DL_Common_delayCycles                
000050c1  puts                                 
000050d3  SYSCFG_DL_DMA_init                   
000050dd  __aeabi_errno_addr                   
000050e5  __aeabi_memcpy                       
000050e5  __aeabi_memcpy4                      
000050e5  __aeabi_memcpy8                      
000050fd  bsp_Icm42688Init                     
00005123  abort                                
0000512d  Reset_Handler                        
00005131  _system_pre_init                     
00005140  __aeabi_ctype_table_                 
00005140  __aeabi_ctype_table_C                
000053f0  __TI_Handler_Table_Base              
000053fc  __TI_Handler_Table_Limit             
00005404  __TI_CINIT_Base                      
00005414  __TI_CINIT_Limit                     
00005414  __TI_CINIT_Warm                      
20200000  __start___llvm_prf_bits              
20200000  __start___llvm_prf_cnts              
20200000  __stop___llvm_prf_bits               
20200000  __stop___llvm_prf_cnts               
20201c20  gMOTOR_PIDBackup                     
20201cdc  gTIMER_0Backup                       
20201d7c  Serial_RxPacket                      
20201dbc  mygetqval                            
20201de0  TTangles_gyro                        
20201dfc  exInt                                
20201e30  gRxPacket                            
20201e40  north                                
20201e4c  west                                 
20201e58  ypr                                  
20201e64  eyInt                                
20201e68  ezInt                                
20201e6c  gRxCount                             
20201e70  gRxLen                               
20201e74  gTxCount                             
20201e78  gTxLen                               
20201e7c  q0                                   
20201e80  q1                                   
20201e84  q2                                   
20201e88  q3                                   
20201e8c  gI2cControllerStatus                 
20201e90  _ftable                              
20201f80  Motor_Left                           
20201fac  Motor_Right                          
20201fd8  gTxPacket                            
20201fe8  gyro_offset                          
20201ff4  CalCount                             
20201ff8  Encoder1_Count                       
20201ffc  Encoder2_Count                       
20202004  Kp                                   
20202008  __aeabi_errno                        
2020200c  _lock                                
20202010  _unlock                              
2020201c  speed_1                              
20202020  speed_2                              
20202025  Serial_RxFlag                        
20202027  status                               
20207e00  __stack                              
20208000  __STACK_END                          
ffffffff  __TI_pprof_out_hndl                  
ffffffff  __TI_prof_data_size                  
ffffffff  __TI_prof_data_start                 
ffffffff  __binit__                            
ffffffff  binit                                
UNDEFED   __mpu_init                           
UNDEFED   _system_post_cinit                   

[260 symbols]
