<?xml version="1.0" encoding="ISO-8859-1" ?>
<link_info>
   <banner>TI ARM Clang Linker PC v4.0.4.LTS</banner>
   <copyright>Copyright (c) 1996-2018 Texas Instruments Incorporated</copyright>
   <command_line>D:\ti\ccs\ccs\tools\compiler\ti-cgt-armllvm_4.0.4.LTS\bin\tiarmlnk -ID:\ti\ccs\ccs\tools\compiler\ti-cgt-armllvm_4.0.4.LTS\lib -o 13-anglePID.out -m13-anglePID.map -iC:/TI/mspm0_sdk_2_10_00_04/source -iD:/00-pushing/07-ti/work/13-anglePID -iD:/00-pushing/07-ti/work/13-anglePID/Debug/syscfg -iD:/ti/ccs/ccs/tools/compiler/ti-cgt-armllvm_4.0.4.LTS/lib --diag_wrap=off --display_error_number --warn_sections --xml_link_info=13-anglePID_linkInfo.xml --rom_model ./ti_msp_dl_config.o ./startup_mspm0g350x_ticlang.o ./main.o ./user_driver/ADC.o ./user_driver/I2C_communication.o ./user_driver/IMU_utf8.o ./user_driver/No_Mcu_Ganv_Grayscale_Sensor.o ./user_driver/PID.o ./user_driver/Serial.o ./user_driver/delay.o ./user_driver/icm42688.o ./user_driver/motor.o ./user_driver/oled.o ./user_driver/uart_vofa.o -l./device_linker.cmd -ldevice.cmd.genlibs -llibc.a --start-group -llibc++.a -llibc++abi.a -llibc.a -llibsys.a -llibsysbm.a -llibclang_rt.builtins.a -llibclang_rt.profile.a --end-group --cg_opt_level=2</command_line>
   <link_time>0x6a58ca4f</link_time>
   <link_errors>0x0</link_errors>
   <output_file>D:\00-pushing\07-ti\work\13-anglePID\Debug\13-anglePID.out</output_file>
   <entry_point>
      <name>_c_int00_noargs</name>
      <address>0x6a49</address>
   </entry_point>
   <input_file_list>
      <input_file id="fl-1">
         <path>D:\00-pushing\07-ti\work\13-anglePID\Debug\.\</path>
         <kind>object</kind>
         <file>ti_msp_dl_config.o</file>
         <name>ti_msp_dl_config.o</name>
      </input_file>
      <input_file id="fl-2">
         <path>D:\00-pushing\07-ti\work\13-anglePID\Debug\.\</path>
         <kind>object</kind>
         <file>startup_mspm0g350x_ticlang.o</file>
         <name>startup_mspm0g350x_ticlang.o</name>
      </input_file>
      <input_file id="fl-3">
         <path>D:\00-pushing\07-ti\work\13-anglePID\Debug\.\</path>
         <kind>object</kind>
         <file>main.o</file>
         <name>main.o</name>
      </input_file>
      <input_file id="fl-4">
         <path>D:\00-pushing\07-ti\work\13-anglePID\Debug\.\user_driver\</path>
         <kind>object</kind>
         <file>ADC.o</file>
         <name>ADC.o</name>
      </input_file>
      <input_file id="fl-5">
         <path>D:\00-pushing\07-ti\work\13-anglePID\Debug\.\user_driver\</path>
         <kind>object</kind>
         <file>I2C_communication.o</file>
         <name>I2C_communication.o</name>
      </input_file>
      <input_file id="fl-6">
         <path>D:\00-pushing\07-ti\work\13-anglePID\Debug\.\user_driver\</path>
         <kind>object</kind>
         <file>IMU_utf8.o</file>
         <name>IMU_utf8.o</name>
      </input_file>
      <input_file id="fl-7">
         <path>D:\00-pushing\07-ti\work\13-anglePID\Debug\.\user_driver\</path>
         <kind>object</kind>
         <file>No_Mcu_Ganv_Grayscale_Sensor.o</file>
         <name>No_Mcu_Ganv_Grayscale_Sensor.o</name>
      </input_file>
      <input_file id="fl-8">
         <path>D:\00-pushing\07-ti\work\13-anglePID\Debug\.\user_driver\</path>
         <kind>object</kind>
         <file>PID.o</file>
         <name>PID.o</name>
      </input_file>
      <input_file id="fl-9">
         <path>D:\00-pushing\07-ti\work\13-anglePID\Debug\.\user_driver\</path>
         <kind>object</kind>
         <file>Serial.o</file>
         <name>Serial.o</name>
      </input_file>
      <input_file id="fl-a">
         <path>D:\00-pushing\07-ti\work\13-anglePID\Debug\.\user_driver\</path>
         <kind>object</kind>
         <file>delay.o</file>
         <name>delay.o</name>
      </input_file>
      <input_file id="fl-b">
         <path>D:\00-pushing\07-ti\work\13-anglePID\Debug\.\user_driver\</path>
         <kind>object</kind>
         <file>icm42688.o</file>
         <name>icm42688.o</name>
      </input_file>
      <input_file id="fl-c">
         <path>D:\00-pushing\07-ti\work\13-anglePID\Debug\.\user_driver\</path>
         <kind>object</kind>
         <file>motor.o</file>
         <name>motor.o</name>
      </input_file>
      <input_file id="fl-d">
         <path>D:\00-pushing\07-ti\work\13-anglePID\Debug\.\user_driver\</path>
         <kind>object</kind>
         <file>oled.o</file>
         <name>oled.o</name>
      </input_file>
      <input_file id="fl-e">
         <path>D:\00-pushing\07-ti\work\13-anglePID\Debug\.\user_driver\</path>
         <kind>object</kind>
         <file>uart_vofa.o</file>
         <name>uart_vofa.o</name>
      </input_file>
      <input_file id="fl-1b">
         <path>D:\00-pushing\07-ti\work\13-anglePID\Debug\</path>
         <kind>object</kind>
         <file>&lt;internal&gt;</file>
         <name>&lt;internal&gt;</name>
      </input_file>
      <input_file id="fl-1c">
         <path>C:\TI\mspm0_sdk_2_10_00_04\source\ti\driverlib\lib\ticlang\m0p\mspm0g1x0x_g3x0x\</path>
         <kind>archive</kind>
         <file>driverlib.a</file>
         <name>dl_adc12.o</name>
      </input_file>
      <input_file id="fl-1d">
         <path>C:\TI\mspm0_sdk_2_10_00_04\source\ti\driverlib\lib\ticlang\m0p\mspm0g1x0x_g3x0x\</path>
         <kind>archive</kind>
         <file>driverlib.a</file>
         <name>dl_common.o</name>
      </input_file>
      <input_file id="fl-1e">
         <path>C:\TI\mspm0_sdk_2_10_00_04\source\ti\driverlib\lib\ticlang\m0p\mspm0g1x0x_g3x0x\</path>
         <kind>archive</kind>
         <file>driverlib.a</file>
         <name>dl_dma.o</name>
      </input_file>
      <input_file id="fl-1f">
         <path>C:\TI\mspm0_sdk_2_10_00_04\source\ti\driverlib\lib\ticlang\m0p\mspm0g1x0x_g3x0x\</path>
         <kind>archive</kind>
         <file>driverlib.a</file>
         <name>dl_i2c.o</name>
      </input_file>
      <input_file id="fl-20">
         <path>C:\TI\mspm0_sdk_2_10_00_04\source\ti\driverlib\lib\ticlang\m0p\mspm0g1x0x_g3x0x\</path>
         <kind>archive</kind>
         <file>driverlib.a</file>
         <name>dl_timer.o</name>
      </input_file>
      <input_file id="fl-21">
         <path>C:\TI\mspm0_sdk_2_10_00_04\source\ti\driverlib\lib\ticlang\m0p\mspm0g1x0x_g3x0x\</path>
         <kind>archive</kind>
         <file>driverlib.a</file>
         <name>dl_uart.o</name>
      </input_file>
      <input_file id="fl-22">
         <path>C:\TI\mspm0_sdk_2_10_00_04\source\ti\driverlib\lib\ticlang\m0p\mspm0g1x0x_g3x0x\</path>
         <kind>archive</kind>
         <file>driverlib.a</file>
         <name>dl_vref.o</name>
      </input_file>
      <input_file id="fl-23">
         <path>C:\TI\mspm0_sdk_2_10_00_04\source\ti\driverlib\lib\ticlang\m0p\mspm0g1x0x_g3x0x\</path>
         <kind>archive</kind>
         <file>driverlib.a</file>
         <name>dl_sysctl_mspm0g1x0x_g3x0x.o</name>
      </input_file>
      <input_file id="fl-3a">
         <path>D:\ti\ccs\ccs\tools\compiler\ti-cgt-armllvm_4.0.4.LTS\lib\armv6m-ti-none-eabi\c\</path>
         <kind>archive</kind>
         <file>libc.a</file>
         <name>e_asin.c.obj</name>
      </input_file>
      <input_file id="fl-3b">
         <path>D:\ti\ccs\ccs\tools\compiler\ti-cgt-armllvm_4.0.4.LTS\lib\armv6m-ti-none-eabi\c\</path>
         <kind>archive</kind>
         <file>libc.a</file>
         <name>e_atan2.c.obj</name>
      </input_file>
      <input_file id="fl-3c">
         <path>D:\ti\ccs\ccs\tools\compiler\ti-cgt-armllvm_4.0.4.LTS\lib\armv6m-ti-none-eabi\c\</path>
         <kind>archive</kind>
         <file>libc.a</file>
         <name>e_sqrt.c.obj</name>
      </input_file>
      <input_file id="fl-3d">
         <path>D:\ti\ccs\ccs\tools\compiler\ti-cgt-armllvm_4.0.4.LTS\lib\armv6m-ti-none-eabi\c\</path>
         <kind>archive</kind>
         <file>libc.a</file>
         <name>s_atan.c.obj</name>
      </input_file>
      <input_file id="fl-3e">
         <path>D:\ti\ccs\ccs\tools\compiler\ti-cgt-armllvm_4.0.4.LTS\lib\armv6m-ti-none-eabi\c\</path>
         <kind>archive</kind>
         <file>libc.a</file>
         <name>printf.c.obj</name>
      </input_file>
      <input_file id="fl-3f">
         <path>D:\ti\ccs\ccs\tools\compiler\ti-cgt-armllvm_4.0.4.LTS\lib\armv6m-ti-none-eabi\c\</path>
         <kind>archive</kind>
         <file>libc.a</file>
         <name>_printfi.c.obj</name>
      </input_file>
      <input_file id="fl-40">
         <path>D:\ti\ccs\ccs\tools\compiler\ti-cgt-armllvm_4.0.4.LTS\lib\armv6m-ti-none-eabi\c\</path>
         <kind>archive</kind>
         <file>libc.a</file>
         <name>vsnprintf.c.obj</name>
      </input_file>
      <input_file id="fl-41">
         <path>D:\ti\ccs\ccs\tools\compiler\ti-cgt-armllvm_4.0.4.LTS\lib\armv6m-ti-none-eabi\c\</path>
         <kind>archive</kind>
         <file>libc.a</file>
         <name>sscanf.c.obj</name>
      </input_file>
      <input_file id="fl-42">
         <path>D:\ti\ccs\ccs\tools\compiler\ti-cgt-armllvm_4.0.4.LTS\lib\armv6m-ti-none-eabi\c\</path>
         <kind>archive</kind>
         <file>libc.a</file>
         <name>aeabi_ctype.S.obj</name>
      </input_file>
      <input_file id="fl-43">
         <path>D:\ti\ccs\ccs\tools\compiler\ti-cgt-armllvm_4.0.4.LTS\lib\armv6m-ti-none-eabi\c\</path>
         <kind>archive</kind>
         <file>libc.a</file>
         <name>aeabi_portable.c.obj</name>
      </input_file>
      <input_file id="fl-44">
         <path>D:\ti\ccs\ccs\tools\compiler\ti-cgt-armllvm_4.0.4.LTS\lib\armv6m-ti-none-eabi\c\</path>
         <kind>archive</kind>
         <file>libc.a</file>
         <name>_lock.c.obj</name>
      </input_file>
      <input_file id="fl-45">
         <path>D:\ti\ccs\ccs\tools\compiler\ti-cgt-armllvm_4.0.4.LTS\lib\armv6m-ti-none-eabi\c\</path>
         <kind>archive</kind>
         <file>libc.a</file>
         <name>_ltoa.c.obj</name>
      </input_file>
      <input_file id="fl-46">
         <path>D:\ti\ccs\ccs\tools\compiler\ti-cgt-armllvm_4.0.4.LTS\lib\armv6m-ti-none-eabi\c\</path>
         <kind>archive</kind>
         <file>libc.a</file>
         <name>assert.c.obj</name>
      </input_file>
      <input_file id="fl-47">
         <path>D:\ti\ccs\ccs\tools\compiler\ti-cgt-armllvm_4.0.4.LTS\lib\armv6m-ti-none-eabi\c\</path>
         <kind>archive</kind>
         <file>libc.a</file>
         <name>atoi.c.obj</name>
      </input_file>
      <input_file id="fl-48">
         <path>D:\ti\ccs\ccs\tools\compiler\ti-cgt-armllvm_4.0.4.LTS\lib\armv6m-ti-none-eabi\c\</path>
         <kind>archive</kind>
         <file>libc.a</file>
         <name>defs.c.obj</name>
      </input_file>
      <input_file id="fl-49">
         <path>D:\ti\ccs\ccs\tools\compiler\ti-cgt-armllvm_4.0.4.LTS\lib\armv6m-ti-none-eabi\c\</path>
         <kind>archive</kind>
         <file>libc.a</file>
         <name>memccpy.c.obj</name>
      </input_file>
      <input_file id="fl-4a">
         <path>D:\ti\ccs\ccs\tools\compiler\ti-cgt-armllvm_4.0.4.LTS\lib\armv6m-ti-none-eabi\c\</path>
         <kind>archive</kind>
         <file>libc.a</file>
         <name>memory.c.obj</name>
      </input_file>
      <input_file id="fl-4b">
         <path>D:\ti\ccs\ccs\tools\compiler\ti-cgt-armllvm_4.0.4.LTS\lib\armv6m-ti-none-eabi\c\</path>
         <kind>archive</kind>
         <file>libc.a</file>
         <name>strtod.c.obj</name>
      </input_file>
      <input_file id="fl-4c">
         <path>D:\ti\ccs\ccs\tools\compiler\ti-cgt-armllvm_4.0.4.LTS\lib\armv6m-ti-none-eabi\c\</path>
         <kind>archive</kind>
         <file>libc.a</file>
         <name>boot_cortex_m.c.obj</name>
      </input_file>
      <input_file id="fl-4d">
         <path>D:\ti\ccs\ccs\tools\compiler\ti-cgt-armllvm_4.0.4.LTS\lib\armv6m-ti-none-eabi\c\</path>
         <kind>archive</kind>
         <file>libc.a</file>
         <name>mathacl_init.c.obj</name>
      </input_file>
      <input_file id="fl-4e">
         <path>D:\ti\ccs\ccs\tools\compiler\ti-cgt-armllvm_4.0.4.LTS\lib\armv6m-ti-none-eabi\c\</path>
         <kind>archive</kind>
         <file>libc.a</file>
         <name>autoinit.c.obj</name>
      </input_file>
      <input_file id="fl-4f">
         <path>D:\ti\ccs\ccs\tools\compiler\ti-cgt-armllvm_4.0.4.LTS\lib\armv6m-ti-none-eabi\c\</path>
         <kind>archive</kind>
         <file>libc.a</file>
         <name>pre_init.c.obj</name>
      </input_file>
      <input_file id="fl-50">
         <path>D:\ti\ccs\ccs\tools\compiler\ti-cgt-armllvm_4.0.4.LTS\lib\armv6m-ti-none-eabi\c\</path>
         <kind>archive</kind>
         <file>libc.a</file>
         <name>cpy_tbl.c.obj</name>
      </input_file>
      <input_file id="fl-51">
         <path>D:\ti\ccs\ccs\tools\compiler\ti-cgt-armllvm_4.0.4.LTS\lib\armv6m-ti-none-eabi\c\</path>
         <kind>archive</kind>
         <file>libc.a</file>
         <name>copy_zero_init.c.obj</name>
      </input_file>
      <input_file id="fl-52">
         <path>D:\ti\ccs\ccs\tools\compiler\ti-cgt-armllvm_4.0.4.LTS\lib\armv6m-ti-none-eabi\c\</path>
         <kind>archive</kind>
         <file>libc.a</file>
         <name>copy_decompress_none.c.obj</name>
      </input_file>
      <input_file id="fl-53">
         <path>D:\ti\ccs\ccs\tools\compiler\ti-cgt-armllvm_4.0.4.LTS\lib\armv6m-ti-none-eabi\c\</path>
         <kind>archive</kind>
         <file>libc.a</file>
         <name>copy_decompress_lzss.c.obj</name>
      </input_file>
      <input_file id="fl-54">
         <path>D:\ti\ccs\ccs\tools\compiler\ti-cgt-armllvm_4.0.4.LTS\lib\armv6m-ti-none-eabi\c\</path>
         <kind>archive</kind>
         <file>libc.a</file>
         <name>s_frexp.c.obj</name>
      </input_file>
      <input_file id="fl-55">
         <path>D:\ti\ccs\ccs\tools\compiler\ti-cgt-armllvm_4.0.4.LTS\lib\armv6m-ti-none-eabi\c\</path>
         <kind>archive</kind>
         <file>libc.a</file>
         <name>s_scalbn.c.obj</name>
      </input_file>
      <input_file id="fl-56">
         <path>D:\ti\ccs\ccs\tools\compiler\ti-cgt-armllvm_4.0.4.LTS\lib\armv6m-ti-none-eabi\c\</path>
         <kind>archive</kind>
         <file>libc.a</file>
         <name>wcslen.c.obj</name>
      </input_file>
      <input_file id="fl-57">
         <path>D:\ti\ccs\ccs\tools\compiler\ti-cgt-armllvm_4.0.4.LTS\lib\armv6m-ti-none-eabi\c\</path>
         <kind>archive</kind>
         <file>libc.a</file>
         <name>sprintf.c.obj</name>
      </input_file>
      <input_file id="fl-58">
         <path>D:\ti\ccs\ccs\tools\compiler\ti-cgt-armllvm_4.0.4.LTS\lib\armv6m-ti-none-eabi\c\</path>
         <kind>archive</kind>
         <file>libc.a</file>
         <name>_scanfi.c.obj</name>
      </input_file>
      <input_file id="fl-59">
         <path>D:\ti\ccs\ccs\tools\compiler\ti-cgt-armllvm_4.0.4.LTS\lib\armv6m-ti-none-eabi\c\</path>
         <kind>archive</kind>
         <file>libc.a</file>
         <name>fflush.c.obj</name>
      </input_file>
      <input_file id="fl-5a">
         <path>D:\ti\ccs\ccs\tools\compiler\ti-cgt-armllvm_4.0.4.LTS\lib\armv6m-ti-none-eabi\c\</path>
         <kind>archive</kind>
         <file>libc.a</file>
         <name>exit.c.obj</name>
      </input_file>
      <input_file id="fl-5b">
         <path>D:\ti\ccs\ccs\tools\compiler\ti-cgt-armllvm_4.0.4.LTS\lib\armv6m-ti-none-eabi\c\</path>
         <kind>archive</kind>
         <file>libc.a</file>
         <name>args_main.c.obj</name>
      </input_file>
      <input_file id="fl-5c">
         <path>D:\ti\ccs\ccs\tools\compiler\ti-cgt-armllvm_4.0.4.LTS\lib\armv6m-ti-none-eabi\c\</path>
         <kind>archive</kind>
         <file>libc.a</file>
         <name>strtol.c.obj</name>
      </input_file>
      <input_file id="fl-5d">
         <path>D:\ti\ccs\ccs\tools\compiler\ti-cgt-armllvm_4.0.4.LTS\lib\armv6m-ti-none-eabi\c\</path>
         <kind>archive</kind>
         <file>libc.a</file>
         <name>strtoll.c.obj</name>
      </input_file>
      <input_file id="fl-5e">
         <path>D:\ti\ccs\ccs\tools\compiler\ti-cgt-armllvm_4.0.4.LTS\lib\armv6m-ti-none-eabi\c\</path>
         <kind>archive</kind>
         <file>libc.a</file>
         <name>strtoul.c.obj</name>
      </input_file>
      <input_file id="fl-5f">
         <path>D:\ti\ccs\ccs\tools\compiler\ti-cgt-armllvm_4.0.4.LTS\lib\armv6m-ti-none-eabi\c\</path>
         <kind>archive</kind>
         <file>libc.a</file>
         <name>strtoull.c.obj</name>
      </input_file>
      <input_file id="fl-ff">
         <path>D:\ti\ccs\ccs\tools\compiler\ti-cgt-armllvm_4.0.4.LTS\lib\armv6m-ti-none-eabi\c\</path>
         <kind>archive</kind>
         <file>libsysbm.a</file>
         <name>hostexit.c.obj</name>
      </input_file>
      <input_file id="fl-100">
         <path>D:\ti\ccs\ccs\tools\compiler\ti-cgt-armllvm_4.0.4.LTS\lib\armv6m-ti-none-eabi\c\</path>
         <kind>archive</kind>
         <file>libsysbm.a</file>
         <name>write.c.obj</name>
      </input_file>
      <input_file id="fl-101">
         <path>D:\ti\ccs\ccs\tools\compiler\ti-cgt-armllvm_4.0.4.LTS\lib\armv6m-ti-none-eabi\c\</path>
         <kind>archive</kind>
         <file>libsysbm.a</file>
         <name>host_device.c.obj</name>
      </input_file>
      <input_file id="fl-102">
         <path>D:\ti\ccs\ccs\tools\compiler\ti-cgt-armllvm_4.0.4.LTS\lib\armv6m-ti-none-eabi\c\</path>
         <kind>archive</kind>
         <file>libsysbm.a</file>
         <name>hostclose.c.obj</name>
      </input_file>
      <input_file id="fl-103">
         <path>D:\ti\ccs\ccs\tools\compiler\ti-cgt-armllvm_4.0.4.LTS\lib\armv6m-ti-none-eabi\c\</path>
         <kind>archive</kind>
         <file>libsysbm.a</file>
         <name>hostlseek.c.obj</name>
      </input_file>
      <input_file id="fl-104">
         <path>D:\ti\ccs\ccs\tools\compiler\ti-cgt-armllvm_4.0.4.LTS\lib\armv6m-ti-none-eabi\c\</path>
         <kind>archive</kind>
         <file>libsysbm.a</file>
         <name>hostopen.c.obj</name>
      </input_file>
      <input_file id="fl-105">
         <path>D:\ti\ccs\ccs\tools\compiler\ti-cgt-armllvm_4.0.4.LTS\lib\armv6m-ti-none-eabi\c\</path>
         <kind>archive</kind>
         <file>libsysbm.a</file>
         <name>hostread.c.obj</name>
      </input_file>
      <input_file id="fl-106">
         <path>D:\ti\ccs\ccs\tools\compiler\ti-cgt-armllvm_4.0.4.LTS\lib\armv6m-ti-none-eabi\c\</path>
         <kind>archive</kind>
         <file>libsysbm.a</file>
         <name>hostrename.c.obj</name>
      </input_file>
      <input_file id="fl-107">
         <path>D:\ti\ccs\ccs\tools\compiler\ti-cgt-armllvm_4.0.4.LTS\lib\armv6m-ti-none-eabi\c\</path>
         <kind>archive</kind>
         <file>libsysbm.a</file>
         <name>hostunlink.c.obj</name>
      </input_file>
      <input_file id="fl-108">
         <path>D:\ti\ccs\ccs\tools\compiler\ti-cgt-armllvm_4.0.4.LTS\lib\armv6m-ti-none-eabi\c\</path>
         <kind>archive</kind>
         <file>libsysbm.a</file>
         <name>hostwrite.c.obj</name>
      </input_file>
      <input_file id="fl-109">
         <path>D:\ti\ccs\ccs\tools\compiler\ti-cgt-armllvm_4.0.4.LTS\lib\armv6m-ti-none-eabi\c\</path>
         <kind>archive</kind>
         <file>libsysbm.a</file>
         <name>trgmsg.c.obj</name>
      </input_file>
      <input_file id="fl-10a">
         <path>D:\ti\ccs\ccs\tools\compiler\ti-cgt-armllvm_4.0.4.LTS\lib\armv6m-ti-none-eabi\</path>
         <kind>archive</kind>
         <file>libclang_rt.builtins.a</file>
         <name>addsf3.S.obj</name>
      </input_file>
      <input_file id="fl-10b">
         <path>D:\ti\ccs\ccs\tools\compiler\ti-cgt-armllvm_4.0.4.LTS\lib\armv6m-ti-none-eabi\</path>
         <kind>archive</kind>
         <file>libclang_rt.builtins.a</file>
         <name>adddf3.S.obj</name>
      </input_file>
      <input_file id="fl-10c">
         <path>D:\ti\ccs\ccs\tools\compiler\ti-cgt-armllvm_4.0.4.LTS\lib\armv6m-ti-none-eabi\</path>
         <kind>archive</kind>
         <file>libclang_rt.builtins.a</file>
         <name>muldf3.S.obj</name>
      </input_file>
      <input_file id="fl-10d">
         <path>D:\ti\ccs\ccs\tools\compiler\ti-cgt-armllvm_4.0.4.LTS\lib\armv6m-ti-none-eabi\</path>
         <kind>archive</kind>
         <file>libclang_rt.builtins.a</file>
         <name>muldsi3.S.obj</name>
      </input_file>
      <input_file id="fl-10e">
         <path>D:\ti\ccs\ccs\tools\compiler\ti-cgt-armllvm_4.0.4.LTS\lib\armv6m-ti-none-eabi\</path>
         <kind>archive</kind>
         <file>libclang_rt.builtins.a</file>
         <name>mulsf3.S.obj</name>
      </input_file>
      <input_file id="fl-10f">
         <path>D:\ti\ccs\ccs\tools\compiler\ti-cgt-armllvm_4.0.4.LTS\lib\armv6m-ti-none-eabi\</path>
         <kind>archive</kind>
         <file>libclang_rt.builtins.a</file>
         <name>divsf3.S.obj</name>
      </input_file>
      <input_file id="fl-110">
         <path>D:\ti\ccs\ccs\tools\compiler\ti-cgt-armllvm_4.0.4.LTS\lib\armv6m-ti-none-eabi\</path>
         <kind>archive</kind>
         <file>libclang_rt.builtins.a</file>
         <name>divdf3.S.obj</name>
      </input_file>
      <input_file id="fl-111">
         <path>D:\ti\ccs\ccs\tools\compiler\ti-cgt-armllvm_4.0.4.LTS\lib\armv6m-ti-none-eabi\</path>
         <kind>archive</kind>
         <file>libclang_rt.builtins.a</file>
         <name>extendsfdf2.S.obj</name>
      </input_file>
      <input_file id="fl-112">
         <path>D:\ti\ccs\ccs\tools\compiler\ti-cgt-armllvm_4.0.4.LTS\lib\armv6m-ti-none-eabi\</path>
         <kind>archive</kind>
         <file>libclang_rt.builtins.a</file>
         <name>fixdfsi.S.obj</name>
      </input_file>
      <input_file id="fl-113">
         <path>D:\ti\ccs\ccs\tools\compiler\ti-cgt-armllvm_4.0.4.LTS\lib\armv6m-ti-none-eabi\</path>
         <kind>archive</kind>
         <file>libclang_rt.builtins.a</file>
         <name>fixsfsi.S.obj</name>
      </input_file>
      <input_file id="fl-114">
         <path>D:\ti\ccs\ccs\tools\compiler\ti-cgt-armllvm_4.0.4.LTS\lib\armv6m-ti-none-eabi\</path>
         <kind>archive</kind>
         <file>libclang_rt.builtins.a</file>
         <name>floatsidf.S.obj</name>
      </input_file>
      <input_file id="fl-115">
         <path>D:\ti\ccs\ccs\tools\compiler\ti-cgt-armllvm_4.0.4.LTS\lib\armv6m-ti-none-eabi\</path>
         <kind>archive</kind>
         <file>libclang_rt.builtins.a</file>
         <name>floatsisf.S.obj</name>
      </input_file>
      <input_file id="fl-116">
         <path>D:\ti\ccs\ccs\tools\compiler\ti-cgt-armllvm_4.0.4.LTS\lib\armv6m-ti-none-eabi\</path>
         <kind>archive</kind>
         <file>libclang_rt.builtins.a</file>
         <name>floatunsidf.S.obj</name>
      </input_file>
      <input_file id="fl-117">
         <path>D:\ti\ccs\ccs\tools\compiler\ti-cgt-armllvm_4.0.4.LTS\lib\armv6m-ti-none-eabi\</path>
         <kind>archive</kind>
         <file>libclang_rt.builtins.a</file>
         <name>muldi3.S.obj</name>
      </input_file>
      <input_file id="fl-118">
         <path>D:\ti\ccs\ccs\tools\compiler\ti-cgt-armllvm_4.0.4.LTS\lib\armv6m-ti-none-eabi\</path>
         <kind>archive</kind>
         <file>libclang_rt.builtins.a</file>
         <name>truncdfsf2.S.obj</name>
      </input_file>
      <input_file id="fl-119">
         <path>D:\ti\ccs\ccs\tools\compiler\ti-cgt-armllvm_4.0.4.LTS\lib\armv6m-ti-none-eabi\</path>
         <kind>archive</kind>
         <file>libclang_rt.builtins.a</file>
         <name>aeabi_dcmp.S.obj</name>
      </input_file>
      <input_file id="fl-11a">
         <path>D:\ti\ccs\ccs\tools\compiler\ti-cgt-armllvm_4.0.4.LTS\lib\armv6m-ti-none-eabi\</path>
         <kind>archive</kind>
         <file>libclang_rt.builtins.a</file>
         <name>aeabi_fcmp.S.obj</name>
      </input_file>
      <input_file id="fl-11b">
         <path>D:\ti\ccs\ccs\tools\compiler\ti-cgt-armllvm_4.0.4.LTS\lib\armv6m-ti-none-eabi\</path>
         <kind>archive</kind>
         <file>libclang_rt.builtins.a</file>
         <name>aeabi_idivmod.S.obj</name>
      </input_file>
      <input_file id="fl-11c">
         <path>D:\ti\ccs\ccs\tools\compiler\ti-cgt-armllvm_4.0.4.LTS\lib\armv6m-ti-none-eabi\</path>
         <kind>archive</kind>
         <file>libclang_rt.builtins.a</file>
         <name>aeabi_memcpy.S.obj</name>
      </input_file>
      <input_file id="fl-11d">
         <path>D:\ti\ccs\ccs\tools\compiler\ti-cgt-armllvm_4.0.4.LTS\lib\armv6m-ti-none-eabi\</path>
         <kind>archive</kind>
         <file>libclang_rt.builtins.a</file>
         <name>aeabi_memset.S.obj</name>
      </input_file>
      <input_file id="fl-11e">
         <path>D:\ti\ccs\ccs\tools\compiler\ti-cgt-armllvm_4.0.4.LTS\lib\armv6m-ti-none-eabi\</path>
         <kind>archive</kind>
         <file>libclang_rt.builtins.a</file>
         <name>aeabi_uidivmod.S.obj</name>
      </input_file>
      <input_file id="fl-11f">
         <path>D:\ti\ccs\ccs\tools\compiler\ti-cgt-armllvm_4.0.4.LTS\lib\armv6m-ti-none-eabi\</path>
         <kind>archive</kind>
         <file>libclang_rt.builtins.a</file>
         <name>aeabi_uldivmod.S.obj</name>
      </input_file>
      <input_file id="fl-120">
         <path>D:\ti\ccs\ccs\tools\compiler\ti-cgt-armllvm_4.0.4.LTS\lib\armv6m-ti-none-eabi\</path>
         <kind>archive</kind>
         <file>libclang_rt.builtins.a</file>
         <name>comparesf2.S.obj</name>
      </input_file>
      <input_file id="fl-121">
         <path>D:\ti\ccs\ccs\tools\compiler\ti-cgt-armllvm_4.0.4.LTS\lib\armv6m-ti-none-eabi\</path>
         <kind>archive</kind>
         <file>libclang_rt.builtins.a</file>
         <name>udivmoddi4.S.obj</name>
      </input_file>
      <input_file id="fl-122">
         <path>D:\ti\ccs\ccs\tools\compiler\ti-cgt-armllvm_4.0.4.LTS\lib\armv6m-ti-none-eabi\</path>
         <kind>archive</kind>
         <file>libclang_rt.builtins.a</file>
         <name>ashldi3.S.obj</name>
      </input_file>
      <input_file id="fl-123">
         <path>D:\ti\ccs\ccs\tools\compiler\ti-cgt-armllvm_4.0.4.LTS\lib\armv6m-ti-none-eabi\</path>
         <kind>archive</kind>
         <file>libclang_rt.builtins.a</file>
         <name>comparedf2.c.obj</name>
      </input_file>
      <input_file id="fl-124">
         <path>D:\ti\ccs\ccs\tools\compiler\ti-cgt-armllvm_4.0.4.LTS\lib\armv6m-ti-none-eabi\</path>
         <kind>archive</kind>
         <file>libclang_rt.builtins.a</file>
         <name>aeabi_div0.c.obj</name>
      </input_file>
      <input_file id="fl-125">
         <path>D:\ti\ccs\ccs\tools\compiler\ti-cgt-armllvm_4.0.4.LTS\lib\armv6m-ti-none-eabi\c\</path>
         <kind>archive</kind>
         <file>libc.a</file>
         <name>memcpy16.S.obj</name>
      </input_file>
      <input_file id="fl-126">
         <path>D:\ti\ccs\ccs\tools\compiler\ti-cgt-armllvm_4.0.4.LTS\lib\armv6m-ti-none-eabi\c\</path>
         <kind>archive</kind>
         <file>libc.a</file>
         <name>memset16.S.obj</name>
      </input_file>
   </input_file_list>
   <object_component_list>
      <object_component id="oc-18">
         <name>.intvecs</name>
         <load_address>0x0</load_address>
         <readonly>true</readonly>
         <run_address>0x0</run_address>
         <size>0xc0</size>
         <alignment>0x4</alignment>
         <input_file_ref idref="fl-2"/>
      </object_component>
      <object_component id="oc-250">
         <name>.text.__TI_scanfi</name>
         <load_address>0xc0</load_address>
         <readonly>true</readonly>
         <executable>true</executable>
         <run_address>0xc0</run_address>
         <size>0xbdc</size>
         <alignment>0x4</alignment>
         <input_file_ref idref="fl-58"/>
      </object_component>
      <object_component id="oc-285">
         <name>.text:__TI_printfi</name>
         <load_address>0xc9c</load_address>
         <readonly>true</readonly>
         <executable>true</executable>
         <run_address>0xc9c</run_address>
         <size>0x9d0</size>
         <alignment>0x4</alignment>
         <input_file_ref idref="fl-3f"/>
      </object_component>
      <object_component id="oc-d7">
         <name>.text.IMU_AHRSupdate</name>
         <load_address>0x166c</load_address>
         <readonly>true</readonly>
         <executable>true</executable>
         <run_address>0x166c</run_address>
         <size>0x55c</size>
         <alignment>0x4</alignment>
         <input_file_ref idref="fl-6"/>
      </object_component>
      <object_component id="oc-15f">
         <name>.text.calGyroVariance</name>
         <load_address>0x1bc8</load_address>
         <readonly>true</readonly>
         <executable>true</executable>
         <run_address>0x1bc8</run_address>
         <size>0x3e0</size>
         <alignment>0x4</alignment>
         <input_file_ref idref="fl-6"/>
      </object_component>
      <object_component id="oc-292">
         <name>.text.strtod</name>
         <load_address>0x1fa8</load_address>
         <readonly>true</readonly>
         <executable>true</executable>
         <run_address>0x1fa8</run_address>
         <size>0x3b8</size>
         <alignment>0x4</alignment>
         <input_file_ref idref="fl-4b"/>
      </object_component>
      <object_component id="oc-f0">
         <name>.text.asin</name>
         <load_address>0x2360</load_address>
         <readonly>true</readonly>
         <executable>true</executable>
         <run_address>0x2360</run_address>
         <size>0x364</size>
         <alignment>0x4</alignment>
         <input_file_ref idref="fl-3a"/>
      </object_component>
      <object_component id="oc-175">
         <name>.text.atan</name>
         <load_address>0x26c4</load_address>
         <readonly>true</readonly>
         <executable>true</executable>
         <run_address>0x26c4</run_address>
         <size>0x2f8</size>
         <alignment>0x4</alignment>
         <input_file_ref idref="fl-3d"/>
      </object_component>
      <object_component id="oc-223">
         <name>.text.SYSCFG_DL_SYSCTL_SYSPLL_init</name>
         <load_address>0x29bc</load_address>
         <readonly>true</readonly>
         <executable>true</executable>
         <run_address>0x29bc</run_address>
         <size>0x2a8</size>
         <alignment>0x4</alignment>
         <input_file_ref idref="fl-1"/>
      </object_component>
      <object_component id="oc-2ca">
         <name>.text._pconv_a</name>
         <load_address>0x2c64</load_address>
         <readonly>true</readonly>
         <executable>true</executable>
         <run_address>0x2c64</run_address>
         <size>0x220</size>
         <alignment>0x4</alignment>
         <input_file_ref idref="fl-3f"/>
      </object_component>
      <object_component id="oc-131">
         <name>.text.vofa_draw_graphical</name>
         <load_address>0x2e84</load_address>
         <readonly>true</readonly>
         <executable>true</executable>
         <run_address>0x2e84</run_address>
         <size>0x200</size>
         <alignment>0x4</alignment>
         <input_file_ref idref="fl-e"/>
      </object_component>
      <object_component id="oc-82">
         <name>.text.IMU_getYawPitchRoll</name>
         <load_address>0x3084</load_address>
         <readonly>true</readonly>
         <executable>true</executable>
         <run_address>0x3084</run_address>
         <size>0x1f4</size>
         <alignment>0x4</alignment>
         <input_file_ref idref="fl-6"/>
      </object_component>
      <object_component id="oc-2a5">
         <name>.text.strtoll</name>
         <load_address>0x3278</load_address>
         <readonly>true</readonly>
         <executable>true</executable>
         <run_address>0x3278</run_address>
         <size>0x1e0</size>
         <alignment>0x4</alignment>
         <input_file_ref idref="fl-5d"/>
      </object_component>
      <object_component id="oc-2cb">
         <name>.text._pconv_g</name>
         <load_address>0x3458</load_address>
         <readonly>true</readonly>
         <executable>true</executable>
         <run_address>0x3458</run_address>
         <size>0x1dc</size>
         <alignment>0x4</alignment>
         <input_file_ref idref="fl-3f"/>
      </object_component>
      <object_component id="oc-171">
         <name>.text.adddf3_subdf3</name>
         <load_address>0x3634</load_address>
         <readonly>true</readonly>
         <executable>true</executable>
         <run_address>0x3634</run_address>
         <size>0x192</size>
         <alignment>0x4</alignment>
         <input_file_ref idref="fl-10b"/>
      </object_component>
      <object_component id="oc-33">
         <name>.text.Default_Handler</name>
         <load_address>0x37c6</load_address>
         <readonly>true</readonly>
         <executable>true</executable>
         <run_address>0x37c6</run_address>
         <size>0x2</size>
         <alignment>0x2</alignment>
         <input_file_ref idref="fl-2"/>
      </object_component>
      <object_component id="oc-137">
         <name>.text.vofa_parse_packet</name>
         <load_address>0x37c8</load_address>
         <readonly>true</readonly>
         <executable>true</executable>
         <run_address>0x37c8</run_address>
         <size>0x190</size>
         <alignment>0x4</alignment>
         <input_file_ref idref="fl-e"/>
      </object_component>
      <object_component id="oc-1f6">
         <name>.text.I2C_ReadReg</name>
         <load_address>0x3958</load_address>
         <readonly>true</readonly>
         <executable>true</executable>
         <run_address>0x3958</run_address>
         <size>0x18c</size>
         <alignment>0x4</alignment>
         <input_file_ref idref="fl-5"/>
      </object_component>
      <object_component id="oc-e0">
         <name>.text.atan2</name>
         <load_address>0x3ae4</load_address>
         <readonly>true</readonly>
         <executable>true</executable>
         <run_address>0x3ae4</run_address>
         <size>0x188</size>
         <alignment>0x4</alignment>
         <input_file_ref idref="fl-3b"/>
      </object_component>
      <object_component id="oc-18c">
         <name>.text.sqrt</name>
         <load_address>0x3c6c</load_address>
         <readonly>true</readonly>
         <executable>true</executable>
         <run_address>0x3c6c</run_address>
         <size>0x170</size>
         <alignment>0x4</alignment>
         <input_file_ref idref="fl-3c"/>
      </object_component>
      <object_component id="oc-2a1">
         <name>.text.strtoull</name>
         <load_address>0x3ddc</load_address>
         <readonly>true</readonly>
         <executable>true</executable>
         <run_address>0x3ddc</run_address>
         <size>0x16c</size>
         <alignment>0x4</alignment>
         <input_file_ref idref="fl-5f"/>
      </object_component>
      <object_component id="oc-29d">
         <name>.text.strtol</name>
         <load_address>0x3f48</load_address>
         <readonly>true</readonly>
         <executable>true</executable>
         <run_address>0x3f48</run_address>
         <size>0x144</size>
         <alignment>0x4</alignment>
         <input_file_ref idref="fl-5c"/>
      </object_component>
      <object_component id="oc-30f">
         <name>.text.fcvt</name>
         <load_address>0x408c</load_address>
         <readonly>true</readonly>
         <executable>true</executable>
         <run_address>0x408c</run_address>
         <size>0x13c</size>
         <alignment>0x4</alignment>
         <input_file_ref idref="fl-3f"/>
      </object_component>
      <object_component id="oc-1a8">
         <name>.text.SYSCFG_DL_GPIO_init</name>
         <load_address>0x41c8</load_address>
         <readonly>true</readonly>
         <executable>true</executable>
         <run_address>0x41c8</run_address>
         <size>0x138</size>
         <alignment>0x4</alignment>
         <input_file_ref idref="fl-1"/>
      </object_component>
      <object_component id="oc-299">
         <name>.text.strtoul</name>
         <load_address>0x4300</load_address>
         <readonly>true</readonly>
         <executable>true</executable>
         <run_address>0x4300</run_address>
         <size>0x12c</size>
         <alignment>0x4</alignment>
         <input_file_ref idref="fl-5e"/>
      </object_component>
      <object_component id="oc-2cd">
         <name>.text._pconv_e</name>
         <load_address>0x442c</load_address>
         <readonly>true</readonly>
         <executable>true</executable>
         <run_address>0x442c</run_address>
         <size>0x120</size>
         <alignment>0x4</alignment>
         <input_file_ref idref="fl-3f"/>
      </object_component>
      <object_component id="oc-34">
         <name>.text.GROUP1_IRQHandler</name>
         <load_address>0x454c</load_address>
         <readonly>true</readonly>
         <executable>true</executable>
         <run_address>0x454c</run_address>
         <size>0x118</size>
         <alignment>0x4</alignment>
         <input_file_ref idref="fl-3"/>
      </object_component>
      <object_component id="oc-e8">
         <name>.text.__divdf3</name>
         <load_address>0x4664</load_address>
         <readonly>true</readonly>
         <executable>true</executable>
         <run_address>0x4664</run_address>
         <size>0x10c</size>
         <alignment>0x4</alignment>
         <input_file_ref idref="fl-110"/>
      </object_component>
      <object_component id="oc-227">
         <name>.text.DL_Timer_initFourCCPWMMode</name>
         <load_address>0x4770</load_address>
         <readonly>true</readonly>
         <executable>true</executable>
         <run_address>0x4770</run_address>
         <size>0x104</size>
         <alignment>0x4</alignment>
         <input_file_ref idref="fl-20"/>
      </object_component>
      <object_component id="oc-ba">
         <name>.text.main</name>
         <load_address>0x4874</load_address>
         <readonly>true</readonly>
         <executable>true</executable>
         <run_address>0x4874</run_address>
         <size>0x104</size>
         <alignment>0x4</alignment>
         <input_file_ref idref="fl-3"/>
      </object_component>
      <object_component id="oc-248">
         <name>.text.bsp_Icm42688RegCfg</name>
         <load_address>0x4978</load_address>
         <readonly>true</readonly>
         <executable>true</executable>
         <run_address>0x4978</run_address>
         <size>0x100</size>
         <alignment>0x4</alignment>
         <input_file_ref idref="fl-b"/>
      </object_component>
      <object_component id="oc-8b">
         <name>.text.calculate_speed</name>
         <load_address>0x4a78</load_address>
         <readonly>true</readonly>
         <executable>true</executable>
         <run_address>0x4a78</run_address>
         <size>0x100</size>
         <alignment>0x4</alignment>
         <input_file_ref idref="fl-c"/>
      </object_component>
      <object_component id="oc-22c">
         <name>.text.DL_Timer_initTimerMode</name>
         <load_address>0x4b78</load_address>
         <readonly>true</readonly>
         <executable>true</executable>
         <run_address>0x4b78</run_address>
         <size>0xfc</size>
         <alignment>0x4</alignment>
         <input_file_ref idref="fl-20"/>
      </object_component>
      <object_component id="oc-e4">
         <name>.text.__muldf3</name>
         <load_address>0x4c74</load_address>
         <readonly>true</readonly>
         <executable>true</executable>
         <run_address>0x4c74</run_address>
         <size>0xe4</size>
         <alignment>0x4</alignment>
         <input_file_ref idref="fl-10c"/>
      </object_component>
      <object_component id="oc-21d">
         <name>.text.DL_SYSCTL_configSYSPLL</name>
         <load_address>0x4d58</load_address>
         <readonly>true</readonly>
         <executable>true</executable>
         <run_address>0x4d58</run_address>
         <size>0xdc</size>
         <alignment>0x4</alignment>
         <input_file_ref idref="fl-23"/>
      </object_component>
      <object_component id="oc-ce">
         <name>.text.IMU_getValues</name>
         <load_address>0x4e34</load_address>
         <readonly>true</readonly>
         <executable>true</executable>
         <run_address>0x4e34</run_address>
         <size>0xdc</size>
         <alignment>0x4</alignment>
         <input_file_ref idref="fl-6"/>
      </object_component>
      <object_component id="oc-2d5">
         <name>.text.scalbn</name>
         <load_address>0x4f10</load_address>
         <readonly>true</readonly>
         <executable>true</executable>
         <run_address>0x4f10</run_address>
         <size>0xd8</size>
         <alignment>0x4</alignment>
         <input_file_ref idref="fl-55"/>
      </object_component>
      <object_component id="oc-d8">
         <name>.text</name>
         <load_address>0x4fe8</load_address>
         <readonly>true</readonly>
         <executable>true</executable>
         <run_address>0x4fe8</run_address>
         <size>0xd8</size>
         <alignment>0x4</alignment>
         <input_file_ref idref="fl-10a"/>
      </object_component>
      <object_component id="oc-45">
         <name>.text.I2C0_IRQHandler</name>
         <load_address>0x50c0</load_address>
         <readonly>true</readonly>
         <executable>true</executable>
         <run_address>0x50c0</run_address>
         <size>0xd4</size>
         <alignment>0x4</alignment>
         <input_file_ref idref="fl-5"/>
      </object_component>
      <object_component id="oc-96">
         <name>.text.Motor_SetDuty</name>
         <load_address>0x5194</load_address>
         <readonly>true</readonly>
         <executable>true</executable>
         <run_address>0x5194</run_address>
         <size>0xd0</size>
         <alignment>0x4</alignment>
         <input_file_ref idref="fl-c"/>
      </object_component>
      <object_component id="oc-159">
         <name>.text.bsp_IcmGetRawData</name>
         <load_address>0x5264</load_address>
         <readonly>true</readonly>
         <executable>true</executable>
         <run_address>0x5264</run_address>
         <size>0xb4</size>
         <alignment>0x4</alignment>
         <input_file_ref idref="fl-b"/>
      </object_component>
      <object_component id="oc-1a9">
         <name>.text.SYSCFG_DL_SYSCTL_init</name>
         <load_address>0x5318</load_address>
         <readonly>true</readonly>
         <executable>true</executable>
         <run_address>0x5318</run_address>
         <size>0xa8</size>
         <alignment>0x4</alignment>
         <input_file_ref idref="fl-1"/>
      </object_component>
      <object_component id="oc-27c">
         <name>.text.I2C_WriteReg</name>
         <load_address>0x53c0</load_address>
         <readonly>true</readonly>
         <executable>true</executable>
         <run_address>0x53c0</run_address>
         <size>0xa4</size>
         <alignment>0x4</alignment>
         <input_file_ref idref="fl-5"/>
      </object_component>
      <object_component id="oc-2f9">
         <name>.text</name>
         <load_address>0x5464</load_address>
         <readonly>true</readonly>
         <executable>true</executable>
         <run_address>0x5464</run_address>
         <size>0xa2</size>
         <alignment>0x4</alignment>
         <input_file_ref idref="fl-121"/>
      </object_component>
      <object_component id="oc-8c">
         <name>.text.PID_Update</name>
         <load_address>0x5506</load_address>
         <readonly>true</readonly>
         <executable>true</executable>
         <run_address>0x5506</run_address>
         <size>0x9c</size>
         <alignment>0x2</alignment>
         <input_file_ref idref="fl-8"/>
      </object_component>
      <object_component id="oc-117">
         <name>.text:memcpy</name>
         <load_address>0x55a2</load_address>
         <readonly>true</readonly>
         <executable>true</executable>
         <run_address>0x55a2</run_address>
         <size>0x9a</size>
         <alignment>0x1</alignment>
         <input_file_ref idref="fl-125"/>
      </object_component>
      <object_component id="oc-1a6">
         <name>.text.SYSCFG_DL_initPower</name>
         <load_address>0x563c</load_address>
         <readonly>true</readonly>
         <executable>true</executable>
         <run_address>0x563c</run_address>
         <size>0x94</size>
         <alignment>0x4</alignment>
         <input_file_ref idref="fl-1"/>
      </object_component>
      <object_component id="oc-1aa">
         <name>.text.SYSCFG_DL_PWM1_init</name>
         <load_address>0x56d0</load_address>
         <readonly>true</readonly>
         <executable>true</executable>
         <run_address>0x56d0</run_address>
         <size>0x8c</size>
         <alignment>0x4</alignment>
         <input_file_ref idref="fl-1"/>
      </object_component>
      <object_component id="oc-cf">
         <name>.text.__mulsf3</name>
         <load_address>0x575c</load_address>
         <readonly>true</readonly>
         <executable>true</executable>
         <run_address>0x575c</run_address>
         <size>0x8c</size>
         <alignment>0x4</alignment>
         <input_file_ref idref="fl-10e"/>
      </object_component>
      <object_component id="oc-40">
         <name>.text.TIMA0_IRQHandler</name>
         <load_address>0x57e8</load_address>
         <readonly>true</readonly>
         <executable>true</executable>
         <run_address>0x57e8</run_address>
         <size>0x84</size>
         <alignment>0x4</alignment>
         <input_file_ref idref="fl-c"/>
      </object_component>
      <object_component id="oc-d3">
         <name>.text.__divsf3</name>
         <load_address>0x586c</load_address>
         <readonly>true</readonly>
         <executable>true</executable>
         <run_address>0x586c</run_address>
         <size>0x82</size>
         <alignment>0x4</alignment>
         <input_file_ref idref="fl-10f"/>
      </object_component>
      <object_component id="oc-c8">
         <name>.text.__aeabi_idiv0</name>
         <load_address>0x58ee</load_address>
         <readonly>true</readonly>
         <executable>true</executable>
         <run_address>0x58ee</run_address>
         <size>0x2</size>
         <alignment>0x2</alignment>
         <input_file_ref idref="fl-124"/>
      </object_component>
      <object_component id="oc-1c">
         <name>.text:decompress:lzss</name>
         <load_address>0x58f0</load_address>
         <readonly>true</readonly>
         <executable>true</executable>
         <run_address>0x58f0</run_address>
         <size>0x7c</size>
         <alignment>0x4</alignment>
         <input_file_ref idref="fl-53"/>
      </object_component>
      <object_component id="oc-126">
         <name>.text.Motor_Init</name>
         <load_address>0x596c</load_address>
         <readonly>true</readonly>
         <executable>true</executable>
         <run_address>0x596c</run_address>
         <size>0x78</size>
         <alignment>0x4</alignment>
         <input_file_ref idref="fl-c"/>
      </object_component>
      <object_component id="oc-130">
         <name>.text.PID_Position</name>
         <load_address>0x59e4</load_address>
         <readonly>true</readonly>
         <executable>true</executable>
         <run_address>0x59e4</run_address>
         <size>0x76</size>
         <alignment>0x2</alignment>
         <input_file_ref idref="fl-8"/>
      </object_component>
      <object_component id="oc-316">
         <name>.text.__aeabi_ldiv0</name>
         <load_address>0x5a5a</load_address>
         <readonly>true</readonly>
         <executable>true</executable>
         <run_address>0x5a5a</run_address>
         <size>0x2</size>
         <alignment>0x2</alignment>
         <input_file_ref idref="fl-124"/>
      </object_component>
      <object_component id="oc-216">
         <name>.text.__gedf2</name>
         <load_address>0x5a5c</load_address>
         <readonly>true</readonly>
         <executable>true</executable>
         <run_address>0x5a5c</run_address>
         <size>0x74</size>
         <alignment>0x4</alignment>
         <input_file_ref idref="fl-123"/>
      </object_component>
      <object_component id="oc-ec">
         <name>.text.__truncdfsf2</name>
         <load_address>0x5ad0</load_address>
         <readonly>true</readonly>
         <executable>true</executable>
         <run_address>0x5ad0</run_address>
         <size>0x74</size>
         <alignment>0x10</alignment>
         <input_file_ref idref="fl-118"/>
      </object_component>
      <object_component id="oc-258">
         <name>.text._chkmbc</name>
         <load_address>0x5b44</load_address>
         <readonly>true</readonly>
         <executable>true</executable>
         <run_address>0x5b44</run_address>
         <size>0x74</size>
         <alignment>0x4</alignment>
         <input_file_ref idref="fl-41"/>
      </object_component>
      <object_component id="oc-1af">
         <name>.text.SYSCFG_DL_Serial_init</name>
         <load_address>0x5bb8</load_address>
         <readonly>true</readonly>
         <executable>true</executable>
         <run_address>0x5bb8</run_address>
         <size>0x70</size>
         <alignment>0x4</alignment>
         <input_file_ref idref="fl-1"/>
      </object_component>
      <object_component id="oc-210">
         <name>.text.__ledf2</name>
         <load_address>0x5c28</load_address>
         <readonly>true</readonly>
         <executable>true</executable>
         <run_address>0x5c28</run_address>
         <size>0x68</size>
         <alignment>0x4</alignment>
         <input_file_ref idref="fl-123"/>
      </object_component>
      <object_component id="oc-30e">
         <name>.text._mcpy</name>
         <load_address>0x5c90</load_address>
         <readonly>true</readonly>
         <executable>true</executable>
         <run_address>0x5c90</run_address>
         <size>0x66</size>
         <alignment>0x2</alignment>
         <input_file_ref idref="fl-3f"/>
      </object_component>
      <object_component id="oc-25d">
         <name>.text._nop</name>
         <load_address>0x5cf6</load_address>
         <readonly>true</readonly>
         <executable>true</executable>
         <run_address>0x5cf6</run_address>
         <size>0x2</size>
         <alignment>0x2</alignment>
         <input_file_ref idref="fl-44"/>
      </object_component>
      <object_component id="oc-1b1">
         <name>.text.SYSCFG_DL_ADC12_0_init</name>
         <load_address>0x5cf8</load_address>
         <readonly>true</readonly>
         <executable>true</executable>
         <run_address>0x5cf8</run_address>
         <size>0x64</size>
         <alignment>0x4</alignment>
         <input_file_ref idref="fl-1"/>
      </object_component>
      <object_component id="oc-129">
         <name>.text.Serial_Printf</name>
         <load_address>0x5d5c</load_address>
         <readonly>true</readonly>
         <executable>true</executable>
         <run_address>0x5d5c</run_address>
         <size>0x64</size>
         <alignment>0x4</alignment>
         <input_file_ref idref="fl-9"/>
      </object_component>
      <object_component id="oc-39">
         <name>.text.UART0_IRQHandler</name>
         <load_address>0x5dc0</load_address>
         <readonly>true</readonly>
         <executable>true</executable>
         <run_address>0x5dc0</run_address>
         <size>0x64</size>
         <alignment>0x4</alignment>
         <input_file_ref idref="fl-9"/>
      </object_component>
      <object_component id="oc-186">
         <name>.text.__aeabi_dcmp</name>
         <load_address>0x5e24</load_address>
         <readonly>true</readonly>
         <executable>true</executable>
         <run_address>0x5e24</run_address>
         <size>0x62</size>
         <alignment>0x4</alignment>
         <input_file_ref idref="fl-119"/>
      </object_component>
      <object_component id="oc-101">
         <name>.text.__aeabi_fcmp</name>
         <load_address>0x5e88</load_address>
         <readonly>true</readonly>
         <executable>true</executable>
         <run_address>0x5e88</run_address>
         <size>0x62</size>
         <alignment>0x4</alignment>
         <input_file_ref idref="fl-11a"/>
      </object_component>
      <object_component id="oc-1a5">
         <name>.text:memset</name>
         <load_address>0x5eea</load_address>
         <readonly>true</readonly>
         <executable>true</executable>
         <run_address>0x5eea</run_address>
         <size>0x62</size>
         <alignment>0x1</alignment>
         <input_file_ref idref="fl-126"/>
      </object_component>
      <object_component id="oc-1ad">
         <name>.text.SYSCFG_DL_OLED_init</name>
         <load_address>0x5f4c</load_address>
         <readonly>true</readonly>
         <executable>true</executable>
         <run_address>0x5f4c</run_address>
         <size>0x60</size>
         <alignment>0x4</alignment>
         <input_file_ref idref="fl-1"/>
      </object_component>
      <object_component id="oc-9e">
         <name>.text.DL_I2C_fillControllerTXFIFO</name>
         <load_address>0x5fac</load_address>
         <readonly>true</readonly>
         <executable>true</executable>
         <run_address>0x5fac</run_address>
         <size>0x5e</size>
         <alignment>0x2</alignment>
         <input_file_ref idref="fl-1f"/>
      </object_component>
      <object_component id="oc-2fe">
         <name>.text.frexp</name>
         <load_address>0x600c</load_address>
         <readonly>true</readonly>
         <executable>true</executable>
         <run_address>0x600c</run_address>
         <size>0x5c</size>
         <alignment>0x4</alignment>
         <input_file_ref idref="fl-54"/>
      </object_component>
      <object_component id="oc-276">
         <name>.text.printf</name>
         <load_address>0x6068</load_address>
         <readonly>true</readonly>
         <executable>true</executable>
         <run_address>0x6068</run_address>
         <size>0x5c</size>
         <alignment>0x4</alignment>
         <input_file_ref idref="fl-3e"/>
      </object_component>
      <object_component id="oc-127">
         <name>.text.IMU_init</name>
         <load_address>0x60c4</load_address>
         <readonly>true</readonly>
         <executable>true</executable>
         <run_address>0x60c4</run_address>
         <size>0x58</size>
         <alignment>0x4</alignment>
         <input_file_ref idref="fl-6"/>
      </object_component>
      <object_component id="oc-1ae">
         <name>.text.SYSCFG_DL_I2C_0_init</name>
         <load_address>0x611c</load_address>
         <readonly>true</readonly>
         <executable>true</executable>
         <run_address>0x611c</run_address>
         <size>0x58</size>
         <alignment>0x4</alignment>
         <input_file_ref idref="fl-1"/>
      </object_component>
      <object_component id="oc-306">
         <name>.text.__TI_ltoa</name>
         <load_address>0x6174</load_address>
         <readonly>true</readonly>
         <executable>true</executable>
         <run_address>0x6174</run_address>
         <size>0x58</size>
         <alignment>0x2</alignment>
         <input_file_ref idref="fl-45"/>
      </object_component>
      <object_component id="oc-2cc">
         <name>.text._pconv_f</name>
         <load_address>0x61cc</load_address>
         <readonly>true</readonly>
         <executable>true</executable>
         <run_address>0x61cc</run_address>
         <size>0x58</size>
         <alignment>0x2</alignment>
         <input_file_ref idref="fl-3f"/>
      </object_component>
      <object_component id="oc-320">
         <name>.text.__aeabi_idivmod</name>
         <load_address>0x6224</load_address>
         <readonly>true</readonly>
         <executable>true</executable>
         <run_address>0x6224</run_address>
         <size>0x56</size>
         <alignment>0x4</alignment>
         <input_file_ref idref="fl-11b"/>
      </object_component>
      <object_component id="oc-30c">
         <name>.text._ecpy</name>
         <load_address>0x627a</load_address>
         <readonly>true</readonly>
         <executable>true</executable>
         <run_address>0x627a</run_address>
         <size>0x52</size>
         <alignment>0x2</alignment>
         <input_file_ref idref="fl-3f"/>
      </object_component>
      <object_component id="oc-11c">
         <name>.text.SYSCFG_DL_init</name>
         <load_address>0x62cc</load_address>
         <readonly>true</readonly>
         <executable>true</executable>
         <run_address>0x62cc</run_address>
         <size>0x50</size>
         <alignment>0x4</alignment>
         <input_file_ref idref="fl-1"/>
      </object_component>
      <object_component id="oc-2f0">
         <name>.text.fputs</name>
         <load_address>0x631c</load_address>
         <readonly>true</readonly>
         <executable>true</executable>
         <run_address>0x631c</run_address>
         <size>0x50</size>
         <alignment>0x4</alignment>
         <input_file_ref idref="fl-3"/>
      </object_component>
      <object_component id="oc-271">
         <name>.text.DL_DMA_initChannel</name>
         <load_address>0x636c</load_address>
         <readonly>true</readonly>
         <executable>true</executable>
         <run_address>0x636c</run_address>
         <size>0x4c</size>
         <alignment>0x4</alignment>
         <input_file_ref idref="fl-1e"/>
      </object_component>
      <object_component id="oc-1b0">
         <name>.text.SYSCFG_DL_POT_init</name>
         <load_address>0x63b8</load_address>
         <readonly>true</readonly>
         <executable>true</executable>
         <run_address>0x63b8</run_address>
         <size>0x4c</size>
         <alignment>0x4</alignment>
         <input_file_ref idref="fl-1"/>
      </object_component>
      <object_component id="oc-302">
         <name>.text.__fixdfsi</name>
         <load_address>0x6404</load_address>
         <readonly>true</readonly>
         <executable>true</executable>
         <run_address>0x6404</run_address>
         <size>0x4a</size>
         <alignment>0x4</alignment>
         <input_file_ref idref="fl-112"/>
      </object_component>
      <object_component id="oc-235">
         <name>.text.DL_UART_init</name>
         <load_address>0x6450</load_address>
         <readonly>true</readonly>
         <executable>true</executable>
         <run_address>0x6450</run_address>
         <size>0x48</size>
         <alignment>0x4</alignment>
         <input_file_ref idref="fl-21"/>
      </object_component>
      <object_component id="oc-224">
         <name>.text.DL_SYSCTL_switchMCLKfromSYSOSCtoHSCLK</name>
         <load_address>0x6498</load_address>
         <readonly>true</readonly>
         <executable>true</executable>
         <run_address>0x6498</run_address>
         <size>0x44</size>
         <alignment>0x4</alignment>
         <input_file_ref idref="fl-23"/>
      </object_component>
      <object_component id="oc-238">
         <name>.text.DL_ADC12_setClockConfig</name>
         <load_address>0x64dc</load_address>
         <readonly>true</readonly>
         <executable>true</executable>
         <run_address>0x64dc</run_address>
         <size>0x40</size>
         <alignment>0x4</alignment>
         <input_file_ref idref="fl-1c"/>
      </object_component>
      <object_component id="oc-73">
         <name>.text.__aeabi_uidivmod</name>
         <load_address>0x651c</load_address>
         <readonly>true</readonly>
         <executable>true</executable>
         <run_address>0x651c</run_address>
         <size>0x40</size>
         <alignment>0x4</alignment>
         <input_file_ref idref="fl-11e"/>
      </object_component>
      <object_component id="oc-dc">
         <name>.text.__extendsfdf2</name>
         <load_address>0x655c</load_address>
         <readonly>true</readonly>
         <executable>true</executable>
         <run_address>0x655c</run_address>
         <size>0x40</size>
         <alignment>0x4</alignment>
         <input_file_ref idref="fl-111"/>
      </object_component>
      <object_component id="oc-288">
         <name>.text.atoi</name>
         <load_address>0x659c</load_address>
         <readonly>true</readonly>
         <executable>true</executable>
         <run_address>0x659c</run_address>
         <size>0x40</size>
         <alignment>0x4</alignment>
         <input_file_ref idref="fl-47"/>
      </object_component>
      <object_component id="oc-1be">
         <name>.text.vsnprintf</name>
         <load_address>0x65dc</load_address>
         <readonly>true</readonly>
         <executable>true</executable>
         <run_address>0x65dc</run_address>
         <size>0x40</size>
         <alignment>0x4</alignment>
         <input_file_ref idref="fl-40"/>
      </object_component>
      <object_component id="oc-266">
         <name>.text.DL_I2C_flushControllerTXFIFO</name>
         <load_address>0x661c</load_address>
         <readonly>true</readonly>
         <executable>true</executable>
         <run_address>0x661c</run_address>
         <size>0x3c</size>
         <alignment>0x4</alignment>
         <input_file_ref idref="fl-1f"/>
      </object_component>
      <object_component id="oc-1ab">
         <name>.text.SYSCFG_DL_MOTOR_PID_init</name>
         <load_address>0x6658</load_address>
         <readonly>true</readonly>
         <executable>true</executable>
         <run_address>0x6658</run_address>
         <size>0x3c</size>
         <alignment>0x4</alignment>
         <input_file_ref idref="fl-1"/>
      </object_component>
      <object_component id="oc-fd">
         <name>.text.__floatsisf</name>
         <load_address>0x6694</load_address>
         <readonly>true</readonly>
         <executable>true</executable>
         <run_address>0x6694</run_address>
         <size>0x3c</size>
         <alignment>0x4</alignment>
         <input_file_ref idref="fl-115"/>
      </object_component>
      <object_component id="oc-19b">
         <name>.text.__gtsf2</name>
         <load_address>0x66d0</load_address>
         <readonly>true</readonly>
         <executable>true</executable>
         <run_address>0x66d0</run_address>
         <size>0x3c</size>
         <alignment>0x4</alignment>
         <input_file_ref idref="fl-120"/>
      </object_component>
      <object_component id="oc-144">
         <name>.text:__TI_auto_init_nobinit_nopinit</name>
         <load_address>0x670c</load_address>
         <readonly>true</readonly>
         <executable>true</executable>
         <run_address>0x670c</run_address>
         <size>0x3c</size>
         <alignment>0x4</alignment>
         <input_file_ref idref="fl-4e"/>
      </object_component>
      <object_component id="oc-196">
         <name>.text.__eqsf2</name>
         <load_address>0x6748</load_address>
         <readonly>true</readonly>
         <executable>true</executable>
         <run_address>0x6748</run_address>
         <size>0x3a</size>
         <alignment>0x4</alignment>
         <input_file_ref idref="fl-120"/>
      </object_component>
      <object_component id="oc-166">
         <name>.text.__muldsi3</name>
         <load_address>0x6784</load_address>
         <readonly>true</readonly>
         <executable>true</executable>
         <run_address>0x6784</run_address>
         <size>0x3a</size>
         <alignment>0x4</alignment>
         <input_file_ref idref="fl-10d"/>
      </object_component>
      <object_component id="oc-1ac">
         <name>.text.SYSCFG_DL_TIMER_0_init</name>
         <load_address>0x67c0</load_address>
         <readonly>true</readonly>
         <executable>true</executable>
         <run_address>0x67c0</run_address>
         <size>0x38</size>
         <alignment>0x4</alignment>
         <input_file_ref idref="fl-1"/>
      </object_component>
      <object_component id="oc-92">
         <name>.text.__fixsfsi</name>
         <load_address>0x67f8</load_address>
         <readonly>true</readonly>
         <executable>true</executable>
         <run_address>0x67f8</run_address>
         <size>0x38</size>
         <alignment>0x4</alignment>
         <input_file_ref idref="fl-113"/>
      </object_component>
      <object_component id="oc-1c4">
         <name>.text.DL_UART_transmitDataBlocking</name>
         <load_address>0x6830</load_address>
         <readonly>true</readonly>
         <executable>true</executable>
         <run_address>0x6830</run_address>
         <size>0x30</size>
         <alignment>0x4</alignment>
         <input_file_ref idref="fl-21"/>
      </object_component>
      <object_component id="oc-30d">
         <name>.text._fcpy</name>
         <load_address>0x6860</load_address>
         <readonly>true</readonly>
         <executable>true</executable>
         <run_address>0x6860</run_address>
         <size>0x30</size>
         <alignment>0x2</alignment>
         <input_file_ref idref="fl-3f"/>
      </object_component>
      <object_component id="oc-24a">
         <name>.text._outs</name>
         <load_address>0x6890</load_address>
         <readonly>true</readonly>
         <executable>true</executable>
         <run_address>0x6890</run_address>
         <size>0x30</size>
         <alignment>0x2</alignment>
         <input_file_ref idref="fl-40"/>
      </object_component>
      <object_component id="oc-1d1">
         <name>.text.sscanf</name>
         <load_address>0x68c0</load_address>
         <readonly>true</readonly>
         <executable>true</executable>
         <run_address>0x68c0</run_address>
         <size>0x30</size>
         <alignment>0x4</alignment>
         <input_file_ref idref="fl-41"/>
      </object_component>
      <object_component id="oc-3f">
         <name>.text.TIMG6_IRQHandler</name>
         <load_address>0x68f0</load_address>
         <readonly>true</readonly>
         <executable>true</executable>
         <run_address>0x68f0</run_address>
         <size>0x2c</size>
         <alignment>0x4</alignment>
         <input_file_ref idref="fl-3"/>
      </object_component>
      <object_component id="oc-1bd">
         <name>.text.__NVIC_ClearPendingIRQ</name>
         <load_address>0x691c</load_address>
         <readonly>true</readonly>
         <executable>true</executable>
         <run_address>0x691c</run_address>
         <size>0x2c</size>
         <alignment>0x4</alignment>
         <input_file_ref idref="fl-3"/>
      </object_component>
      <object_component id="oc-125">
         <name>.text.__NVIC_EnableIRQ</name>
         <load_address>0x6948</load_address>
         <readonly>true</readonly>
         <executable>true</executable>
         <run_address>0x6948</run_address>
         <size>0x2c</size>
         <alignment>0x4</alignment>
         <input_file_ref idref="fl-3"/>
      </object_component>
      <object_component id="oc-1b9">
         <name>.text.__NVIC_EnableIRQ</name>
         <load_address>0x6974</load_address>
         <readonly>true</readonly>
         <executable>true</executable>
         <run_address>0x6974</run_address>
         <size>0x2c</size>
         <alignment>0x4</alignment>
         <input_file_ref idref="fl-c"/>
      </object_component>
      <object_component id="oc-1fb">
         <name>.text.__floatsidf</name>
         <load_address>0x69a0</load_address>
         <readonly>true</readonly>
         <executable>true</executable>
         <run_address>0x69a0</run_address>
         <size>0x2c</size>
         <alignment>0x4</alignment>
         <input_file_ref idref="fl-114"/>
      </object_component>
      <object_component id="oc-2f1">
         <name>.text.fputc</name>
         <load_address>0x69cc</load_address>
         <readonly>true</readonly>
         <executable>true</executable>
         <run_address>0x69cc</run_address>
         <size>0x2c</size>
         <alignment>0x4</alignment>
         <input_file_ref idref="fl-3"/>
      </object_component>
      <object_component id="oc-122">
         <name>.text.DL_DMA_setDestAddr</name>
         <load_address>0x69f8</load_address>
         <readonly>true</readonly>
         <executable>true</executable>
         <run_address>0x69f8</run_address>
         <size>0x28</size>
         <alignment>0x4</alignment>
         <input_file_ref idref="fl-3"/>
      </object_component>
      <object_component id="oc-121">
         <name>.text.DL_DMA_setSrcAddr</name>
         <load_address>0x6a20</load_address>
         <readonly>true</readonly>
         <executable>true</executable>
         <run_address>0x6a20</run_address>
         <size>0x28</size>
         <alignment>0x4</alignment>
         <input_file_ref idref="fl-3"/>
      </object_component>
      <object_component id="oc-66">
         <name>.text:_c_int00_noargs</name>
         <load_address>0x6a48</load_address>
         <readonly>true</readonly>
         <executable>true</executable>
         <run_address>0x6a48</run_address>
         <size>0x28</size>
         <alignment>0x4</alignment>
         <input_file_ref idref="fl-4c"/>
      </object_component>
      <object_component id="oc-123">
         <name>.text.DL_DMA_enableChannel</name>
         <load_address>0x6a70</load_address>
         <readonly>true</readonly>
         <executable>true</executable>
         <run_address>0x6a70</run_address>
         <size>0x26</size>
         <alignment>0x2</alignment>
         <input_file_ref idref="fl-3"/>
      </object_component>
      <object_component id="oc-231">
         <name>.text.DL_I2C_setClockConfig</name>
         <load_address>0x6a96</load_address>
         <readonly>true</readonly>
         <executable>true</executable>
         <run_address>0x6a96</run_address>
         <size>0x26</size>
         <alignment>0x2</alignment>
         <input_file_ref idref="fl-1f"/>
      </object_component>
      <object_component id="oc-2c1">
         <name>.text.__muldi3</name>
         <load_address>0x6abc</load_address>
         <readonly>true</readonly>
         <executable>true</executable>
         <run_address>0x6abc</run_address>
         <size>0x24</size>
         <alignment>0x4</alignment>
         <input_file_ref idref="fl-117"/>
      </object_component>
      <object_component id="oc-240">
         <name>.text.DL_VREF_configReference</name>
         <load_address>0x6ae0</load_address>
         <readonly>true</readonly>
         <executable>true</executable>
         <run_address>0x6ae0</run_address>
         <size>0x22</size>
         <alignment>0x2</alignment>
         <input_file_ref idref="fl-22"/>
      </object_component>
      <object_component id="oc-2b6">
         <name>.text.memccpy</name>
         <load_address>0x6b02</load_address>
         <readonly>true</readonly>
         <executable>true</executable>
         <run_address>0x6b02</run_address>
         <size>0x22</size>
         <alignment>0x2</alignment>
         <input_file_ref idref="fl-49"/>
      </object_component>
      <object_component id="oc-247">
         <name>.text.SYSCFG_DL_DMA_CH0_init</name>
         <load_address>0x6b24</load_address>
         <readonly>true</readonly>
         <executable>true</executable>
         <run_address>0x6b24</run_address>
         <size>0x20</size>
         <alignment>0x4</alignment>
         <input_file_ref idref="fl-1"/>
      </object_component>
      <object_component id="oc-317">
         <name>.text.__ashldi3</name>
         <load_address>0x6b44</load_address>
         <readonly>true</readonly>
         <executable>true</executable>
         <run_address>0x6b44</run_address>
         <size>0x1e</size>
         <alignment>0x4</alignment>
         <input_file_ref idref="fl-122"/>
      </object_component>
      <object_component id="oc-124">
         <name>.text.DL_ADC12_startConversion</name>
         <load_address>0x6b64</load_address>
         <readonly>true</readonly>
         <executable>true</executable>
         <run_address>0x6b64</run_address>
         <size>0x1c</size>
         <alignment>0x4</alignment>
         <input_file_ref idref="fl-3"/>
      </object_component>
      <object_component id="oc-26c">
         <name>.text.DL_SYSCTL_configFCC</name>
         <load_address>0x6b80</load_address>
         <readonly>true</readonly>
         <executable>true</executable>
         <run_address>0x6b80</run_address>
         <size>0x1c</size>
         <alignment>0x4</alignment>
         <input_file_ref idref="fl-23"/>
      </object_component>
      <object_component id="oc-229">
         <name>.text.DL_Timer_setCaptCompUpdateMethod</name>
         <load_address>0x6b9c</load_address>
         <readonly>true</readonly>
         <executable>true</executable>
         <run_address>0x6b9c</run_address>
         <size>0x1c</size>
         <alignment>0x4</alignment>
         <input_file_ref idref="fl-20"/>
      </object_component>
      <object_component id="oc-226">
         <name>.text.DL_Timer_setClockConfig</name>
         <load_address>0x6bb8</load_address>
         <readonly>true</readonly>
         <executable>true</executable>
         <run_address>0x6bb8</run_address>
         <size>0x1c</size>
         <alignment>0x4</alignment>
         <input_file_ref idref="fl-20"/>
      </object_component>
      <object_component id="oc-109">
         <name>.text.DL_GPIO_setPins</name>
         <load_address>0x6bd4</load_address>
         <readonly>true</readonly>
         <executable>true</executable>
         <run_address>0x6bd4</run_address>
         <size>0x18</size>
         <alignment>0x4</alignment>
         <input_file_ref idref="fl-c"/>
      </object_component>
      <object_component id="oc-228">
         <name>.text.DL_Timer_setCaptureCompareOutCtl</name>
         <load_address>0x6bec</load_address>
         <readonly>true</readonly>
         <executable>true</executable>
         <run_address>0x6bec</run_address>
         <size>0x18</size>
         <alignment>0x4</alignment>
         <input_file_ref idref="fl-20"/>
      </object_component>
      <object_component id="oc-1b8">
         <name>.text.DL_Timer_startCounter</name>
         <load_address>0x6c04</load_address>
         <readonly>true</readonly>
         <executable>true</executable>
         <run_address>0x6c04</run_address>
         <size>0x18</size>
         <alignment>0x4</alignment>
         <input_file_ref idref="fl-c"/>
      </object_component>
      <object_component id="oc-314">
         <name>.text.DL_UART_isBusy</name>
         <load_address>0x6c1c</load_address>
         <readonly>true</readonly>
         <executable>true</executable>
         <run_address>0x6c1c</run_address>
         <size>0x18</size>
         <alignment>0x4</alignment>
         <input_file_ref idref="fl-3"/>
      </object_component>
      <object_component id="oc-24b">
         <name>.text._outc</name>
         <load_address>0x6c34</load_address>
         <readonly>true</readonly>
         <executable>true</executable>
         <run_address>0x6c34</run_address>
         <size>0x18</size>
         <alignment>0x2</alignment>
         <input_file_ref idref="fl-40"/>
      </object_component>
      <object_component id="oc-6e">
         <name>.text.DL_GPIO_readPins</name>
         <load_address>0x6c4c</load_address>
         <readonly>true</readonly>
         <executable>true</executable>
         <run_address>0x6c4c</run_address>
         <size>0x16</size>
         <alignment>0x2</alignment>
         <input_file_ref idref="fl-3"/>
      </object_component>
      <object_component id="oc-315">
         <name>.text.DL_UART_transmitData</name>
         <load_address>0x6c62</load_address>
         <readonly>true</readonly>
         <executable>true</executable>
         <run_address>0x6c62</run_address>
         <size>0x16</size>
         <alignment>0x2</alignment>
         <input_file_ref idref="fl-3"/>
      </object_component>
      <object_component id="oc-128">
         <name>.text.TimeA1_Init</name>
         <load_address>0x6c78</load_address>
         <readonly>true</readonly>
         <executable>true</executable>
         <run_address>0x6c78</run_address>
         <size>0x16</size>
         <alignment>0x2</alignment>
         <input_file_ref idref="fl-3"/>
      </object_component>
      <object_component id="oc-108">
         <name>.text.DL_GPIO_clearPins</name>
         <load_address>0x6c8e</load_address>
         <readonly>true</readonly>
         <executable>true</executable>
         <run_address>0x6c8e</run_address>
         <size>0x14</size>
         <alignment>0x2</alignment>
         <input_file_ref idref="fl-c"/>
      </object_component>
      <object_component id="oc-1b2">
         <name>.text.SYSCFG_DL_VREF_init</name>
         <load_address>0x6ca4</load_address>
         <readonly>true</readonly>
         <executable>true</executable>
         <run_address>0x6ca4</run_address>
         <size>0x14</size>
         <alignment>0x4</alignment>
         <input_file_ref idref="fl-1"/>
      </object_component>
      <object_component id="oc-2c6">
         <name>.text.__aeabi_uldivmod</name>
         <load_address>0x6cb8</load_address>
         <readonly>true</readonly>
         <executable>true</executable>
         <run_address>0x6cb8</run_address>
         <size>0x14</size>
         <alignment>0x4</alignment>
         <input_file_ref idref="fl-11f"/>
      </object_component>
      <object_component id="oc-257">
         <name>.text._inpchar</name>
         <load_address>0x6ccc</load_address>
         <readonly>true</readonly>
         <executable>true</executable>
         <run_address>0x6ccc</run_address>
         <size>0x14</size>
         <alignment>0x2</alignment>
         <input_file_ref idref="fl-41"/>
      </object_component>
      <object_component id="oc-30b">
         <name>.text.strchr</name>
         <load_address>0x6ce0</load_address>
         <readonly>true</readonly>
         <executable>true</executable>
         <run_address>0x6ce0</run_address>
         <size>0x14</size>
         <alignment>0x2</alignment>
         <input_file_ref idref="fl-3f"/>
      </object_component>
      <object_component id="oc-6d">
         <name>.text.DL_GPIO_getPendingInterrupt</name>
         <load_address>0x6cf4</load_address>
         <readonly>true</readonly>
         <executable>true</executable>
         <run_address>0x6cf4</run_address>
         <size>0x12</size>
         <alignment>0x2</alignment>
         <input_file_ref idref="fl-3"/>
      </object_component>
      <object_component id="oc-81">
         <name>.text.DL_Timer_getPendingInterrupt</name>
         <load_address>0x6d06</load_address>
         <readonly>true</readonly>
         <executable>true</executable>
         <run_address>0x6d06</run_address>
         <size>0x12</size>
         <alignment>0x2</alignment>
         <input_file_ref idref="fl-3"/>
      </object_component>
      <object_component id="oc-8a">
         <name>.text.DL_Timer_getPendingInterrupt</name>
         <load_address>0x6d18</load_address>
         <readonly>true</readonly>
         <executable>true</executable>
         <run_address>0x6d18</run_address>
         <size>0x12</size>
         <alignment>0x2</alignment>
         <input_file_ref idref="fl-c"/>
      </object_component>
      <object_component id="oc-234">
         <name>.text.DL_UART_setClockConfig</name>
         <load_address>0x6d2a</load_address>
         <readonly>true</readonly>
         <executable>true</executable>
         <run_address>0x6d2a</run_address>
         <size>0x12</size>
         <alignment>0x2</alignment>
         <input_file_ref idref="fl-21"/>
      </object_component>
      <object_component id="oc-20">
         <name>.text:decompress:none</name>
         <load_address>0x6d3c</load_address>
         <readonly>true</readonly>
         <executable>true</executable>
         <run_address>0x6d3c</run_address>
         <size>0x12</size>
         <alignment>0x2</alignment>
         <input_file_ref idref="fl-52"/>
      </object_component>
      <object_component id="oc-10a">
         <name>.text.DL_Timer_setCaptureCompareValue</name>
         <load_address>0x6d50</load_address>
         <readonly>true</readonly>
         <executable>true</executable>
         <run_address>0x6d50</run_address>
         <size>0x10</size>
         <alignment>0x4</alignment>
         <input_file_ref idref="fl-20"/>
      </object_component>
[...]
      </symbol>
      <symbol id="sm-280">
         <name>DL_SYSCTL_configSYSPLL</name>
         <value>0x4d59</value>
         <object_component_ref idref="oc-21d"/>
      </symbol>
      <symbol id="sm-281">
         <name>DL_SYSCTL_switchMCLKfromSYSOSCtoHSCLK</name>
         <value>0x6499</value>
         <object_component_ref idref="oc-224"/>
      </symbol>
      <symbol id="sm-282">
         <name>DL_SYSCTL_configFCC</name>
         <value>0x6b81</value>
         <object_component_ref idref="oc-26c"/>
      </symbol>
      <symbol id="sm-29c">
         <name>asin</name>
         <value>0x2361</value>
         <object_component_ref idref="oc-f0"/>
      </symbol>
      <symbol id="sm-29d">
         <name>asinl</name>
         <value>0x2361</value>
         <object_component_ref idref="oc-f0"/>
      </symbol>
      <symbol id="sm-2ab">
         <name>atan2</name>
         <value>0x3ae5</value>
         <object_component_ref idref="oc-e0"/>
      </symbol>
      <symbol id="sm-2ac">
         <name>atan2l</name>
         <value>0x3ae5</value>
         <object_component_ref idref="oc-e0"/>
      </symbol>
      <symbol id="sm-2b6">
         <name>sqrt</name>
         <value>0x3c6d</value>
         <object_component_ref idref="oc-18c"/>
      </symbol>
      <symbol id="sm-2b7">
         <name>sqrtl</name>
         <value>0x3c6d</value>
         <object_component_ref idref="oc-18c"/>
      </symbol>
      <symbol id="sm-2ce">
         <name>atan</name>
         <value>0x26c5</value>
         <object_component_ref idref="oc-175"/>
      </symbol>
      <symbol id="sm-2cf">
         <name>atanl</name>
         <value>0x26c5</value>
         <object_component_ref idref="oc-175"/>
      </symbol>
      <symbol id="sm-2e0">
         <name>printf</name>
         <value>0x6069</value>
         <object_component_ref idref="oc-276"/>
      </symbol>
      <symbol id="sm-329">
         <name>__TI_printfi</name>
         <value>0xc9d</value>
         <object_component_ref idref="oc-285"/>
      </symbol>
      <symbol id="sm-33a">
         <name>vsnprintf</name>
         <value>0x65dd</value>
         <object_component_ref idref="oc-1be"/>
      </symbol>
      <symbol id="sm-34f">
         <name>sscanf</name>
         <value>0x68c1</value>
         <object_component_ref idref="oc-1d1"/>
      </symbol>
      <symbol id="sm-350">
         <name>__aeabi_ctype_table_</name>
         <value>0x6f10</value>
         <object_component_ref idref="oc-28c"/>
      </symbol>
      <symbol id="sm-351">
         <name>__aeabi_ctype_table_C</name>
         <value>0x6f10</value>
         <object_component_ref idref="oc-28c"/>
      </symbol>
      <symbol id="sm-35c">
         <name>__aeabi_errno_addr</name>
         <value>0x6ea1</value>
         <object_component_ref idref="oc-181"/>
      </symbol>
      <symbol id="sm-35d">
         <name>__aeabi_errno</name>
         <value>0x20202090</value>
         <object_component_ref idref="oc-20c"/>
      </symbol>
      <symbol id="sm-366">
         <name>_nop</name>
         <value>0x5cf7</value>
         <object_component_ref idref="oc-25d"/>
      </symbol>
      <symbol id="sm-367">
         <name>_lock</name>
         <value>0x20202094</value>
         <object_component_ref idref="oc-1ec"/>
      </symbol>
      <symbol id="sm-368">
         <name>_unlock</name>
         <value>0x20202098</value>
         <object_component_ref idref="oc-1ef"/>
      </symbol>
      <symbol id="sm-371">
         <name>__TI_ltoa</name>
         <value>0x6175</value>
         <object_component_ref idref="oc-306"/>
      </symbol>
      <symbol id="sm-37c">
         <name>atoi</name>
         <value>0x659d</value>
         <object_component_ref idref="oc-288"/>
      </symbol>
      <symbol id="sm-381">
         <name>_ftable</name>
         <value>0x20201ee0</value>
         <object_component_ref idref="oc-2ae"/>
      </symbol>
      <symbol id="sm-38a">
         <name>memccpy</name>
         <value>0x6b03</value>
         <object_component_ref idref="oc-2b6"/>
      </symbol>
      <symbol id="sm-3a0">
         <name>strtod</name>
         <value>0x1fa9</value>
         <object_component_ref idref="oc-292"/>
      </symbol>
      <symbol id="sm-3a1">
         <name>strtold</name>
         <value>0x1fa9</value>
         <object_component_ref idref="oc-292"/>
      </symbol>
      <symbol id="sm-3ac">
         <name>_c_int00_noargs</name>
         <value>0x6a49</value>
         <object_component_ref idref="oc-66"/>
      </symbol>
      <symbol id="sm-3ad">
         <name>__stack</name>
         <value>0x20207e00</value>
         <object_component_ref idref="oc-1a"/>
      </symbol>
      <symbol id="sm-3b9">
         <name>__TI_auto_init_nobinit_nopinit</name>
         <value>0x670d</value>
         <object_component_ref idref="oc-144"/>
      </symbol>
      <symbol id="sm-3c1">
         <name>_system_pre_init</name>
         <value>0x6f07</value>
         <object_component_ref idref="oc-b6"/>
      </symbol>
      <symbol id="sm-3cc">
         <name>__TI_zero_init</name>
         <value>0x6d81</value>
         <object_component_ref idref="oc-63"/>
      </symbol>
      <symbol id="sm-3d5">
         <name>__TI_decompress_none</name>
         <value>0x6d3d</value>
         <object_component_ref idref="oc-20"/>
      </symbol>
      <symbol id="sm-3e0">
         <name>__TI_decompress_lzss</name>
         <value>0x58f1</value>
         <object_component_ref idref="oc-1c"/>
      </symbol>
      <symbol id="sm-3ea">
         <name>frexp</name>
         <value>0x600d</value>
         <object_component_ref idref="oc-2fe"/>
      </symbol>
      <symbol id="sm-3eb">
         <name>frexpl</name>
         <value>0x600d</value>
         <object_component_ref idref="oc-2fe"/>
      </symbol>
      <symbol id="sm-3f5">
         <name>scalbn</name>
         <value>0x4f11</value>
         <object_component_ref idref="oc-2d5"/>
      </symbol>
      <symbol id="sm-3f6">
         <name>ldexp</name>
         <value>0x4f11</value>
         <object_component_ref idref="oc-2d5"/>
      </symbol>
      <symbol id="sm-3f7">
         <name>scalbnl</name>
         <value>0x4f11</value>
         <object_component_ref idref="oc-2d5"/>
      </symbol>
      <symbol id="sm-3f8">
         <name>ldexpl</name>
         <value>0x4f11</value>
         <object_component_ref idref="oc-2d5"/>
      </symbol>
      <symbol id="sm-401">
         <name>wcslen</name>
         <value>0x6d71</value>
         <object_component_ref idref="oc-2bd"/>
      </symbol>
      <symbol id="sm-429">
         <name>__TI_scanfi</name>
         <value>0xc1</value>
         <object_component_ref idref="oc-250"/>
      </symbol>
      <symbol id="sm-434">
         <name>abort</name>
         <value>0x6ef5</value>
         <object_component_ref idref="oc-13d"/>
      </symbol>
      <symbol id="sm-440">
         <name>strtol</name>
         <value>0x3f49</value>
         <object_component_ref idref="oc-29d"/>
      </symbol>
      <symbol id="sm-44b">
         <name>strtoll</name>
         <value>0x3279</value>
         <object_component_ref idref="oc-2a5"/>
      </symbol>
      <symbol id="sm-456">
         <name>strtoul</name>
         <value>0x4301</value>
         <object_component_ref idref="oc-299"/>
      </symbol>
      <symbol id="sm-461">
         <name>strtoull</name>
         <value>0x3ddd</value>
         <object_component_ref idref="oc-2a1"/>
      </symbol>
      <symbol id="sm-469">
         <name>HOSTexit</name>
         <value>0x6efb</value>
         <object_component_ref idref="oc-1e6"/>
      </symbol>
      <symbol id="sm-46a">
         <name>C$$EXIT</name>
         <value>0x6efa</value>
         <object_component_ref idref="oc-1e6"/>
      </symbol>
      <symbol id="sm-47a">
         <name>__aeabi_fadd</name>
         <value>0x4ff3</value>
         <object_component_ref idref="oc-d8"/>
      </symbol>
      <symbol id="sm-47b">
         <name>__addsf3</name>
         <value>0x4ff3</value>
         <object_component_ref idref="oc-d8"/>
      </symbol>
      <symbol id="sm-47c">
         <name>__aeabi_fsub</name>
         <value>0x4fe9</value>
         <object_component_ref idref="oc-d8"/>
      </symbol>
      <symbol id="sm-47d">
         <name>__subsf3</name>
         <value>0x4fe9</value>
         <object_component_ref idref="oc-d8"/>
      </symbol>
      <symbol id="sm-483">
         <name>__aeabi_dadd</name>
         <value>0x363f</value>
         <object_component_ref idref="oc-171"/>
      </symbol>
      <symbol id="sm-484">
         <name>__adddf3</name>
         <value>0x363f</value>
         <object_component_ref idref="oc-171"/>
      </symbol>
      <symbol id="sm-485">
         <name>__aeabi_dsub</name>
         <value>0x3635</value>
         <object_component_ref idref="oc-171"/>
      </symbol>
      <symbol id="sm-486">
         <name>__subdf3</name>
         <value>0x3635</value>
         <object_component_ref idref="oc-171"/>
      </symbol>
      <symbol id="sm-492">
         <name>__aeabi_dmul</name>
         <value>0x4c75</value>
         <object_component_ref idref="oc-e4"/>
      </symbol>
      <symbol id="sm-493">
         <name>__muldf3</name>
         <value>0x4c75</value>
         <object_component_ref idref="oc-e4"/>
      </symbol>
      <symbol id="sm-49c">
         <name>__muldsi3</name>
         <value>0x6785</value>
         <object_component_ref idref="oc-166"/>
      </symbol>
      <symbol id="sm-4a2">
         <name>__aeabi_fmul</name>
         <value>0x575d</value>
         <object_component_ref idref="oc-cf"/>
      </symbol>
      <symbol id="sm-4a3">
         <name>__mulsf3</name>
         <value>0x575d</value>
         <object_component_ref idref="oc-cf"/>
      </symbol>
      <symbol id="sm-4a9">
         <name>__aeabi_fdiv</name>
         <value>0x586d</value>
         <object_component_ref idref="oc-d3"/>
      </symbol>
      <symbol id="sm-4aa">
         <name>__divsf3</name>
         <value>0x586d</value>
         <object_component_ref idref="oc-d3"/>
      </symbol>
      <symbol id="sm-4b0">
         <name>__aeabi_ddiv</name>
         <value>0x4665</value>
         <object_component_ref idref="oc-e8"/>
      </symbol>
      <symbol id="sm-4b1">
         <name>__divdf3</name>
         <value>0x4665</value>
         <object_component_ref idref="oc-e8"/>
      </symbol>
      <symbol id="sm-4ba">
         <name>__aeabi_f2d</name>
         <value>0x655d</value>
         <object_component_ref idref="oc-dc"/>
      </symbol>
      <symbol id="sm-4bb">
         <name>__extendsfdf2</name>
         <value>0x655d</value>
         <object_component_ref idref="oc-dc"/>
      </symbol>
      <symbol id="sm-4c1">
         <name>__aeabi_d2iz</name>
         <value>0x6405</value>
         <object_component_ref idref="oc-302"/>
      </symbol>
      <symbol id="sm-4c2">
         <name>__fixdfsi</name>
         <value>0x6405</value>
         <object_component_ref idref="oc-302"/>
      </symbol>
      <symbol id="sm-4c8">
         <name>__aeabi_f2iz</name>
         <value>0x67f9</value>
         <object_component_ref idref="oc-92"/>
      </symbol>
      <symbol id="sm-4c9">
         <name>__fixsfsi</name>
         <value>0x67f9</value>
         <object_component_ref idref="oc-92"/>
      </symbol>
      <symbol id="sm-4cf">
         <name>__aeabi_i2d</name>
         <value>0x69a1</value>
         <object_component_ref idref="oc-1fb"/>
      </symbol>
      <symbol id="sm-4d0">
         <name>__floatsidf</name>
         <value>0x69a1</value>
         <object_component_ref idref="oc-1fb"/>
      </symbol>
      <symbol id="sm-4d6">
         <name>__aeabi_i2f</name>
         <value>0x6695</value>
         <object_component_ref idref="oc-fd"/>
      </symbol>
      <symbol id="sm-4d7">
         <name>__floatsisf</name>
         <value>0x6695</value>
         <object_component_ref idref="oc-fd"/>
      </symbol>
      <symbol id="sm-4dd">
         <name>__aeabi_lmul</name>
         <value>0x6abd</value>
         <object_component_ref idref="oc-2c1"/>
      </symbol>
      <symbol id="sm-4de">
         <name>__muldi3</name>
         <value>0x6abd</value>
         <object_component_ref idref="oc-2c1"/>
      </symbol>
      <symbol id="sm-4e5">
         <name>__aeabi_d2f</name>
         <value>0x5ad1</value>
         <object_component_ref idref="oc-ec"/>
      </symbol>
      <symbol id="sm-4e6">
         <name>__truncdfsf2</name>
         <value>0x5ad1</value>
         <object_component_ref idref="oc-ec"/>
      </symbol>
      <symbol id="sm-4ec">
         <name>__aeabi_dcmpeq</name>
         <value>0x5e25</value>
         <object_component_ref idref="oc-186"/>
      </symbol>
      <symbol id="sm-4ed">
         <name>__aeabi_dcmplt</name>
         <value>0x5e39</value>
         <object_component_ref idref="oc-186"/>
      </symbol>
      <symbol id="sm-4ee">
         <name>__aeabi_dcmple</name>
         <value>0x5e4d</value>
         <object_component_ref idref="oc-186"/>
      </symbol>
      <symbol id="sm-4ef">
         <name>__aeabi_dcmpge</name>
         <value>0x5e61</value>
         <object_component_ref idref="oc-186"/>
      </symbol>
      <symbol id="sm-4f0">
         <name>__aeabi_dcmpgt</name>
         <value>0x5e75</value>
         <object_component_ref idref="oc-186"/>
      </symbol>
      <symbol id="sm-4f9">
         <name>__aeabi_fcmpeq</name>
         <value>0x5e89</value>
         <object_component_ref idref="oc-101"/>
      </symbol>
      <symbol id="sm-4fa">
         <name>__aeabi_fcmplt</name>
         <value>0x5e9d</value>
         <object_component_ref idref="oc-101"/>
      </symbol>
      <symbol id="sm-4fb">
         <name>__aeabi_fcmple</name>
         <value>0x5eb1</value>
         <object_component_ref idref="oc-101"/>
      </symbol>
      <symbol id="sm-4fc">
         <name>__aeabi_fcmpge</name>
         <value>0x5ec5</value>
         <object_component_ref idref="oc-101"/>
      </symbol>
      <symbol id="sm-4fd">
         <name>__aeabi_fcmpgt</name>
         <value>0x5ed9</value>
         <object_component_ref idref="oc-101"/>
      </symbol>
      <symbol id="sm-503">
         <name>__aeabi_idiv</name>
         <value>0x6225</value>
         <object_component_ref idref="oc-320"/>
      </symbol>
      <symbol id="sm-504">
         <name>__aeabi_idivmod</name>
         <value>0x6225</value>
         <object_component_ref idref="oc-320"/>
      </symbol>
      <symbol id="sm-50a">
         <name>__aeabi_memcpy</name>
         <value>0x6ea9</value>
         <object_component_ref idref="oc-56"/>
      </symbol>
      <symbol id="sm-50b">
         <name>__aeabi_memcpy4</name>
         <value>0x6ea9</value>
         <object_component_ref idref="oc-56"/>
      </symbol>
      <symbol id="sm-50c">
         <name>__aeabi_memcpy8</name>
         <value>0x6ea9</value>
         <object_component_ref idref="oc-56"/>
      </symbol>
      <symbol id="sm-515">
         <name>__aeabi_memset</name>
         <value>0x6dbd</value>
         <object_component_ref idref="oc-2b5"/>
      </symbol>
      <symbol id="sm-516">
         <name>__aeabi_memset4</name>
         <value>0x6dbd</value>
         <object_component_ref idref="oc-2b5"/>
      </symbol>
      <symbol id="sm-517">
         <name>__aeabi_memset8</name>
         <value>0x6dbd</value>
         <object_component_ref idref="oc-2b5"/>
      </symbol>
      <symbol id="sm-518">
         <name>__aeabi_memclr</name>
         <value>0x6dd9</value>
         <object_component_ref idref="oc-b1"/>
      </symbol>
      <symbol id="sm-519">
         <name>__aeabi_memclr4</name>
         <value>0x6dd9</value>
         <object_component_ref idref="oc-b1"/>
      </symbol>
      <symbol id="sm-51a">
         <name>__aeabi_memclr8</name>
         <value>0x6dd9</value>
         <object_component_ref idref="oc-b1"/>
      </symbol>
      <symbol id="sm-520">
         <name>__aeabi_uidiv</name>
         <value>0x651d</value>
         <object_component_ref idref="oc-73"/>
      </symbol>
      <symbol id="sm-521">
         <name>__aeabi_uidivmod</name>
         <value>0x651d</value>
         <object_component_ref idref="oc-73"/>
      </symbol>
      <symbol id="sm-527">
         <name>__aeabi_uldivmod</name>
         <value>0x6cb9</value>
         <object_component_ref idref="oc-2c6"/>
      </symbol>
      <symbol id="sm-530">
         <name>__eqsf2</name>
         <value>0x6749</value>
         <object_component_ref idref="oc-196"/>
      </symbol>
      <symbol id="sm-531">
         <name>__lesf2</name>
         <value>0x6749</value>
         <object_component_ref idref="oc-196"/>
      </symbol>
      <symbol id="sm-532">
         <name>__ltsf2</name>
         <value>0x6749</value>
         <object_component_ref idref="oc-196"/>
      </symbol>
      <symbol id="sm-533">
         <name>__nesf2</name>
         <value>0x6749</value>
         <object_component_ref idref="oc-196"/>
      </symbol>
      <symbol id="sm-534">
         <name>__cmpsf2</name>
         <value>0x6749</value>
         <object_component_ref idref="oc-196"/>
      </symbol>
      <symbol id="sm-535">
         <name>__gtsf2</name>
         <value>0x66d1</value>
         <object_component_ref idref="oc-19b"/>
      </symbol>
      <symbol id="sm-536">
         <name>__gesf2</name>
         <value>0x66d1</value>
         <object_component_ref idref="oc-19b"/>
      </symbol>
      <symbol id="sm-53c">
         <name>__udivmoddi4</name>
         <value>0x5465</value>
         <object_component_ref idref="oc-2f9"/>
      </symbol>
      <symbol id="sm-542">
         <name>__aeabi_llsl</name>
         <value>0x6b45</value>
         <object_component_ref idref="oc-317"/>
      </symbol>
      <symbol id="sm-543">
         <name>__ashldi3</name>
         <value>0x6b45</value>
         <object_component_ref idref="oc-317"/>
      </symbol>
      <symbol id="sm-551">
         <name>__ledf2</name>
         <value>0x5c29</value>
         <object_component_ref idref="oc-210"/>
      </symbol>
      <symbol id="sm-552">
         <name>__gedf2</name>
         <value>0x5a5d</value>
         <object_component_ref idref="oc-216"/>
      </symbol>
      <symbol id="sm-553">
         <name>__cmpdf2</name>
         <value>0x5c29</value>
         <object_component_ref idref="oc-210"/>
      </symbol>
      <symbol id="sm-554">
         <name>__eqdf2</name>
         <value>0x5c29</value>
         <object_component_ref idref="oc-210"/>
      </symbol>
      <symbol id="sm-555">
         <name>__ltdf2</name>
         <value>0x5c29</value>
         <object_component_ref idref="oc-210"/>
      </symbol>
      <symbol id="sm-556">
         <name>__nedf2</name>
         <value>0x5c29</value>
         <object_component_ref idref="oc-210"/>
      </symbol>
      <symbol id="sm-557">
         <name>__gtdf2</name>
         <value>0x5a5d</value>
         <object_component_ref idref="oc-216"/>
      </symbol>
      <symbol id="sm-563">
         <name>__aeabi_idiv0</name>
         <value>0x58ef</value>
         <object_component_ref idref="oc-c8"/>
      </symbol>
      <symbol id="sm-564">
         <name>__aeabi_ldiv0</name>
         <value>0x5a5b</value>
         <object_component_ref idref="oc-316"/>
      </symbol>
      <symbol id="sm-57d">
         <name>memcpy</name>
         <value>0x55a3</value>
         <object_component_ref idref="oc-117"/>
      </symbol>
      <symbol id="sm-58c">
         <name>memset</name>
         <value>0x5eeb</value>
         <object_component_ref idref="oc-1a5"/>
      </symbol>
      <symbol id="sm-58d">
         <name>__TI_static_base__</name>
         <value>0x0</value>
      </symbol>
      <symbol id="sm-591">
         <name>__mpu_init</name>
         <value>0x0</value>
      </symbol>
      <symbol id="sm-592">
         <name>_system_post_cinit</name>
         <value>0x0</value>
      </symbol>
   </symbol_table>
   <title>Link successful</title>
</link_info>
