******************************************************************************
            TI ARM Clang Linker PC v4.0.4                      
******************************************************************************
>> Linked Sun Jun 14 23:16:02 2026

OUTPUT FILE NAME:   <11-MPU6050.out>
ENTRY POINT SYMBOL: "_c_int00_noargs"  address: 000039e5


MEMORY CONFIGURATION

         name            origin    length      used     unused   attr    fill
----------------------  --------  ---------  --------  --------  ----  --------
  FLASH                 00000000   00020000  00003fa8  0001c058  R  X
  SRAM                  20200000   00008000  00000494  00007b6c  RW X
  BCR_CONFIG            41c00000   000000ff  00000000  000000ff  R   
  BSL_CONFIG            41c00100   00000080  00000000  00000080  R   


SEGMENT ALLOCATION MAP

run origin  load origin   length   init length attrs members
----------  ----------- ---------- ----------- ----- -------
00000000    00000000    00003fa8   00003fa8    r-x
  00000000    00000000    000000c0   000000c0    r-- .intvecs
  000000c0    000000c0    00003cb0   00003cb0    r-x .text
  00003d70    00003d70    000001d0   000001d0    r-- .rodata
  00003f40    00003f40    00000068   00000068    r-- .cinit
20200000    20200000    00000294   00000000    rw-
  20200000    20200000    00000200   00000000    rw- .bss
  20200200    20200200    00000094   00000000    rw- .data
20207e00    20207e00    00000200   00000000    rw-
  20207e00    20207e00    00000200   00000000    rw- .stack


SECTION ALLOCATION MAP

 output                                  attributes/
section   page    origin      length       input sections
--------  ----  ----------  ----------   ----------------
.intvecs   0    00000000    000000c0     
                  00000000    000000c0     startup_mspm0g350x_ticlang.o (.intvecs)

.text      0    000000c0    00003cb0     
                  000000c0    000009d0     libc.a : _printfi.c.obj (.text:__TI_printfi)
                  00000a90    00000554     MPU6050.o (.text.MPU6050_ReadReg)
                  00000fe4    000002a8     ti_msp_dl_config.o (.text.SYSCFG_DL_SYSCTL_SYSPLL_init)
                  0000128c    00000220     libc.a : _printfi.c.obj (.text._pconv_a)
                  000014ac    000001dc            : _printfi.c.obj (.text._pconv_g)
                  00001688    00000192     libclang_rt.builtins.a : adddf3.S.obj (.text.adddf3_subdf3)
                  0000181a    00000002     startup_mspm0g350x_ticlang.o (.text.Default_Handler)
                  0000181c    0000018c     No_Mcu_Ganv_Grayscale_Sensor.o (.text.No_MCU_Ganv_Sensor_Init)
                  000019a8    0000013c     libc.a : _printfi.c.obj (.text.fcvt)
                  00001ae4    00000138     ti_msp_dl_config.o (.text.SYSCFG_DL_GPIO_init)
                  00001c1c    00000120     libc.a : _printfi.c.obj (.text._pconv_e)
                  00001d3c    0000010c     libclang_rt.builtins.a : divdf3.S.obj (.text.__divdf3)
                  00001e48    00000104     driverlib.a : dl_timer.o (.text.DL_Timer_initFourCCPWMMode)
                  00001f4c    00000100     motor.o (.text.calculate_speed)
                  0000204c    000000fc     driverlib.a : dl_timer.o (.text.DL_Timer_initTimerMode)
                  00002148    000000e4     libclang_rt.builtins.a : muldf3.S.obj (.text.__muldf3)
                  0000222c    000000dc     driverlib.a : dl_sysctl_mspm0g1x0x_g3x0x.o (.text.DL_SYSCTL_configSYSPLL)
                  00002308    000000d8     libc.a : s_scalbn.c.obj (.text.scalbn)
                  000023e0    000000d8     libclang_rt.builtins.a : addsf3.S.obj (.text)
                  000024b8    000000d0     motor.o (.text.Motor_SetDuty)
                  00002588    000000c4     main.o (.text.GROUP1_IRQHandler)
                  0000264c    000000a8     ti_msp_dl_config.o (.text.SYSCFG_DL_SYSCTL_init)
                  000026f4    000000a2     libclang_rt.builtins.a : udivmoddi4.S.obj (.text)
                  00002796    0000009a     libc.a : memcpy16.S.obj (.text:memcpy)
                  00002830    00000094     main.o (.text.main)
                  000028c4    00000090     PID.o (.text.PID_Update)
                  00002954    0000008c     ti_msp_dl_config.o (.text.SYSCFG_DL_PWM1_init)
                  000029e0    0000008c     libclang_rt.builtins.a : mulsf3.S.obj (.text.__mulsf3)
                  00002a6c    00000082                            : divsf3.S.obj (.text.__divsf3)
                  00002aee    00000002                            : aeabi_div0.c.obj (.text.__aeabi_idiv0)
                  00002af0    0000007c     ti_msp_dl_config.o (.text.SYSCFG_DL_initPower)
                  00002b6c    0000007c     motor.o (.text.TIMA0_IRQHandler)
                  00002be8    0000007c     libc.a : copy_decompress_lzss.c.obj (.text:decompress:lzss)
                  00002c64    00000078     motor.o (.text.Motor_Init)
                  00002cdc    00000074     libclang_rt.builtins.a : comparedf2.c.obj (.text.__gedf2)
                  00002d50    00000074                            : truncdfsf2.S.obj (.text.__truncdfsf2)
                  00002dc4    00000070     ti_msp_dl_config.o (.text.SYSCFG_DL_Serial_init)
                  00002e34    00000068     libclang_rt.builtins.a : comparedf2.c.obj (.text.__ledf2)
                  00002e9c    00000066     libc.a : _printfi.c.obj (.text._mcpy)
                  00002f02    00000002     libclang_rt.builtins.a : aeabi_div0.c.obj (.text.__aeabi_ldiv0)
                  00002f04    00000064     ti_msp_dl_config.o (.text.SYSCFG_DL_ADC12_0_init)
                  00002f68    00000064     Serial.o (.text.Serial_Printf)
                  00002fcc    00000064     Serial.o (.text.UART0_IRQHandler)
                  00003030    00000062     libclang_rt.builtins.a : aeabi_dcmp.S.obj (.text.__aeabi_dcmp)
                  00003092    00000002     --HOLE-- [fill = 0]
                  00003094    00000062                            : aeabi_fcmp.S.obj (.text.__aeabi_fcmp)
                  000030f6    00000062     libc.a : memset16.S.obj (.text:memset)
                  00003158    00000060     ti_msp_dl_config.o (.text.SYSCFG_DL_OLED_init)
                  000031b8    0000005c     libc.a : s_frexp.c.obj (.text.frexp)
                  00003214    00000058            : _ltoa.c.obj (.text.__TI_ltoa)
                  0000326c    00000058            : _printfi.c.obj (.text._pconv_f)
                  000032c4    00000056     libclang_rt.builtins.a : aeabi_idivmod.S.obj (.text.__aeabi_idivmod)
                  0000331a    00000052     libc.a : _printfi.c.obj (.text._ecpy)
                  0000336c    0000004c     driverlib.a : dl_dma.o (.text.DL_DMA_initChannel)
                  000033b8    0000004c     ti_msp_dl_config.o (.text.SYSCFG_DL_POT_init)
                  00003404    0000004a     libclang_rt.builtins.a : fixdfsi.S.obj (.text.__fixdfsi)
                  0000344e    00000002     --HOLE-- [fill = 0]
                  00003450    00000048     driverlib.a : dl_uart.o (.text.DL_UART_init)
                  00003498    00000044                 : dl_sysctl_mspm0g1x0x_g3x0x.o (.text.DL_SYSCTL_switchMCLKfromSYSOSCtoHSCLK)
                  000034dc    00000040                 : dl_adc12.o (.text.DL_ADC12_setClockConfig)
                  0000351c    00000040     ti_msp_dl_config.o (.text.SYSCFG_DL_init)
                  0000355c    00000040     libclang_rt.builtins.a : aeabi_uidivmod.S.obj (.text.__aeabi_uidivmod)
                  0000359c    00000040                            : extendsfdf2.S.obj (.text.__extendsfdf2)
                  000035dc    00000040     libc.a : atoi.c.obj (.text.atoi)
                  0000361c    00000040            : vsnprintf.c.obj (.text.vsnprintf)
                  0000365c    0000003c     ti_msp_dl_config.o (.text.SYSCFG_DL_MOTOR_PID_init)
                  00003698    0000003c     libclang_rt.builtins.a : floatsisf.S.obj (.text.__floatsisf)
                  000036d4    0000003c                            : comparesf2.S.obj (.text.__gtsf2)
                  00003710    0000003c     libc.a : autoinit.c.obj (.text:__TI_auto_init_nobinit_nopinit)
                  0000374c    0000003a     libclang_rt.builtins.a : comparesf2.S.obj (.text.__eqsf2)
                  00003786    00000002     --HOLE-- [fill = 0]
                  00003788    0000003a                            : muldsi3.S.obj (.text.__muldsi3)
                  000037c2    00000002     --HOLE-- [fill = 0]
                  000037c4    00000038                            : fixsfsi.S.obj (.text.__fixsfsi)
                  000037fc    00000030     driverlib.a : dl_uart.o (.text.DL_UART_transmitDataBlocking)
                  0000382c    00000030     ti_msp_dl_config.o (.text.SYSCFG_DL_SYSTICK_init)
                  0000385c    00000030     libc.a : _printfi.c.obj (.text._fcpy)
                  0000388c    00000030            : vsnprintf.c.obj (.text._outs)
                  000038bc    0000002c     main.o (.text.__NVIC_EnableIRQ)
                  000038e8    0000002c     motor.o (.text.__NVIC_EnableIRQ)
                  00003914    0000002c     libclang_rt.builtins.a : floatsidf.S.obj (.text.__floatsidf)
                  00003940    0000002a     delay.o (.text.delay_us)
                  0000396a    00000002     --HOLE-- [fill = 0]
                  0000396c    00000028     main.o (.text.DL_DMA_setDestAddr)
                  00003994    00000028     main.o (.text.DL_DMA_setSrcAddr)
                  000039bc    00000028     main.o (.text.SysTick_Handler)
                  000039e4    00000028     libc.a : boot_cortex_m.c.obj (.text:_c_int00_noargs)
                  00003a0c    00000026     main.o (.text.DL_DMA_enableChannel)
                  00003a32    00000026     driverlib.a : dl_i2c.o (.text.DL_I2C_setClockConfig)
                  00003a58    00000024     libclang_rt.builtins.a : floatunsidf.S.obj (.text.__floatunsidf)
                  00003a7c    00000024                            : muldi3.S.obj (.text.__muldi3)
                  00003aa0    00000022     driverlib.a : dl_vref.o (.text.DL_VREF_configReference)
                  00003ac2    00000022     libc.a : memccpy.c.obj (.text.memccpy)
                  00003ae4    00000020     ti_msp_dl_config.o (.text.SYSCFG_DL_DMA_CH0_init)
                  00003b04    0000001e     libclang_rt.builtins.a : ashldi3.S.obj (.text.__ashldi3)
                  00003b22    00000002     --HOLE-- [fill = 0]
                  00003b24    0000001c     main.o (.text.DL_ADC12_startConversion)
                  00003b40    0000001c     driverlib.a : dl_sysctl_mspm0g1x0x_g3x0x.o (.text.DL_SYSCTL_configFCC)
                  00003b5c    0000001c                 : dl_timer.o (.text.DL_Timer_setCaptCompUpdateMethod)
                  00003b78    0000001c                 : dl_timer.o (.text.DL_Timer_setClockConfig)
                  00003b94    00000018     motor.o (.text.DL_GPIO_setPins)
                  00003bac    00000018     driverlib.a : dl_timer.o (.text.DL_Timer_setCaptureCompareOutCtl)
                  00003bc4    00000018     motor.o (.text.DL_Timer_startCounter)
                  00003bdc    00000018     libc.a : vsnprintf.c.obj (.text._outc)
                  00003bf4    00000016     main.o (.text.DL_GPIO_readPins)
                  00003c0a    00000016     libc.a : copy_zero_init.c.obj (.text:decompress:ZI:__TI_zero_init_nomemset)
                  00003c20    00000014     motor.o (.text.DL_GPIO_clearPins)
                  00003c34    00000014     ti_msp_dl_config.o (.text.SYSCFG_DL_VREF_init)
                  00003c48    00000014     libclang_rt.builtins.a : aeabi_uldivmod.S.obj (.text.__aeabi_uldivmod)
                  00003c5c    00000014     libc.a : _printfi.c.obj (.text.strchr)
                  00003c70    00000012     main.o (.text.DL_GPIO_getPendingInterrupt)
                  00003c82    00000012     motor.o (.text.DL_Timer_getPendingInterrupt)
                  00003c94    00000012     driverlib.a : dl_uart.o (.text.DL_UART_setClockConfig)
                  00003ca6    00000012     libc.a : copy_decompress_none.c.obj (.text:decompress:none)
                  00003cb8    00000010     driverlib.a : dl_timer.o (.text.DL_Timer_setCaptureCompareValue)
                  00003cc8    00000010     libc.a : wcslen.c.obj (.text.wcslen)
                  00003cd8    0000000e     libclang_rt.builtins.a : aeabi_memset.S.obj (.text.__aeabi_memset)
                  00003ce6    0000000e     libc.a : _printfi.c.obj (.text.strlen)
                  00003cf4    0000000c     libclang_rt.builtins.a : aeabi_memset.S.obj (.text.__aeabi_memclr)
                  00003d00    0000000a     driverlib.a : dl_common.o (.text.DL_Common_delayCycles)
                  00003d0a    0000000a     MPU6050.o (.text.MPU6050_GetID)
                  00003d14    0000000a     libc.a : _printfi.c.obj (.text.OUTLINED_FUNCTION_0)
                  00003d1e    00000002     --HOLE-- [fill = 0]
                  00003d20    00000010     libclang_rt.builtins.a : adddf3.S.obj (.tramp.__aeabi_dsub.1)
                  00003d30    0000000a     libc.a : _printfi.c.obj (.text.OUTLINED_FUNCTION_1)
                  00003d3a    00000008     ti_msp_dl_config.o (.text.SYSCFG_DL_DMA_init)
                  00003d42    00000002     --HOLE-- [fill = 0]
                  00003d44    00000008     libc.a : aeabi_portable.c.obj (.text.__aeabi_errno_addr)
                  00003d4c    00000008     libclang_rt.builtins.a : aeabi_memcpy.S.obj (.text.__aeabi_memcpy)
                  00003d54    00000006     libc.a : exit.c.obj (.text:abort)
                  00003d5a    00000004     libsysbm.a : hostexit.c.obj (.text.HOSTexit)
                  00003d5e    00000004     startup_mspm0g350x_ticlang.o (.text.Reset_Handler)
                  00003d62    00000004     libc.a : pre_init.c.obj (.text._system_pre_init)
                  00003d66    0000000a     --HOLE-- [fill = 0]

.cinit     0    00003f40    00000068     
                  00003f40    00000042     (.cinit..data.load) [load image, compression = lzss]
                  00003f82    00000002     --HOLE-- [fill = 0]
                  00003f84    0000000c     (__TI_handler_table)
                  00003f90    00000008     (.cinit..bss.load) [load image, compression = zero_init]
                  00003f98    00000010     (__TI_cinit_table)

.rodata    0    00003d70    000001d0     
                  00003d70    00000101     libc.a : aeabi_ctype.S.obj (.rodata:__aeabi_ctype_table_)
                  00003e71    00000003     ti_msp_dl_config.o (.rodata.gMOTOR_PIDClockConfig)
                  00003e74    00000028     ti_msp_dl_config.o (.rodata.gSYSPLLConfig)
                  00003e9c    00000018     ti_msp_dl_config.o (.rodata.gDMA_CH0Config)
                  00003eb4    00000014     ti_msp_dl_config.o (.rodata.gMOTOR_PIDTimerConfig)
                  00003ec8    00000013     main.o (.rodata.str1.8154729771448623357.1)
                  00003edb    00000011     libc.a : _printfi.c.obj (.rodata.str1.10348868589481759720.1)
                  00003eec    00000011     main.o (.rodata.str1.15159059442110792349.1)
                  00003efd    00000011     libc.a : _printfi.c.obj (.rodata.str1.15363888844622738466.1)
                  00003f0e    0000000a     ti_msp_dl_config.o (.rodata.gSerialConfig)
                  00003f18    00000008     ti_msp_dl_config.o (.rodata.gADC12_0ClockConfig)
                  00003f20    00000008     ti_msp_dl_config.o (.rodata.gPOTClockConfig)
                  00003f28    00000008     ti_msp_dl_config.o (.rodata.gPWM1Config)
                  00003f30    00000008     ti_msp_dl_config.o (.rodata.gVREFConfig)
                  00003f38    00000003     ti_msp_dl_config.o (.rodata.gPWM1ClockConfig)
                  00003f3b    00000002     ti_msp_dl_config.o (.rodata.gOLEDClockConfig)
                  00003f3d    00000002     ti_msp_dl_config.o (.rodata.gSerialClockConfig)
                  00003f3f    00000001     --HOLE-- [fill = 0]

.init_array 
*          0    00000000    00000000     UNINITIALIZED

.binit     0    00000000    00000000     

.bss       0    20200000    00000200     UNINITIALIZED
                  20200000    000000bc     (.common:gMOTOR_PIDBackup)
                  202000bc    00000004     --HOLE--
                  202000c0    000000b0     (.common:sensor)
                  20200170    00000050     (.common:ADC_VALUE)
                  202001c0    00000040     (.common:Serial_RxPacket)

.data      0    20200200    00000094     UNINITIALIZED
                  20200200    0000002c     main.o (.data.Motor_Left)
                  2020022c    0000002c     main.o (.data.Motor_Right)
                  20200258    00000010     main.o (.data.black)
                  20200268    00000010     main.o (.data.white)
                  20200278    00000004     main.o (.data.Encoder1_Count)
                  2020027c    00000004     main.o (.data.Encoder2_Count)
                  20200280    00000004     main.o (.data.SysTick_Count)
                  20200284    00000004     libc.a : aeabi_portable.c.obj (.data.__aeabi_errno)
                  20200288    00000004     motor.o (.data.speed_1)
                  2020028c    00000004     motor.o (.data.speed_2)
                  20200290    00000001     main.o (.data.MPU6050_UpdateFlag)
                  20200291    00000001     Serial.o (.data.Serial_RxFlag)
                  20200292    00000001     Serial.o (.data.Serial_RxIndex)
                  20200293    00000001     main.o (.data.status)

.stack     0    20207e00    00000200     UNINITIALIZED
                  20207e00    00000004     libc.a : boot_cortex_m.c.obj (.stack)
                  20207e04    000001fc     --HOLE--

__llvm_prf_cnts 
*          0    20200000    00000000     UNINITIALIZED

__llvm_prf_bits 
*          0    20200000    00000000     UNINITIALIZED

MODULE SUMMARY

       Module                           code    ro data   rw data
       ------                           ----    -------   -------
    .\
       ti_msp_dl_config.o               2040    136       188    
       main.o                           614     36        310    
       startup_mspm0g350x_ticlang.o     6       192       0      
    +--+--------------------------------+-------+---------+---------+
       Total:                           2660    364       498    
                                                                 
    .\user_driver\
       MPU6050.o                        1374    0         0      
       motor.o                          838     0         8      
       No_Mcu_Ganv_Grayscale_Sensor.o   396     0         0      
       Serial.o                         200     0         66     
       PID.o                            144     0         0      
       ADC.o                            0       0         80     
       delay.o                          42      0         0      
    +--+--------------------------------+-------+---------+---------+
       Total:                           2994    0         154    
                                                                 
    C:/TI/mspm0_sdk_2_10_00_04/source/ti/driverlib/lib/ticlang/m0p/mspm0g1x0x_g3x0x/driverlib.a
       dl_timer.o                       608     0         0      
       dl_sysctl_mspm0g1x0x_g3x0x.o     316     0         0      
       dl_uart.o                        138     0         0      
       dl_dma.o                         76      0         0      
       dl_adc12.o                       64      0         0      
       dl_i2c.o                         38      0         0      
       dl_vref.o                        34      0         0      
       dl_common.o                      10      0         0      
    +--+--------------------------------+-------+---------+---------+
       Total:                           1284    0         0      
                                                                 
    D:\ti\ccs\ccs\tools\compiler\ti-cgt-armllvm_4.0.4.LTS\lib\armv6m-ti-none-eabi/c/libc.a
       _printfi.c.obj                   4510    34        0      
       aeabi_ctype.S.obj                0       257       0      
       s_scalbn.c.obj                   216     0         0      
       memcpy16.S.obj                   154     0         0      
       vsnprintf.c.obj                  136     0         0      
       copy_decompress_lzss.c.obj       124     0         0      
       memset16.S.obj                   98      0         0      
       s_frexp.c.obj                    92      0         0      
       _ltoa.c.obj                      88      0         0      
       atoi.c.obj                       64      0         0      
       autoinit.c.obj                   60      0         0      
       boot_cortex_m.c.obj              40      0         0      
       memccpy.c.obj                    34      0         0      
       copy_zero_init.c.obj             22      0         0      
       copy_decompress_none.c.obj       18      0         0      
       wcslen.c.obj                     16      0         0      
       aeabi_portable.c.obj             8       0         4      
       exit.c.obj                       6       0         0      
       pre_init.c.obj                   4       0         0      
    +--+--------------------------------+-------+---------+---------+
       Total:                           5690    291       4      
                                                                 
    D:\ti\ccs\ccs\tools\compiler\ti-cgt-armllvm_4.0.4.LTS\lib\armv6m-ti-none-eabi/c/libsysbm.a
       hostexit.c.obj                   4       0         0      
    +--+--------------------------------+-------+---------+---------+
       Total:                           4       0         0      
                                                                 
    D:\ti\ccs\ccs\tools\compiler\ti-cgt-armllvm_4.0.4.LTS\lib\armv6m-ti-none-eabi/libclang_rt.builtins.a
       adddf3.S.obj                     418     0         0      
       divdf3.S.obj                     268     0         0      
       muldf3.S.obj                     228     0         0      
       comparedf2.c.obj                 220     0         0      
       addsf3.S.obj                     216     0         0      
       udivmoddi4.S.obj                 162     0         0      
       mulsf3.S.obj                     140     0         0      
       divsf3.S.obj                     130     0         0      
       comparesf2.S.obj                 118     0         0      
       truncdfsf2.S.obj                 116     0         0      
       aeabi_dcmp.S.obj                 98      0         0      
       aeabi_fcmp.S.obj                 98      0         0      
       aeabi_idivmod.S.obj              86      0         0      
       fixdfsi.S.obj                    74      0         0      
       aeabi_uidivmod.S.obj             64      0         0      
       extendsfdf2.S.obj                64      0         0      
       floatsisf.S.obj                  60      0         0      
       muldsi3.S.obj                    58      0         0      
       fixsfsi.S.obj                    56      0         0      
       floatsidf.S.obj                  44      0         0      
       floatunsidf.S.obj                36      0         0      
       muldi3.S.obj                     36      0         0      
       ashldi3.S.obj                    30      0         0      
       aeabi_memset.S.obj               26      0         0      
       aeabi_uldivmod.S.obj             20      0         0      
       aeabi_memcpy.S.obj               8       0         0      
       aeabi_div0.c.obj                 4       0         0      
    +--+--------------------------------+-------+---------+---------+
       Total:                           2878    0         0      
                                                                 
       Stack:                           0       0         512    
       Linker Generated:                0       102       0      
    +--+--------------------------------+-------+---------+---------+
       Grand Total:                     15510   757       1168   


LINKER GENERATED COPY TABLES

__TI_cinit_table @ 00003f98 records: 2, size/record: 8, table size: 16
	.data: load addr=00003f40, load size=00000042 bytes, run addr=20200200, run size=00000094 bytes, compression=lzss
	.bss: load addr=00003f90, load size=00000008 bytes, run addr=20200000, run size=00000200 bytes, compression=zero_init


LINKER GENERATED HANDLER TABLE

__TI_handler_table @ 00003f84 records: 3, size/record: 4, table size: 12
	index: 0, handler: __TI_decompress_lzss
	index: 1, handler: __TI_decompress_none
	index: 2, handler: __TI_zero_init


FAR CALL TRAMPOLINES

callee name               trampoline name
   callee addr  tramp addr   call addr  call info
--------------  -----------  ---------  ----------------
__aeabi_dsub              $Tramp$TT$L$PI$$__aeabi_dsub
   00001689     00003d20     00003d1c   libc.a : _printfi.c.obj (.text.OUTLINED_FUNCTION_0)

[1 trampolines]
[1 trampoline calls]


GLOBAL SYMBOLS: SORTED ALPHABETICALLY BY Name 

address   name                                 
-------   ----                                 
0000181b  ADC0_IRQHandler                      
0000181b  ADC1_IRQHandler                      
20200170  ADC_VALUE                            
0000181b  AES_IRQHandler                       
00003d5a  C$$EXIT                              
0000181b  CANFD0_IRQHandler                    
0000181b  DAC0_IRQHandler                      
000034dd  DL_ADC12_setClockConfig              
00003d01  DL_Common_delayCycles                
0000336d  DL_DMA_initChannel                   
00003a33  DL_I2C_setClockConfig                
00003b41  DL_SYSCTL_configFCC                  
0000222d  DL_SYSCTL_configSYSPLL               
00003499  DL_SYSCTL_switchMCLKfromSYSOSCtoHSCLK
00001e49  DL_Timer_initFourCCPWMMode           
0000204d  DL_Timer_initTimerMode               
00003b5d  DL_Timer_setCaptCompUpdateMethod     
00003bad  DL_Timer_setCaptureCompareOutCtl     
00003cb9  DL_Timer_setCaptureCompareValue      
00003b79  DL_Timer_setClockConfig              
00003451  DL_UART_init                         
00003c95  DL_UART_setClockConfig               
000037fd  DL_UART_transmitDataBlocking         
00003aa1  DL_VREF_configReference              
0000181b  DMA_IRQHandler                       
0000181b  Default_Handler                      
20200278  Encoder1_Count                       
2020027c  Encoder2_Count                       
0000181b  GROUP0_IRQHandler                    
00002589  GROUP1_IRQHandler                    
00003d5b  HOSTexit                             
0000181b  HardFault_Handler                    
0000181b  I2C0_IRQHandler                      
0000181b  I2C1_IRQHandler                      
00003d0b  MPU6050_GetID                        
00000a91  MPU6050_ReadReg                      
20200290  MPU6050_UpdateFlag                   
00002c65  Motor_Init                           
20200200  Motor_Left                           
2020022c  Motor_Right                          
000024b9  Motor_SetDuty                        
0000181b  NMI_Handler                          
0000181d  No_MCU_Ganv_Sensor_Init              
000028c5  PID_Update                           
0000181b  PendSV_Handler                       
0000181b  RTC_IRQHandler                       
00003d5f  Reset_Handler                        
0000181b  SPI0_IRQHandler                      
0000181b  SPI1_IRQHandler                      
0000181b  SVC_Handler                          
00002f05  SYSCFG_DL_ADC12_0_init               
00003ae5  SYSCFG_DL_DMA_CH0_init               
00003d3b  SYSCFG_DL_DMA_init                   
00001ae5  SYSCFG_DL_GPIO_init                  
0000365d  SYSCFG_DL_MOTOR_PID_init             
00003159  SYSCFG_DL_OLED_init                  
000033b9  SYSCFG_DL_POT_init                   
00002955  SYSCFG_DL_PWM1_init                  
00000fe5  SYSCFG_DL_SYSCTL_SYSPLL_init         
0000264d  SYSCFG_DL_SYSCTL_init                
0000382d  SYSCFG_DL_SYSTICK_init               
00002dc5  SYSCFG_DL_Serial_init                
00003c35  SYSCFG_DL_VREF_init                  
0000351d  SYSCFG_DL_init                       
00002af1  SYSCFG_DL_initPower                  
00002f69  Serial_Printf                        
20200291  Serial_RxFlag                        
202001c0  Serial_RxPacket                      
20200280  SysTick_Count                        
000039bd  SysTick_Handler                      
00002b6d  TIMA0_IRQHandler                     
0000181b  TIMA1_IRQHandler                     
0000181b  TIMG0_IRQHandler                     
0000181b  TIMG12_IRQHandler                    
0000181b  TIMG6_IRQHandler                     
0000181b  TIMG7_IRQHandler                     
0000181b  TIMG8_IRQHandler                     
00002fcd  UART0_IRQHandler                     
0000181b  UART1_IRQHandler                     
0000181b  UART2_IRQHandler                     
0000181b  UART3_IRQHandler                     
20208000  __STACK_END                          
00000200  __STACK_SIZE                         
00000000  __TI_ATRegion0_region_sz             
00000000  __TI_ATRegion0_src_addr              
00000000  __TI_ATRegion0_trg_addr              
00000000  __TI_ATRegion1_region_sz             
00000000  __TI_ATRegion1_src_addr              
00000000  __TI_ATRegion1_trg_addr              
00000000  __TI_ATRegion2_region_sz             
00000000  __TI_ATRegion2_src_addr              
00000000  __TI_ATRegion2_trg_addr              
00003f98  __TI_CINIT_Base                      
00003fa8  __TI_CINIT_Limit                     
00003fa8  __TI_CINIT_Warm                      
00003f84  __TI_Handler_Table_Base              
00003f90  __TI_Handler_Table_Limit             
00003711  __TI_auto_init_nobinit_nopinit       
00002be9  __TI_decompress_lzss                 
00003ca7  __TI_decompress_none                 
00003215  __TI_ltoa                            
ffffffff  __TI_pprof_out_hndl                  
000000c1  __TI_printfi                         
ffffffff  __TI_prof_data_size                  
ffffffff  __TI_prof_data_start                 
00000000  __TI_static_base__                   
00003c0b  __TI_zero_init_nomemset              
00001693  __adddf3                             
000023eb  __addsf3                             
00003d70  __aeabi_ctype_table_                 
00003d70  __aeabi_ctype_table_C                
00002d51  __aeabi_d2f                          
00003405  __aeabi_d2iz                         
00001693  __aeabi_dadd                         
00003031  __aeabi_dcmpeq                       
0000306d  __aeabi_dcmpge                       
00003081  __aeabi_dcmpgt                       
00003059  __aeabi_dcmple                       
00003045  __aeabi_dcmplt                       
00001d3d  __aeabi_ddiv                         
00002149  __aeabi_dmul                         
00001689  __aeabi_dsub                         
20200284  __aeabi_errno                        
00003d45  __aeabi_errno_addr                   
0000359d  __aeabi_f2d                          
000037c5  __aeabi_f2iz                         
000023eb  __aeabi_fadd                         
00003095  __aeabi_fcmpeq                       
000030d1  __aeabi_fcmpge                       
000030e5  __aeabi_fcmpgt                       
000030bd  __aeabi_fcmple                       
000030a9  __aeabi_fcmplt                       
00002a6d  __aeabi_fdiv                         
000029e1  __aeabi_fmul                         
000023e1  __aeabi_fsub                         
00003915  __aeabi_i2d                          
00003699  __aeabi_i2f                          
000032c5  __aeabi_idiv                         
00002aef  __aeabi_idiv0                        
000032c5  __aeabi_idivmod                      
00002f03  __aeabi_ldiv0                        
00003b05  __aeabi_llsl                         
00003a7d  __aeabi_lmul                         
00003cf5  __aeabi_memclr                       
00003cf5  __aeabi_memclr4                      
00003cf5  __aeabi_memclr8                      
00003d4d  __aeabi_memcpy                       
00003d4d  __aeabi_memcpy4                      
00003d4d  __aeabi_memcpy8                      
00003cd9  __aeabi_memset                       
00003cd9  __aeabi_memset4                      
00003cd9  __aeabi_memset8                      
00003a59  __aeabi_ui2d                         
0000355d  __aeabi_uidiv                        
0000355d  __aeabi_uidivmod                     
00003c49  __aeabi_uldivmod                     
00003b05  __ashldi3                            
ffffffff  __binit__                            
00002e35  __cmpdf2                             
0000374d  __cmpsf2                             
00001d3d  __divdf3                             
00002a6d  __divsf3                             
00002e35  __eqdf2                              
0000374d  __eqsf2                              
0000359d  __extendsfdf2                        
00003405  __fixdfsi                            
000037c5  __fixsfsi                            
00003915  __floatsidf                          
00003699  __floatsisf                          
00003a59  __floatunsidf                        
00002cdd  __gedf2                              
000036d5  __gesf2                              
00002cdd  __gtdf2                              
000036d5  __gtsf2                              
00002e35  __ledf2                              
0000374d  __lesf2                              
00002e35  __ltdf2                              
0000374d  __ltsf2                              
UNDEFED   __mpu_init                           
00002149  __muldf3                             
00003a7d  __muldi3                             
00003789  __muldsi3                            
000029e1  __mulsf3                             
00002e35  __nedf2                              
0000374d  __nesf2                              
20207e00  __stack                              
20200000  __start___llvm_prf_bits              
20200000  __start___llvm_prf_cnts              
20200000  __stop___llvm_prf_bits               
20200000  __stop___llvm_prf_cnts               
00001689  __subdf3                             
000023e1  __subsf3                             
00002d51  __truncdfsf2                         
000026f5  __udivmoddi4                         
000039e5  _c_int00_noargs                      
UNDEFED   _system_post_cinit                   
00003d63  _system_pre_init                     
00003d55  abort                                
000035dd  atoi                                 
ffffffff  binit                                
20200258  black                                
00001f4d  calculate_speed                      
00003941  delay_us                             
000031b9  frexp                                
000031b9  frexpl                               
20200000  gMOTOR_PIDBackup                     
00000000  interruptVectors                     
00002309  ldexp                                
00002309  ldexpl                               
00002831  main                                 
00003ac3  memccpy                              
00002797  memcpy                               
000030f7  memset                               
00002309  scalbn                               
00002309  scalbnl                              
202000c0  sensor                               
20200288  speed_1                              
2020028c  speed_2                              
20200293  status                               
0000361d  vsnprintf                            
00003cc9  wcslen                               
20200268  white                                


GLOBAL SYMBOLS: SORTED BY Symbol Address 

address   name                                 
-------   ----                                 
00000000  __TI_ATRegion0_region_sz             
00000000  __TI_ATRegion0_src_addr              
00000000  __TI_ATRegion0_trg_addr              
00000000  __TI_ATRegion1_region_sz             
00000000  __TI_ATRegion1_src_addr              
00000000  __TI_ATRegion1_trg_addr              
00000000  __TI_ATRegion2_region_sz             
00000000  __TI_ATRegion2_src_addr              
00000000  __TI_ATRegion2_trg_addr              
00000000  __TI_static_base__                   
00000000  interruptVectors                     
000000c1  __TI_printfi                         
00000200  __STACK_SIZE                         
00000a91  MPU6050_ReadReg                      
00000fe5  SYSCFG_DL_SYSCTL_SYSPLL_init         
00001689  __aeabi_dsub                         
00001689  __subdf3                             
00001693  __adddf3                             
00001693  __aeabi_dadd                         
0000181b  ADC0_IRQHandler                      
0000181b  ADC1_IRQHandler                      
0000181b  AES_IRQHandler                       
0000181b  CANFD0_IRQHandler                    
0000181b  DAC0_IRQHandler                      
0000181b  DMA_IRQHandler                       
0000181b  Default_Handler                      
0000181b  GROUP0_IRQHandler                    
0000181b  HardFault_Handler                    
0000181b  I2C0_IRQHandler                      
0000181b  I2C1_IRQHandler                      
0000181b  NMI_Handler                          
0000181b  PendSV_Handler                       
0000181b  RTC_IRQHandler                       
0000181b  SPI0_IRQHandler                      
0000181b  SPI1_IRQHandler                      
0000181b  SVC_Handler                          
0000181b  TIMA1_IRQHandler                     
0000181b  TIMG0_IRQHandler                     
0000181b  TIMG12_IRQHandler                    
0000181b  TIMG6_IRQHandler                     
0000181b  TIMG7_IRQHandler                     
0000181b  TIMG8_IRQHandler                     
0000181b  UART1_IRQHandler                     
0000181b  UART2_IRQHandler                     
0000181b  UART3_IRQHandler                     
0000181d  No_MCU_Ganv_Sensor_Init              
00001ae5  SYSCFG_DL_GPIO_init                  
00001d3d  __aeabi_ddiv                         
00001d3d  __divdf3                             
00001e49  DL_Timer_initFourCCPWMMode           
00001f4d  calculate_speed                      
0000204d  DL_Timer_initTimerMode               
00002149  __aeabi_dmul                         
00002149  __muldf3                             
0000222d  DL_SYSCTL_configSYSPLL               
00002309  ldexp                                
00002309  ldexpl                               
00002309  scalbn                               
00002309  scalbnl                              
000023e1  __aeabi_fsub                         
000023e1  __subsf3                             
000023eb  __addsf3                             
000023eb  __aeabi_fadd                         
000024b9  Motor_SetDuty                        
00002589  GROUP1_IRQHandler                    
0000264d  SYSCFG_DL_SYSCTL_init                
000026f5  __udivmoddi4                         
00002797  memcpy                               
00002831  main                                 
000028c5  PID_Update                           
00002955  SYSCFG_DL_PWM1_init                  
000029e1  __aeabi_fmul                         
000029e1  __mulsf3                             
00002a6d  __aeabi_fdiv                         
00002a6d  __divsf3                             
00002aef  __aeabi_idiv0                        
00002af1  SYSCFG_DL_initPower                  
00002b6d  TIMA0_IRQHandler                     
00002be9  __TI_decompress_lzss                 
00002c65  Motor_Init                           
00002cdd  __gedf2                              
00002cdd  __gtdf2                              
00002d51  __aeabi_d2f                          
00002d51  __truncdfsf2                         
00002dc5  SYSCFG_DL_Serial_init                
00002e35  __cmpdf2                             
00002e35  __eqdf2                              
00002e35  __ledf2                              
00002e35  __ltdf2                              
00002e35  __nedf2                              
00002f03  __aeabi_ldiv0                        
00002f05  SYSCFG_DL_ADC12_0_init               
00002f69  Serial_Printf                        
00002fcd  UART0_IRQHandler                     
00003031  __aeabi_dcmpeq                       
00003045  __aeabi_dcmplt                       
00003059  __aeabi_dcmple                       
0000306d  __aeabi_dcmpge                       
00003081  __aeabi_dcmpgt                       
00003095  __aeabi_fcmpeq                       
000030a9  __aeabi_fcmplt                       
000030bd  __aeabi_fcmple                       
000030d1  __aeabi_fcmpge                       
000030e5  __aeabi_fcmpgt                       
000030f7  memset                               
00003159  SYSCFG_DL_OLED_init                  
000031b9  frexp                                
000031b9  frexpl                               
00003215  __TI_ltoa                            
000032c5  __aeabi_idiv                         
000032c5  __aeabi_idivmod                      
0000336d  DL_DMA_initChannel                   
000033b9  SYSCFG_DL_POT_init                   
00003405  __aeabi_d2iz                         
00003405  __fixdfsi                            
00003451  DL_UART_init                         
00003499  DL_SYSCTL_switchMCLKfromSYSOSCtoHSCLK
000034dd  DL_ADC12_setClockConfig              
0000351d  SYSCFG_DL_init                       
0000355d  __aeabi_uidiv                        
0000355d  __aeabi_uidivmod                     
0000359d  __aeabi_f2d                          
0000359d  __extendsfdf2                        
000035dd  atoi                                 
0000361d  vsnprintf                            
0000365d  SYSCFG_DL_MOTOR_PID_init             
00003699  __aeabi_i2f                          
00003699  __floatsisf                          
000036d5  __gesf2                              
000036d5  __gtsf2                              
00003711  __TI_auto_init_nobinit_nopinit       
0000374d  __cmpsf2                             
0000374d  __eqsf2                              
0000374d  __lesf2                              
0000374d  __ltsf2                              
0000374d  __nesf2                              
00003789  __muldsi3                            
000037c5  __aeabi_f2iz                         
000037c5  __fixsfsi                            
000037fd  DL_UART_transmitDataBlocking         
0000382d  SYSCFG_DL_SYSTICK_init               
00003915  __aeabi_i2d                          
00003915  __floatsidf                          
00003941  delay_us                             
000039bd  SysTick_Handler                      
000039e5  _c_int00_noargs                      
00003a33  DL_I2C_setClockConfig                
00003a59  __aeabi_ui2d                         
00003a59  __floatunsidf                        
00003a7d  __aeabi_lmul                         
00003a7d  __muldi3                             
00003aa1  DL_VREF_configReference              
00003ac3  memccpy                              
00003ae5  SYSCFG_DL_DMA_CH0_init               
00003b05  __aeabi_llsl                         
00003b05  __ashldi3                            
00003b41  DL_SYSCTL_configFCC                  
00003b5d  DL_Timer_setCaptCompUpdateMethod     
00003b79  DL_Timer_setClockConfig              
00003bad  DL_Timer_setCaptureCompareOutCtl     
00003c0b  __TI_zero_init_nomemset              
00003c35  SYSCFG_DL_VREF_init                  
00003c49  __aeabi_uldivmod                     
00003c95  DL_UART_setClockConfig               
00003ca7  __TI_decompress_none                 
00003cb9  DL_Timer_setCaptureCompareValue      
00003cc9  wcslen                               
00003cd9  __aeabi_memset                       
00003cd9  __aeabi_memset4                      
00003cd9  __aeabi_memset8                      
00003cf5  __aeabi_memclr                       
00003cf5  __aeabi_memclr4                      
00003cf5  __aeabi_memclr8                      
00003d01  DL_Common_delayCycles                
00003d0b  MPU6050_GetID                        
00003d3b  SYSCFG_DL_DMA_init                   
00003d45  __aeabi_errno_addr                   
00003d4d  __aeabi_memcpy                       
00003d4d  __aeabi_memcpy4                      
00003d4d  __aeabi_memcpy8                      
00003d55  abort                                
00003d5a  C$$EXIT                              
00003d5b  HOSTexit                             
00003d5f  Reset_Handler                        
00003d63  _system_pre_init                     
00003d70  __aeabi_ctype_table_                 
00003d70  __aeabi_ctype_table_C                
00003f84  __TI_Handler_Table_Base              
00003f90  __TI_Handler_Table_Limit             
00003f98  __TI_CINIT_Base                      
00003fa8  __TI_CINIT_Limit                     
00003fa8  __TI_CINIT_Warm                      
20200000  __start___llvm_prf_bits              
20200000  __start___llvm_prf_cnts              
20200000  __stop___llvm_prf_bits               
20200000  __stop___llvm_prf_cnts               
20200000  gMOTOR_PIDBackup                     
202000c0  sensor                               
20200170  ADC_VALUE                            
202001c0  Serial_RxPacket                      
20200200  Motor_Left                           
2020022c  Motor_Right                          
20200258  black                                
20200268  white                                
20200278  Encoder1_Count                       
2020027c  Encoder2_Count                       
20200280  SysTick_Count                        
20200284  __aeabi_errno                        
20200288  speed_1                              
2020028c  speed_2                              
20200290  MPU6050_UpdateFlag                   
20200291  Serial_RxFlag                        
20200293  status                               
20207e00  __stack                              
20208000  __STACK_END                          
ffffffff  __TI_pprof_out_hndl                  
ffffffff  __TI_prof_data_size                  
ffffffff  __TI_prof_data_start                 
ffffffff  __binit__                            
ffffffff  binit                                
UNDEFED   __mpu_init                           
UNDEFED   _system_post_cinit                   

[222 symbols]
